Extracting support files...
09:53:13 **** Incremental Build of configuration Debug for project Bkav_VC01 ****
make -j8 all 
'Building file: ../src/Speex/PlaySpeex.c'
'Building file: ../src/DSpotter/CybModelInfor.c'
'Building file: ../src/DSpotter/DbgTrace.c'
'Building file: ../src/DSpotter/UartMgr.c'
'Invoking: GNU ARM Cross C Compiler'
'Invoking: GNU ARM Cross C Compiler'
'Invoking: GNU ARM Cross C Compiler'
arm-none-eabi-gcc -mcpu=cortex-m4 -mthumb -mfloat-abi=hard -mfpu=fpv4-sp-d16 -O2 -fmessage-length=0 -fsigned-char -ffunction-sections -fdata-sections -Wunused -Wuninitialized -Wall -Wextra -Wmissing-declarations -Wconversion -Wpointer-arith -Wshadow -Wlogical-op -Waggregate-return -Wfloat-equal  -g -D_RENESAS_RA_ -DUART_LOG -I"C:\Users\SonVHc\Desktop\BkavDemo2022101115\01_SourceCode\Bkav_VC01\src" -I"C:\Users\SonVHc\Desktop\BkavDemo2022101115\01_SourceCode\Bkav_VC01\ra\fsp\inc" -I"C:\Users\SonVHc\Desktop\BkavDemo2022101115\01_SourceCode\Bkav_VC01\ra\fsp\inc\api" -I"C:\Users\SonVHc\Desktop\BkavDemo2022101115\01_SourceCode\Bkav_VC01\ra\fsp\inc\instances" -I"C:\Users\SonVHc\Desktop\BkavDemo2022101115\01_SourceCode\Bkav_VC01\ra\arm\CMSIS_5\CMSIS\Core\Include" -I"C:\Users\SonVHc\Desktop\BkavDemo2022101115\01_SourceCode\Bkav_VC01\ra_gen" -I"C:\Users\SonVHc\Desktop\BkavDemo2022101115\01_SourceCode\Bkav_VC01\ra_cfg\fsp_cfg" -I"C:\Users\SonVHc\Desktop\BkavDemo2022101115\01_SourceCode\Bkav_VC01\ra_cfg\fsp_cfg\bsp" -I"C:\Users\SonVHc\Desktop\BkavDemo2022101115\01_SourceCode\Bkav_VC01\src\DSpotter\include" -I"C:\Users\SonVHc\Desktop\BkavDemo2022101115\01_SourceCode\Bkav_VC01\src\Speex\include" -std=c99 -MMD -MP -MF"src/Speex/PlaySpeex.d" -MT"src/Speex/PlaySpeex.o" -c -o "src/Speex/PlaySpeex.o" -x c "../src/Speex/PlaySpeex.c"
arm-none-eabi-gcc -mcpu=cortex-m4 -mthumb -mfloat-abi=hard -mfpu=fpv4-sp-d16 -O2 -fmessage-length=0 -fsigned-char -ffunction-sections -fdata-sections -Wunused -Wuninitialized -Wall -Wextra -Wmissing-declarations -Wconversion -Wpointer-arith -Wshadow -Wlogical-op -Waggregate-return -Wfloat-equal  -g -D_RENESAS_RA_ -DUART_LOG -I"C:\Users\SonVHc\Desktop\BkavDemo2022101115\01_SourceCode\Bkav_VC01\src" -I"C:\Users\SonVHc\Desktop\BkavDemo2022101115\01_SourceCode\Bkav_VC01\ra\fsp\inc" -I"C:\Users\SonVHc\Desktop\BkavDemo2022101115\01_SourceCode\Bkav_VC01\ra\fsp\inc\api" -I"C:\Users\SonVHc\Desktop\BkavDemo2022101115\01_SourceCode\Bkav_VC01\ra\fsp\inc\instances" -I"C:\Users\SonVHc\Desktop\BkavDemo2022101115\01_SourceCode\Bkav_VC01\ra\arm\CMSIS_5\CMSIS\Core\Include" -I"C:\Users\SonVHc\Desktop\BkavDemo2022101115\01_SourceCode\Bkav_VC01\ra_gen" -I"C:\Users\SonVHc\Desktop\BkavDemo2022101115\01_SourceCode\Bkav_VC01\ra_cfg\fsp_cfg" -I"C:\Users\SonVHc\Desktop\BkavDemo2022101115\01_SourceCode\Bkav_VC01\ra_cfg\fsp_cfg\bsp" -I"C:\Users\SonVHc\Desktop\BkavDemo2022101115\01_SourceCode\Bkav_VC01\src\DSpotter\include" -I"C:\Users\SonVHc\Desktop\BkavDemo2022101115\01_SourceCode\Bkav_VC01\src\Speex\include" -std=c99 -MMD -MP -MF"src/DSpotter/CybModelInfor.d" -MT"src/DSpotter/CybModelInfor.o" -c -o "src/DSpotter/CybModelInfor.o" -x c "../src/DSpotter/CybModelInfor.c"
arm-none-eabi-gcc -mcpu=cortex-m4 -mthumb -mfloat-abi=hard -mfpu=fpv4-sp-d16 -O2 -fmessage-length=0 -fsigned-char -ffunction-sections -fdata-sections -Wunused -Wuninitialized -Wall -Wextra -Wmissing-declarations -Wconversion -Wpointer-arith -Wshadow -Wlogical-op -Waggregate-return -Wfloat-equal  -g -D_RENESAS_RA_ -DUART_LOG -I"C:\Users\SonVHc\Desktop\BkavDemo2022101115\01_SourceCode\Bkav_VC01\src" -I"C:\Users\SonVHc\Desktop\BkavDemo2022101115\01_SourceCode\Bkav_VC01\ra\fsp\inc" -I"C:\Users\SonVHc\Desktop\BkavDemo2022101115\01_SourceCode\Bkav_VC01\ra\fsp\inc\api" -I"C:\Users\SonVHc\Desktop\BkavDemo2022101115\01_SourceCode\Bkav_VC01\ra\fsp\inc\instances" -I"C:\Users\SonVHc\Desktop\BkavDemo2022101115\01_SourceCode\Bkav_VC01\ra\arm\CMSIS_5\CMSIS\Core\Include" -I"C:\Users\SonVHc\Desktop\BkavDemo2022101115\01_SourceCode\Bkav_VC01\ra_gen" -I"C:\Users\SonVHc\Desktop\BkavDemo2022101115\01_SourceCode\Bkav_VC01\ra_cfg\fsp_cfg" -I"C:\Users\SonVHc\Desktop\BkavDemo2022101115\01_SourceCode\Bkav_VC01\ra_cfg\fsp_cfg\bsp" -I"C:\Users\SonVHc\Desktop\BkavDemo2022101115\01_SourceCode\Bkav_VC01\src\DSpotter\include" -I"C:\Users\SonVHc\Desktop\BkavDemo2022101115\01_SourceCode\Bkav_VC01\src\Speex\include" -std=c99 -MMD -MP -MF"src/DSpotter/DbgTrace.d" -MT"src/DSpotter/DbgTrace.o" -c -o "src/DSpotter/DbgTrace.o" -x c "../src/DSpotter/DbgTrace.c"
'Invoking: GNU ARM Cross C Compiler'
'Building file: ../src/hal_entry.c'
arm-none-eabi-gcc -mcpu=cortex-m4 -mthumb -mfloat-abi=hard -mfpu=fpv4-sp-d16 -O2 -fmessage-length=0 -fsigned-char -ffunction-sections -fdata-sections -Wunused -Wuninitialized -Wall -Wextra -Wmissing-declarations -Wconversion -Wpointer-arith -Wshadow -Wlogical-op -Waggregate-return -Wfloat-equal  -g -D_RENESAS_RA_ -DUART_LOG -I"C:\Users\SonVHc\Desktop\BkavDemo2022101115\01_SourceCode\Bkav_VC01\src" -I"C:\Users\SonVHc\Desktop\BkavDemo2022101115\01_SourceCode\Bkav_VC01\ra\fsp\inc" -I"C:\Users\SonVHc\Desktop\BkavDemo2022101115\01_SourceCode\Bkav_VC01\ra\fsp\inc\api" -I"C:\Users\SonVHc\Desktop\BkavDemo2022101115\01_SourceCode\Bkav_VC01\ra\fsp\inc\instances" -I"C:\Users\SonVHc\Desktop\BkavDemo2022101115\01_SourceCode\Bkav_VC01\ra\arm\CMSIS_5\CMSIS\Core\Include" -I"C:\Users\SonVHc\Desktop\BkavDemo2022101115\01_SourceCode\Bkav_VC01\ra_gen" -I"C:\Users\SonVHc\Desktop\BkavDemo2022101115\01_SourceCode\Bkav_VC01\ra_cfg\fsp_cfg" -I"C:\Users\SonVHc\Desktop\BkavDemo2022101115\01_SourceCode\Bkav_VC01\ra_cfg\fsp_cfg\bsp" -I"C:\Users\SonVHc\Desktop\BkavDemo2022101115\01_SourceCode\Bkav_VC01\src\DSpotter\include" -I"C:\Users\SonVHc\Desktop\BkavDemo2022101115\01_SourceCode\Bkav_VC01\src\Speex\include" -std=c99 -MMD -MP -MF"src/DSpotter/UartMgr.d" -MT"src/DSpotter/UartMgr.o" -c -o "src/DSpotter/UartMgr.o" -x c "../src/DSpotter/UartMgr.c"
'Building file: ../src/voice_main.c'
'Invoking: GNU ARM Cross C Compiler'
arm-none-eabi-gcc -mcpu=cortex-m4 -mthumb -mfloat-abi=hard -mfpu=fpv4-sp-d16 -O2 -fmessage-length=0 -fsigned-char -ffunction-sections -fdata-sections -Wunused -Wuninitialized -Wall -Wextra -Wmissing-declarations -Wconversion -Wpointer-arith -Wshadow -Wlogical-op -Waggregate-return -Wfloat-equal  -g -D_RENESAS_RA_ -DUART_LOG -I"C:\Users\SonVHc\Desktop\BkavDemo2022101115\01_SourceCode\Bkav_VC01\src" -I"C:\Users\SonVHc\Desktop\BkavDemo2022101115\01_SourceCode\Bkav_VC01\ra\fsp\inc" -I"C:\Users\SonVHc\Desktop\BkavDemo2022101115\01_SourceCode\Bkav_VC01\ra\fsp\inc\api" -I"C:\Users\SonVHc\Desktop\BkavDemo2022101115\01_SourceCode\Bkav_VC01\ra\fsp\inc\instances" -I"C:\Users\SonVHc\Desktop\BkavDemo2022101115\01_SourceCode\Bkav_VC01\ra\arm\CMSIS_5\CMSIS\Core\Include" -I"C:\Users\SonVHc\Desktop\BkavDemo2022101115\01_SourceCode\Bkav_VC01\ra_gen" -I"C:\Users\SonVHc\Desktop\BkavDemo2022101115\01_SourceCode\Bkav_VC01\ra_cfg\fsp_cfg" -I"C:\Users\SonVHc\Desktop\BkavDemo2022101115\01_SourceCode\Bkav_VC01\ra_cfg\fsp_cfg\bsp" -I"C:\Users\SonVHc\Desktop\BkavDemo2022101115\01_SourceCode\Bkav_VC01\src\DSpotter\include" -I"C:\Users\SonVHc\Desktop\BkavDemo2022101115\01_SourceCode\Bkav_VC01\src\Speex\include" -std=c99 -MMD -MP -MF"src/hal_entry.d" -MT"src/hal_entry.o" -c -o "src/hal_entry.o" -x c "../src/hal_entry.c"
'Invoking: GNU ARM Cross C Compiler'
'Building file: ../ra_gen/common_data.c'
arm-none-eabi-gcc -mcpu=cortex-m4 -mthumb -mfloat-abi=hard -mfpu=fpv4-sp-d16 -O2 -fmessage-length=0 -fsigned-char -ffunction-sections -fdata-sections -Wunused -Wuninitialized -Wall -Wextra -Wmissing-declarations -Wconversion -Wpointer-arith -Wshadow -Wlogical-op -Waggregate-return -Wfloat-equal  -g -D_RENESAS_RA_ -DUART_LOG -I"C:\Users\SonVHc\Desktop\BkavDemo2022101115\01_SourceCode\Bkav_VC01\src" -I"C:\Users\SonVHc\Desktop\BkavDemo2022101115\01_SourceCode\Bkav_VC01\ra\fsp\inc" -I"C:\Users\SonVHc\Desktop\BkavDemo2022101115\01_SourceCode\Bkav_VC01\ra\fsp\inc\api" -I"C:\Users\SonVHc\Desktop\BkavDemo2022101115\01_SourceCode\Bkav_VC01\ra\fsp\inc\instances" -I"C:\Users\SonVHc\Desktop\BkavDemo2022101115\01_SourceCode\Bkav_VC01\ra\arm\CMSIS_5\CMSIS\Core\Include" -I"C:\Users\SonVHc\Desktop\BkavDemo2022101115\01_SourceCode\Bkav_VC01\ra_gen" -I"C:\Users\SonVHc\Desktop\BkavDemo2022101115\01_SourceCode\Bkav_VC01\ra_cfg\fsp_cfg" -I"C:\Users\SonVHc\Desktop\BkavDemo2022101115\01_SourceCode\Bkav_VC01\ra_cfg\fsp_cfg\bsp" -I"C:\Users\SonVHc\Desktop\BkavDemo2022101115\01_SourceCode\Bkav_VC01\src\DSpotter\include" -I"C:\Users\SonVHc\Desktop\BkavDemo2022101115\01_SourceCode\Bkav_VC01\src\Speex\include" -std=c99 -MMD -MP -MF"src/voice_main.d" -MT"src/voice_main.o" -c -o "src/voice_main.o" -x c "../src/voice_main.c"
'Invoking: GNU ARM Cross C Compiler'
arm-none-eabi-gcc -mcpu=cortex-m4 -mthumb -mfloat-abi=hard -mfpu=fpv4-sp-d16 -O2 -fmessage-length=0 -fsigned-char -ffunction-sections -fdata-sections -Wunused -Wuninitialized -Wall -Wextra -Wmissing-declarations -Wconversion -Wpointer-arith -Wshadow -Wlogical-op -Waggregate-return -Wfloat-equal  -g -D_RENESAS_RA_ -DUART_LOG -I"C:\Users\SonVHc\Desktop\BkavDemo2022101115\01_SourceCode\Bkav_VC01\src" -I"C:\Users\SonVHc\Desktop\BkavDemo2022101115\01_SourceCode\Bkav_VC01\ra\fsp\inc" -I"C:\Users\SonVHc\Desktop\BkavDemo2022101115\01_SourceCode\Bkav_VC01\ra\fsp\inc\api" -I"C:\Users\SonVHc\Desktop\BkavDemo2022101115\01_SourceCode\Bkav_VC01\ra\fsp\inc\instances" -I"C:\Users\SonVHc\Desktop\BkavDemo2022101115\01_SourceCode\Bkav_VC01\ra\arm\CMSIS_5\CMSIS\Core\Include" -I"C:\Users\SonVHc\Desktop\BkavDemo2022101115\01_SourceCode\Bkav_VC01\ra_gen" -I"C:\Users\SonVHc\Desktop\BkavDemo2022101115\01_SourceCode\Bkav_VC01\ra_cfg\fsp_cfg" -I"C:\Users\SonVHc\Desktop\BkavDemo2022101115\01_SourceCode\Bkav_VC01\ra_cfg\fsp_cfg\bsp" -I"C:\Users\SonVHc\Desktop\BkavDemo2022101115\01_SourceCode\Bkav_VC01\src\DSpotter\include" -I"C:\Users\SonVHc\Desktop\BkavDemo2022101115\01_SourceCode\Bkav_VC01\src\Speex\include" -std=c99 -MMD -MP -MF"ra_gen/common_data.d" -MT"ra_gen/common_data.o" -c -o "ra_gen/common_data.o" -x c "../ra_gen/common_data.c"
'Building file: ../ra_gen/hal_data.c'
'Invoking: GNU ARM Cross C Compiler'
arm-none-eabi-gcc -mcpu=cortex-m4 -mthumb -mfloat-abi=hard -mfpu=fpv4-sp-d16 -O2 -fmessage-length=0 -fsigned-char -ffunction-sections -fdata-sections -Wunused -Wuninitialized -Wall -Wextra -Wmissing-declarations -Wconversion -Wpointer-arith -Wshadow -Wlogical-op -Waggregate-return -Wfloat-equal  -g -D_RENESAS_RA_ -DUART_LOG -I"C:\Users\SonVHc\Desktop\BkavDemo2022101115\01_SourceCode\Bkav_VC01\src" -I"C:\Users\SonVHc\Desktop\BkavDemo2022101115\01_SourceCode\Bkav_VC01\ra\fsp\inc" -I"C:\Users\SonVHc\Desktop\BkavDemo2022101115\01_SourceCode\Bkav_VC01\ra\fsp\inc\api" -I"C:\Users\SonVHc\Desktop\BkavDemo2022101115\01_SourceCode\Bkav_VC01\ra\fsp\inc\instances" -I"C:\Users\SonVHc\Desktop\BkavDemo2022101115\01_SourceCode\Bkav_VC01\ra\arm\CMSIS_5\CMSIS\Core\Include" -I"C:\Users\SonVHc\Desktop\BkavDemo2022101115\01_SourceCode\Bkav_VC01\ra_gen" -I"C:\Users\SonVHc\Desktop\BkavDemo2022101115\01_SourceCode\Bkav_VC01\ra_cfg\fsp_cfg" -I"C:\Users\SonVHc\Desktop\BkavDemo2022101115\01_SourceCode\Bkav_VC01\ra_cfg\fsp_cfg\bsp" -I"C:\Users\SonVHc\Desktop\BkavDemo2022101115\01_SourceCode\Bkav_VC01\src\DSpotter\include" -I"C:\Users\SonVHc\Desktop\BkavDemo2022101115\01_SourceCode\Bkav_VC01\src\Speex\include" -std=c99 -MMD -MP -MF"ra_gen/hal_data.d" -MT"ra_gen/hal_data.o" -c -o "ra_gen/hal_data.o" -x c "../ra_gen/hal_data.c"
'Finished building: ../ra_gen/common_data.c'
'Finished building: ../src/DSpotter/CybModelInfor.c'
'Finished building: ../src/Speex/PlaySpeex.c'
'Finished building: ../src/DSpotter/DbgTrace.c'
'Finished building: ../src/DSpotter/UartMgr.c'
'Finished building: ../src/hal_entry.c'
'Finished building: ../ra_gen/hal_data.c'
'Finished building: ../src/voice_main.c'
' '
' '
' '
' '
' '
' '
' '
' '
'Building file: ../ra_gen/main.c'
'Building file: ../ra_gen/pin_data.c'
'Invoking: GNU ARM Cross C Compiler'
'Invoking: GNU ARM Cross C Compiler'
arm-none-eabi-gcc -mcpu=cortex-m4 -mthumb -mfloat-abi=hard -mfpu=fpv4-sp-d16 -O2 -fmessage-length=0 -fsigned-char -ffunction-sections -fdata-sections -Wunused -Wuninitialized -Wall -Wextra -Wmissing-declarations -Wconversion -Wpointer-arith -Wshadow -Wlogical-op -Waggregate-return -Wfloat-equal  -g -D_RENESAS_RA_ -DUART_LOG -I"C:\Users\SonVHc\Desktop\BkavDemo2022101115\01_SourceCode\Bkav_VC01\src" -I"C:\Users\SonVHc\Desktop\BkavDemo2022101115\01_SourceCode\Bkav_VC01\ra\fsp\inc" -I"C:\Users\SonVHc\Desktop\BkavDemo2022101115\01_SourceCode\Bkav_VC01\ra\fsp\inc\api" -I"C:\Users\SonVHc\Desktop\BkavDemo2022101115\01_SourceCode\Bkav_VC01\ra\fsp\inc\instances" -I"C:\Users\SonVHc\Desktop\BkavDemo2022101115\01_SourceCode\Bkav_VC01\ra\arm\CMSIS_5\CMSIS\Core\Include" -I"C:\Users\SonVHc\Desktop\BkavDemo2022101115\01_SourceCode\Bkav_VC01\ra_gen" -I"C:\Users\SonVHc\Desktop\BkavDemo2022101115\01_SourceCode\Bkav_VC01\ra_cfg\fsp_cfg" -I"C:\Users\SonVHc\Desktop\BkavDemo2022101115\01_SourceCode\Bkav_VC01\ra_cfg\fsp_cfg\bsp" -I"C:\Users\SonVHc\Desktop\BkavDemo2022101115\01_SourceCode\Bkav_VC01\src\DSpotter\include" -I"C:\Users\SonVHc\Desktop\BkavDemo2022101115\01_SourceCode\Bkav_VC01\src\Speex\include" -std=c99 -MMD -MP -MF"ra_gen/main.d" -MT"ra_gen/main.o" -c -o "ra_gen/main.o" -x c "../ra_gen/main.c"
arm-none-eabi-gcc -mcpu=cortex-m4 -mthumb -mfloat-abi=hard -mfpu=fpv4-sp-d16 -O2 -fmessage-length=0 -fsigned-char -ffunction-sections -fdata-sections -Wunused -Wuninitialized -Wall -Wextra -Wmissing-declarations -Wconversion -Wpointer-arith -Wshadow -Wlogical-op -Waggregate-return -Wfloat-equal  -g -D_RENESAS_RA_ -DUART_LOG -I"C:\Users\SonVHc\Desktop\BkavDemo2022101115\01_SourceCode\Bkav_VC01\src" -I"C:\Users\SonVHc\Desktop\BkavDemo2022101115\01_SourceCode\Bkav_VC01\ra\fsp\inc" -I"C:\Users\SonVHc\Desktop\BkavDemo2022101115\01_SourceCode\Bkav_VC01\ra\fsp\inc\api" -I"C:\Users\SonVHc\Desktop\BkavDemo2022101115\01_SourceCode\Bkav_VC01\ra\fsp\inc\instances" -I"C:\Users\SonVHc\Desktop\BkavDemo2022101115\01_SourceCode\Bkav_VC01\ra\arm\CMSIS_5\CMSIS\Core\Include" -I"C:\Users\SonVHc\Desktop\BkavDemo2022101115\01_SourceCode\Bkav_VC01\ra_gen" -I"C:\Users\SonVHc\Desktop\BkavDemo2022101115\01_SourceCode\Bkav_VC01\ra_cfg\fsp_cfg" -I"C:\Users\SonVHc\Desktop\BkavDemo2022101115\01_SourceCode\Bkav_VC01\ra_cfg\fsp_cfg\bsp" -I"C:\Users\SonVHc\Desktop\BkavDemo2022101115\01_SourceCode\Bkav_VC01\src\DSpotter\include" -I"C:\Users\SonVHc\Desktop\BkavDemo2022101115\01_SourceCode\Bkav_VC01\src\Speex\include" -std=c99 -MMD -MP -MF"ra_gen/pin_data.d" -MT"ra_gen/pin_data.o" -c -o "ra_gen/pin_data.o" -x c "../ra_gen/pin_data.c"
'Building file: ../ra_gen/vector_data.c'
'Building file: ../ra/fsp/src/r_spi/r_spi.c'
'Invoking: GNU ARM Cross C Compiler'
arm-none-eabi-gcc -mcpu=cortex-m4 -mthumb -mfloat-abi=hard -mfpu=fpv4-sp-d16 -O2 -fmessage-length=0 -fsigned-char -ffunction-sections -fdata-sections -Wunused -Wuninitialized -Wall -Wextra -Wmissing-declarations -Wconversion -Wpointer-arith -Wshadow -Wlogical-op -Waggregate-return -Wfloat-equal  -g -D_RENESAS_RA_ -DUART_LOG -I"C:\Users\SonVHc\Desktop\BkavDemo2022101115\01_SourceCode\Bkav_VC01\src" -I"C:\Users\SonVHc\Desktop\BkavDemo2022101115\01_SourceCode\Bkav_VC01\ra\fsp\inc" -I"C:\Users\SonVHc\Desktop\BkavDemo2022101115\01_SourceCode\Bkav_VC01\ra\fsp\inc\api" -I"C:\Users\SonVHc\Desktop\BkavDemo2022101115\01_SourceCode\Bkav_VC01\ra\fsp\inc\instances" -I"C:\Users\SonVHc\Desktop\BkavDemo2022101115\01_SourceCode\Bkav_VC01\ra\arm\CMSIS_5\CMSIS\Core\Include" -I"C:\Users\SonVHc\Desktop\BkavDemo2022101115\01_SourceCode\Bkav_VC01\ra_gen" -I"C:\Users\SonVHc\Desktop\BkavDemo2022101115\01_SourceCode\Bkav_VC01\ra_cfg\fsp_cfg" -I"C:\Users\SonVHc\Desktop\BkavDemo2022101115\01_SourceCode\Bkav_VC01\ra_cfg\fsp_cfg\bsp" -I"C:\Users\SonVHc\Desktop\BkavDemo2022101115\01_SourceCode\Bkav_VC01\src\DSpotter\include" -I"C:\Users\SonVHc\Desktop\BkavDemo2022101115\01_SourceCode\Bkav_VC01\src\Speex\include" -std=c99 -MMD -MP -MF"ra_gen/vector_data.d" -MT"ra_gen/vector_data.o" -c -o "ra_gen/vector_data.o" -x c "../ra_gen/vector_data.c"
'Invoking: GNU ARM Cross C Compiler'
arm-none-eabi-gcc -mcpu=cortex-m4 -mthumb -mfloat-abi=hard -mfpu=fpv4-sp-d16 -O2 -fmessage-length=0 -fsigned-char -ffunction-sections -fdata-sections -Wunused -Wuninitialized -Wall -Wextra -Wmissing-declarations -Wconversion -Wpointer-arith -Wshadow -Wlogical-op -Waggregate-return -Wfloat-equal  -g -D_RENESAS_RA_ -DUART_LOG -I"C:\Users\SonVHc\Desktop\BkavDemo2022101115\01_SourceCode\Bkav_VC01\src" -I"C:\Users\SonVHc\Desktop\BkavDemo2022101115\01_SourceCode\Bkav_VC01\ra\fsp\inc" -I"C:\Users\SonVHc\Desktop\BkavDemo2022101115\01_SourceCode\Bkav_VC01\ra\fsp\inc\api" -I"C:\Users\SonVHc\Desktop\BkavDemo2022101115\01_SourceCode\Bkav_VC01\ra\fsp\inc\instances" -I"C:\Users\SonVHc\Desktop\BkavDemo2022101115\01_SourceCode\Bkav_VC01\ra\arm\CMSIS_5\CMSIS\Core\Include" -I"C:\Users\SonVHc\Desktop\BkavDemo2022101115\01_SourceCode\Bkav_VC01\ra_gen" -I"C:\Users\SonVHc\Desktop\BkavDemo2022101115\01_SourceCode\Bkav_VC01\ra_cfg\fsp_cfg" -I"C:\Users\SonVHc\Desktop\BkavDemo2022101115\01_SourceCode\Bkav_VC01\ra_cfg\fsp_cfg\bsp" -I"C:\Users\SonVHc\Desktop\BkavDemo2022101115\01_SourceCode\Bkav_VC01\src\DSpotter\include" -I"C:\Users\SonVHc\Desktop\BkavDemo2022101115\01_SourceCode\Bkav_VC01\src\Speex\include" -std=c99 -MMD -MP -MF"ra/fsp/src/r_spi/r_spi.d" -MT"ra/fsp/src/r_spi/r_spi.o" -c -o "ra/fsp/src/r_spi/r_spi.o" -x c "../ra/fsp/src/r_spi/r_spi.c"
'Building file: ../ra/fsp/src/r_sci_uart/r_sci_uart.c'
'Building file: ../ra/fsp/src/r_poeg/r_poeg.c'
'Invoking: GNU ARM Cross C Compiler'
'Invoking: GNU ARM Cross C Compiler'
arm-none-eabi-gcc -mcpu=cortex-m4 -mthumb -mfloat-abi=hard -mfpu=fpv4-sp-d16 -O2 -fmessage-length=0 -fsigned-char -ffunction-sections -fdata-sections -Wunused -Wuninitialized -Wall -Wextra -Wmissing-declarations -Wconversion -Wpointer-arith -Wshadow -Wlogical-op -Waggregate-return -Wfloat-equal  -g -D_RENESAS_RA_ -DUART_LOG -I"C:\Users\SonVHc\Desktop\BkavDemo2022101115\01_SourceCode\Bkav_VC01\src" -I"C:\Users\SonVHc\Desktop\BkavDemo2022101115\01_SourceCode\Bkav_VC01\ra\fsp\inc" -I"C:\Users\SonVHc\Desktop\BkavDemo2022101115\01_SourceCode\Bkav_VC01\ra\fsp\inc\api" -I"C:\Users\SonVHc\Desktop\BkavDemo2022101115\01_SourceCode\Bkav_VC01\ra\fsp\inc\instances" -I"C:\Users\SonVHc\Desktop\BkavDemo2022101115\01_SourceCode\Bkav_VC01\ra\arm\CMSIS_5\CMSIS\Core\Include" -I"C:\Users\SonVHc\Desktop\BkavDemo2022101115\01_SourceCode\Bkav_VC01\ra_gen" -I"C:\Users\SonVHc\Desktop\BkavDemo2022101115\01_SourceCode\Bkav_VC01\ra_cfg\fsp_cfg" -I"C:\Users\SonVHc\Desktop\BkavDemo2022101115\01_SourceCode\Bkav_VC01\ra_cfg\fsp_cfg\bsp" -I"C:\Users\SonVHc\Desktop\BkavDemo2022101115\01_SourceCode\Bkav_VC01\src\DSpotter\include" -I"C:\Users\SonVHc\Desktop\BkavDemo2022101115\01_SourceCode\Bkav_VC01\src\Speex\include" -std=c99 -MMD -MP -MF"ra/fsp/src/r_sci_uart/r_sci_uart.d" -MT"ra/fsp/src/r_sci_uart/r_sci_uart.o" -c -o "ra/fsp/src/r_sci_uart/r_sci_uart.o" -x c "../ra/fsp/src/r_sci_uart/r_sci_uart.c"
arm-none-eabi-gcc -mcpu=cortex-m4 -mthumb -mfloat-abi=hard -mfpu=fpv4-sp-d16 -O2 -fmessage-length=0 -fsigned-char -ffunction-sections -fdata-sections -Wunused -Wuninitialized -Wall -Wextra -Wmissing-declarations -Wconversion -Wpointer-arith -Wshadow -Wlogical-op -Waggregate-return -Wfloat-equal  -g -D_RENESAS_RA_ -DUART_LOG -I"C:\Users\SonVHc\Desktop\BkavDemo2022101115\01_SourceCode\Bkav_VC01\src" -I"C:\Users\SonVHc\Desktop\BkavDemo2022101115\01_SourceCode\Bkav_VC01\ra\fsp\inc" -I"C:\Users\SonVHc\Desktop\BkavDemo2022101115\01_SourceCode\Bkav_VC01\ra\fsp\inc\api" -I"C:\Users\SonVHc\Desktop\BkavDemo2022101115\01_SourceCode\Bkav_VC01\ra\fsp\inc\instances" -I"C:\Users\SonVHc\Desktop\BkavDemo2022101115\01_SourceCode\Bkav_VC01\ra\arm\CMSIS_5\CMSIS\Core\Include" -I"C:\Users\SonVHc\Desktop\BkavDemo2022101115\01_SourceCode\Bkav_VC01\ra_gen" -I"C:\Users\SonVHc\Desktop\BkavDemo2022101115\01_SourceCode\Bkav_VC01\ra_cfg\fsp_cfg" -I"C:\Users\SonVHc\Desktop\BkavDemo2022101115\01_SourceCode\Bkav_VC01\ra_cfg\fsp_cfg\bsp" -I"C:\Users\SonVHc\Desktop\BkavDemo2022101115\01_SourceCode\Bkav_VC01\src\DSpotter\include" -I"C:\Users\SonVHc\Desktop\BkavDemo2022101115\01_SourceCode\Bkav_VC01\src\Speex\include" -std=c99 -MMD -MP -MF"ra/fsp/src/r_poeg/r_poeg.d" -MT"ra/fsp/src/r_poeg/r_poeg.o" -c -o "ra/fsp/src/r_poeg/r_poeg.o" -x c "../ra/fsp/src/r_poeg/r_poeg.c"
'Building file: ../ra/fsp/src/r_ioport/r_ioport.c'
'Building file: ../ra/fsp/src/r_icu/r_icu.c'
'Invoking: GNU ARM Cross C Compiler'
'Invoking: GNU ARM Cross C Compiler'
arm-none-eabi-gcc -mcpu=cortex-m4 -mthumb -mfloat-abi=hard -mfpu=fpv4-sp-d16 -O2 -fmessage-length=0 -fsigned-char -ffunction-sections -fdata-sections -Wunused -Wuninitialized -Wall -Wextra -Wmissing-declarations -Wconversion -Wpointer-arith -Wshadow -Wlogical-op -Waggregate-return -Wfloat-equal  -g -D_RENESAS_RA_ -DUART_LOG -I"C:\Users\SonVHc\Desktop\BkavDemo2022101115\01_SourceCode\Bkav_VC01\src" -I"C:\Users\SonVHc\Desktop\BkavDemo2022101115\01_SourceCode\Bkav_VC01\ra\fsp\inc" -I"C:\Users\SonVHc\Desktop\BkavDemo2022101115\01_SourceCode\Bkav_VC01\ra\fsp\inc\api" -I"C:\Users\SonVHc\Desktop\BkavDemo2022101115\01_SourceCode\Bkav_VC01\ra\fsp\inc\instances" -I"C:\Users\SonVHc\Desktop\BkavDemo2022101115\01_SourceCode\Bkav_VC01\ra\arm\CMSIS_5\CMSIS\Core\Include" -I"C:\Users\SonVHc\Desktop\BkavDemo2022101115\01_SourceCode\Bkav_VC01\ra_gen" -I"C:\Users\SonVHc\Desktop\BkavDemo2022101115\01_SourceCode\Bkav_VC01\ra_cfg\fsp_cfg" -I"C:\Users\SonVHc\Desktop\BkavDemo2022101115\01_SourceCode\Bkav_VC01\ra_cfg\fsp_cfg\bsp" -I"C:\Users\SonVHc\Desktop\BkavDemo2022101115\01_SourceCode\Bkav_VC01\src\DSpotter\include" -I"C:\Users\SonVHc\Desktop\BkavDemo2022101115\01_SourceCode\Bkav_VC01\src\Speex\include" -std=c99 -MMD -MP -MF"ra/fsp/src/r_ioport/r_ioport.d" -MT"ra/fsp/src/r_ioport/r_ioport.o" -c -o "ra/fsp/src/r_ioport/r_ioport.o" -x c "../ra/fsp/src/r_ioport/r_ioport.c"
'Finished building: ../ra_gen/pin_data.c'
arm-none-eabi-gcc -mcpu=cortex-m4 -mthumb -mfloat-abi=hard -mfpu=fpv4-sp-d16 -O2 -fmessage-length=0 -fsigned-char -ffunction-sections -fdata-sections -Wunused -Wuninitialized -Wall -Wextra -Wmissing-declarations -Wconversion -Wpointer-arith -Wshadow -Wlogical-op -Waggregate-return -Wfloat-equal  -g -D_RENESAS_RA_ -DUART_LOG -I"C:\Users\SonVHc\Desktop\BkavDemo2022101115\01_SourceCode\Bkav_VC01\src" -I"C:\Users\SonVHc\Desktop\BkavDemo2022101115\01_SourceCode\Bkav_VC01\ra\fsp\inc" -I"C:\Users\SonVHc\Desktop\BkavDemo2022101115\01_SourceCode\Bkav_VC01\ra\fsp\inc\api" -I"C:\Users\SonVHc\Desktop\BkavDemo2022101115\01_SourceCode\Bkav_VC01\ra\fsp\inc\instances" -I"C:\Users\SonVHc\Desktop\BkavDemo2022101115\01_SourceCode\Bkav_VC01\ra\arm\CMSIS_5\CMSIS\Core\Include" -I"C:\Users\SonVHc\Desktop\BkavDemo2022101115\01_SourceCode\Bkav_VC01\ra_gen" -I"C:\Users\SonVHc\Desktop\BkavDemo2022101115\01_SourceCode\Bkav_VC01\ra_cfg\fsp_cfg" -I"C:\Users\SonVHc\Desktop\BkavDemo2022101115\01_SourceCode\Bkav_VC01\ra_cfg\fsp_cfg\bsp" -I"C:\Users\SonVHc\Desktop\BkavDemo2022101115\01_SourceCode\Bkav_VC01\src\DSpotter\include" -I"C:\Users\SonVHc\Desktop\BkavDemo2022101115\01_SourceCode\Bkav_VC01\src\Speex\include" -std=c99 -MMD -MP -MF"ra/fsp/src/r_icu/r_icu.d" -MT"ra/fsp/src/r_icu/r_icu.o" -c -o "ra/fsp/src/r_icu/r_icu.o" -x c "../ra/fsp/src/r_icu/r_icu.c"
'Finished building: ../ra_gen/main.c'
' '
'Finished building: ../ra_gen/vector_data.c'
' '
'Building file: ../ra/fsp/src/r_gpt/r_gpt.c'
' '
'Building file: ../ra/fsp/src/r_flash_hp/r_flash_hp.c'
'Invoking: GNU ARM Cross C Compiler'
'Building file: ../ra/fsp/src/r_dtc/r_dtc.c'
arm-none-eabi-gcc -mcpu=cortex-m4 -mthumb -mfloat-abi=hard -mfpu=fpv4-sp-d16 -O2 -fmessage-length=0 -fsigned-char -ffunction-sections -fdata-sections -Wunused -Wuninitialized -Wall -Wextra -Wmissing-declarations -Wconversion -Wpointer-arith -Wshadow -Wlogical-op -Waggregate-return -Wfloat-equal  -g -D_RENESAS_RA_ -DUART_LOG -I"C:\Users\SonVHc\Desktop\BkavDemo2022101115\01_SourceCode\Bkav_VC01\src" -I"C:\Users\SonVHc\Desktop\BkavDemo2022101115\01_SourceCode\Bkav_VC01\ra\fsp\inc" -I"C:\Users\SonVHc\Desktop\BkavDemo2022101115\01_SourceCode\Bkav_VC01\ra\fsp\inc\api" -I"C:\Users\SonVHc\Desktop\BkavDemo2022101115\01_SourceCode\Bkav_VC01\ra\fsp\inc\instances" -I"C:\Users\SonVHc\Desktop\BkavDemo2022101115\01_SourceCode\Bkav_VC01\ra\arm\CMSIS_5\CMSIS\Core\Include" -I"C:\Users\SonVHc\Desktop\BkavDemo2022101115\01_SourceCode\Bkav_VC01\ra_gen" -I"C:\Users\SonVHc\Desktop\BkavDemo2022101115\01_SourceCode\Bkav_VC01\ra_cfg\fsp_cfg" -I"C:\Users\SonVHc\Desktop\BkavDemo2022101115\01_SourceCode\Bkav_VC01\ra_cfg\fsp_cfg\bsp" -I"C:\Users\SonVHc\Desktop\BkavDemo2022101115\01_SourceCode\Bkav_VC01\src\DSpotter\include" -I"C:\Users\SonVHc\Desktop\BkavDemo2022101115\01_SourceCode\Bkav_VC01\src\Speex\include" -std=c99 -MMD -MP -MF"ra/fsp/src/r_gpt/r_gpt.d" -MT"ra/fsp/src/r_gpt/r_gpt.o" -c -o "ra/fsp/src/r_gpt/r_gpt.o" -x c "../ra/fsp/src/r_gpt/r_gpt.c"
'Invoking: GNU ARM Cross C Compiler'
'Invoking: GNU ARM Cross C Compiler'
arm-none-eabi-gcc -mcpu=cortex-m4 -mthumb -mfloat-abi=hard -mfpu=fpv4-sp-d16 -O2 -fmessage-length=0 -fsigned-char -ffunction-sections -fdata-sections -Wunused -Wuninitialized -Wall -Wextra -Wmissing-declarations -Wconversion -Wpointer-arith -Wshadow -Wlogical-op -Waggregate-return -Wfloat-equal  -g -D_RENESAS_RA_ -DUART_LOG -I"C:\Users\SonVHc\Desktop\BkavDemo2022101115\01_SourceCode\Bkav_VC01\src" -I"C:\Users\SonVHc\Desktop\BkavDemo2022101115\01_SourceCode\Bkav_VC01\ra\fsp\inc" -I"C:\Users\SonVHc\Desktop\BkavDemo2022101115\01_SourceCode\Bkav_VC01\ra\fsp\inc\api" -I"C:\Users\SonVHc\Desktop\BkavDemo2022101115\01_SourceCode\Bkav_VC01\ra\fsp\inc\instances" -I"C:\Users\SonVHc\Desktop\BkavDemo2022101115\01_SourceCode\Bkav_VC01\ra\arm\CMSIS_5\CMSIS\Core\Include" -I"C:\Users\SonVHc\Desktop\BkavDemo2022101115\01_SourceCode\Bkav_VC01\ra_gen" -I"C:\Users\SonVHc\Desktop\BkavDemo2022101115\01_SourceCode\Bkav_VC01\ra_cfg\fsp_cfg" -I"C:\Users\SonVHc\Desktop\BkavDemo2022101115\01_SourceCode\Bkav_VC01\ra_cfg\fsp_cfg\bsp" -I"C:\Users\SonVHc\Desktop\BkavDemo2022101115\01_SourceCode\Bkav_VC01\src\DSpotter\include" -I"C:\Users\SonVHc\Desktop\BkavDemo2022101115\01_SourceCode\Bkav_VC01\src\Speex\include" -std=c99 -MMD -MP -MF"ra/fsp/src/r_flash_hp/r_flash_hp.d" -MT"ra/fsp/src/r_flash_hp/r_flash_hp.o" -c -o "ra/fsp/src/r_flash_hp/r_flash_hp.o" -x c "../ra/fsp/src/r_flash_hp/r_flash_hp.c"
arm-none-eabi-gcc -mcpu=cortex-m4 -mthumb -mfloat-abi=hard -mfpu=fpv4-sp-d16 -O2 -fmessage-length=0 -fsigned-char -ffunction-sections -fdata-sections -Wunused -Wuninitialized -Wall -Wextra -Wmissing-declarations -Wconversion -Wpointer-arith -Wshadow -Wlogical-op -Waggregate-return -Wfloat-equal  -g -D_RENESAS_RA_ -DUART_LOG -I"C:\Users\SonVHc\Desktop\BkavDemo2022101115\01_SourceCode\Bkav_VC01\src" -I"C:\Users\SonVHc\Desktop\BkavDemo2022101115\01_SourceCode\Bkav_VC01\ra\fsp\inc" -I"C:\Users\SonVHc\Desktop\BkavDemo2022101115\01_SourceCode\Bkav_VC01\ra\fsp\inc\api" -I"C:\Users\SonVHc\Desktop\BkavDemo2022101115\01_SourceCode\Bkav_VC01\ra\fsp\inc\instances" -I"C:\Users\SonVHc\Desktop\BkavDemo2022101115\01_SourceCode\Bkav_VC01\ra\arm\CMSIS_5\CMSIS\Core\Include" -I"C:\Users\SonVHc\Desktop\BkavDemo2022101115\01_SourceCode\Bkav_VC01\ra_gen" -I"C:\Users\SonVHc\Desktop\BkavDemo2022101115\01_SourceCode\Bkav_VC01\ra_cfg\fsp_cfg" -I"C:\Users\SonVHc\Desktop\BkavDemo2022101115\01_SourceCode\Bkav_VC01\ra_cfg\fsp_cfg\bsp" -I"C:\Users\SonVHc\Desktop\BkavDemo2022101115\01_SourceCode\Bkav_VC01\src\DSpotter\include" -I"C:\Users\SonVHc\Desktop\BkavDemo2022101115\01_SourceCode\Bkav_VC01\src\Speex\include" -std=c99 -MMD -MP -MF"ra/fsp/src/r_dtc/r_dtc.d" -MT"ra/fsp/src/r_dtc/r_dtc.o" -c -o "ra/fsp/src/r_dtc/r_dtc.o" -x c "../ra/fsp/src/r_dtc/r_dtc.c"
'Finished building: ../ra/fsp/src/r_poeg/r_poeg.c'
'Finished building: ../ra/fsp/src/r_spi/r_spi.c'
'Finished building: ../ra/fsp/src/r_icu/r_icu.c'
'Finished building: ../ra/fsp/src/r_sci_uart/r_sci_uart.c'
' '
' '
'Finished building: ../ra/fsp/src/r_ioport/r_ioport.c'
' '
' '
'Building file: ../ra/fsp/src/r_dac/r_dac.c'
' '
'Building file: ../ra/fsp/src/bsp/mcu/all/bsp_clocks.c'
'Invoking: GNU ARM Cross C Compiler'
'Building file: ../ra/fsp/src/bsp/mcu/all/bsp_common.c'
'Invoking: GNU ARM Cross C Compiler'
arm-none-eabi-gcc -mcpu=cortex-m4 -mthumb -mfloat-abi=hard -mfpu=fpv4-sp-d16 -O2 -fmessage-length=0 -fsigned-char -ffunction-sections -fdata-sections -Wunused -Wuninitialized -Wall -Wextra -Wmissing-declarations -Wconversion -Wpointer-arith -Wshadow -Wlogical-op -Waggregate-return -Wfloat-equal  -g -D_RENESAS_RA_ -DUART_LOG -I"C:\Users\SonVHc\Desktop\BkavDemo2022101115\01_SourceCode\Bkav_VC01\src" -I"C:\Users\SonVHc\Desktop\BkavDemo2022101115\01_SourceCode\Bkav_VC01\ra\fsp\inc" -I"C:\Users\SonVHc\Desktop\BkavDemo2022101115\01_SourceCode\Bkav_VC01\ra\fsp\inc\api" -I"C:\Users\SonVHc\Desktop\BkavDemo2022101115\01_SourceCode\Bkav_VC01\ra\fsp\inc\instances" -I"C:\Users\SonVHc\Desktop\BkavDemo2022101115\01_SourceCode\Bkav_VC01\ra\arm\CMSIS_5\CMSIS\Core\Include" -I"C:\Users\SonVHc\Desktop\BkavDemo2022101115\01_SourceCode\Bkav_VC01\ra_gen" -I"C:\Users\SonVHc\Desktop\BkavDemo2022101115\01_SourceCode\Bkav_VC01\ra_cfg\fsp_cfg" -I"C:\Users\SonVHc\Desktop\BkavDemo2022101115\01_SourceCode\Bkav_VC01\ra_cfg\fsp_cfg\bsp" -I"C:\Users\SonVHc\Desktop\BkavDemo2022101115\01_SourceCode\Bkav_VC01\src\DSpotter\include" -I"C:\Users\SonVHc\Desktop\BkavDemo2022101115\01_SourceCode\Bkav_VC01\src\Speex\include" -std=c99 -MMD -MP -MF"ra/fsp/src/r_dac/r_dac.d" -MT"ra/fsp/src/r_dac/r_dac.o" -c -o "ra/fsp/src/r_dac/r_dac.o" -x c "../ra/fsp/src/r_dac/r_dac.c"
'Finished building: ../ra/fsp/src/r_dtc/r_dtc.c'
'Invoking: GNU ARM Cross C Compiler'
arm-none-eabi-gcc -mcpu=cortex-m4 -mthumb -mfloat-abi=hard -mfpu=fpv4-sp-d16 -O2 -fmessage-length=0 -fsigned-char -ffunction-sections -fdata-sections -Wunused -Wuninitialized -Wall -Wextra -Wmissing-declarations -Wconversion -Wpointer-arith -Wshadow -Wlogical-op -Waggregate-return -Wfloat-equal  -g -D_RENESAS_RA_ -DUART_LOG -I"C:\Users\SonVHc\Desktop\BkavDemo2022101115\01_SourceCode\Bkav_VC01\src" -I"C:\Users\SonVHc\Desktop\BkavDemo2022101115\01_SourceCode\Bkav_VC01\ra\fsp\inc" -I"C:\Users\SonVHc\Desktop\BkavDemo2022101115\01_SourceCode\Bkav_VC01\ra\fsp\inc\api" -I"C:\Users\SonVHc\Desktop\BkavDemo2022101115\01_SourceCode\Bkav_VC01\ra\fsp\inc\instances" -I"C:\Users\SonVHc\Desktop\BkavDemo2022101115\01_SourceCode\Bkav_VC01\ra\arm\CMSIS_5\CMSIS\Core\Include" -I"C:\Users\SonVHc\Desktop\BkavDemo2022101115\01_SourceCode\Bkav_VC01\ra_gen" -I"C:\Users\SonVHc\Desktop\BkavDemo2022101115\01_SourceCode\Bkav_VC01\ra_cfg\fsp_cfg" -I"C:\Users\SonVHc\Desktop\BkavDemo2022101115\01_SourceCode\Bkav_VC01\ra_cfg\fsp_cfg\bsp" -I"C:\Users\SonVHc\Desktop\BkavDemo2022101115\01_SourceCode\Bkav_VC01\src\DSpotter\include" -I"C:\Users\SonVHc\Desktop\BkavDemo2022101115\01_SourceCode\Bkav_VC01\src\Speex\include" -std=c99 -MMD -MP -MF"ra/fsp/src/bsp/mcu/all/bsp_clocks.d" -MT"ra/fsp/src/bsp/mcu/all/bsp_clocks.o" -c -o "ra/fsp/src/bsp/mcu/all/bsp_clocks.o" -x c "../ra/fsp/src/bsp/mcu/all/bsp_clocks.c"
'Finished building: ../ra/fsp/src/r_gpt/r_gpt.c'
arm-none-eabi-gcc -mcpu=cortex-m4 -mthumb -mfloat-abi=hard -mfpu=fpv4-sp-d16 -O2 -fmessage-length=0 -fsigned-char -ffunction-sections -fdata-sections -Wunused -Wuninitialized -Wall -Wextra -Wmissing-declarations -Wconversion -Wpointer-arith -Wshadow -Wlogical-op -Waggregate-return -Wfloat-equal  -g -D_RENESAS_RA_ -DUART_LOG -I"C:\Users\SonVHc\Desktop\BkavDemo2022101115\01_SourceCode\Bkav_VC01\src" -I"C:\Users\SonVHc\Desktop\BkavDemo2022101115\01_SourceCode\Bkav_VC01\ra\fsp\inc" -I"C:\Users\SonVHc\Desktop\BkavDemo2022101115\01_SourceCode\Bkav_VC01\ra\fsp\inc\api" -I"C:\Users\SonVHc\Desktop\BkavDemo2022101115\01_SourceCode\Bkav_VC01\ra\fsp\inc\instances" -I"C:\Users\SonVHc\Desktop\BkavDemo2022101115\01_SourceCode\Bkav_VC01\ra\arm\CMSIS_5\CMSIS\Core\Include" -I"C:\Users\SonVHc\Desktop\BkavDemo2022101115\01_SourceCode\Bkav_VC01\ra_gen" -I"C:\Users\SonVHc\Desktop\BkavDemo2022101115\01_SourceCode\Bkav_VC01\ra_cfg\fsp_cfg" -I"C:\Users\SonVHc\Desktop\BkavDemo2022101115\01_SourceCode\Bkav_VC01\ra_cfg\fsp_cfg\bsp" -I"C:\Users\SonVHc\Desktop\BkavDemo2022101115\01_SourceCode\Bkav_VC01\src\DSpotter\include" -I"C:\Users\SonVHc\Desktop\BkavDemo2022101115\01_SourceCode\Bkav_VC01\src\Speex\include" -std=c99 -MMD -MP -MF"ra/fsp/src/bsp/mcu/all/bsp_common.d" -MT"ra/fsp/src/bsp/mcu/all/bsp_common.o" -c -o "ra/fsp/src/bsp/mcu/all/bsp_common.o" -x c "../ra/fsp/src/bsp/mcu/all/bsp_common.c"
' '
' '
'Building file: ../ra/fsp/src/bsp/mcu/all/bsp_delay.c'
'Building file: ../ra/fsp/src/bsp/mcu/all/bsp_group_irq.c'
'Finished building: ../ra/fsp/src/r_flash_hp/r_flash_hp.c'
'Invoking: GNU ARM Cross C Compiler'
'Invoking: GNU ARM Cross C Compiler'
arm-none-eabi-gcc -mcpu=cortex-m4 -mthumb -mfloat-abi=hard -mfpu=fpv4-sp-d16 -O2 -fmessage-length=0 -fsigned-char -ffunction-sections -fdata-sections -Wunused -Wuninitialized -Wall -Wextra -Wmissing-declarations -Wconversion -Wpointer-arith -Wshadow -Wlogical-op -Waggregate-return -Wfloat-equal  -g -D_RENESAS_RA_ -DUART_LOG -I"C:\Users\SonVHc\Desktop\BkavDemo2022101115\01_SourceCode\Bkav_VC01\src" -I"C:\Users\SonVHc\Desktop\BkavDemo2022101115\01_SourceCode\Bkav_VC01\ra\fsp\inc" -I"C:\Users\SonVHc\Desktop\BkavDemo2022101115\01_SourceCode\Bkav_VC01\ra\fsp\inc\api" -I"C:\Users\SonVHc\Desktop\BkavDemo2022101115\01_SourceCode\Bkav_VC01\ra\fsp\inc\instances" -I"C:\Users\SonVHc\Desktop\BkavDemo2022101115\01_SourceCode\Bkav_VC01\ra\arm\CMSIS_5\CMSIS\Core\Include" -I"C:\Users\SonVHc\Desktop\BkavDemo2022101115\01_SourceCode\Bkav_VC01\ra_gen" -I"C:\Users\SonVHc\Desktop\BkavDemo2022101115\01_SourceCode\Bkav_VC01\ra_cfg\fsp_cfg" -I"C:\Users\SonVHc\Desktop\BkavDemo2022101115\01_SourceCode\Bkav_VC01\ra_cfg\fsp_cfg\bsp" -I"C:\Users\SonVHc\Desktop\BkavDemo2022101115\01_SourceCode\Bkav_VC01\src\DSpotter\include" -I"C:\Users\SonVHc\Desktop\BkavDemo2022101115\01_SourceCode\Bkav_VC01\src\Speex\include" -std=c99 -MMD -MP -MF"ra/fsp/src/bsp/mcu/all/bsp_delay.d" -MT"ra/fsp/src/bsp/mcu/all/bsp_delay.o" -c -o "ra/fsp/src/bsp/mcu/all/bsp_delay.o" -x c "../ra/fsp/src/bsp/mcu/all/bsp_delay.c"
arm-none-eabi-gcc -mcpu=cortex-m4 -mthumb -mfloat-abi=hard -mfpu=fpv4-sp-d16 -O2 -fmessage-length=0 -fsigned-char -ffunction-sections -fdata-sections -Wunused -Wuninitialized -Wall -Wextra -Wmissing-declarations -Wconversion -Wpointer-arith -Wshadow -Wlogical-op -Waggregate-return -Wfloat-equal  -g -D_RENESAS_RA_ -DUART_LOG -I"C:\Users\SonVHc\Desktop\BkavDemo2022101115\01_SourceCode\Bkav_VC01\src" -I"C:\Users\SonVHc\Desktop\BkavDemo2022101115\01_SourceCode\Bkav_VC01\ra\fsp\inc" -I"C:\Users\SonVHc\Desktop\BkavDemo2022101115\01_SourceCode\Bkav_VC01\ra\fsp\inc\api" -I"C:\Users\SonVHc\Desktop\BkavDemo2022101115\01_SourceCode\Bkav_VC01\ra\fsp\inc\instances" -I"C:\Users\SonVHc\Desktop\BkavDemo2022101115\01_SourceCode\Bkav_VC01\ra\arm\CMSIS_5\CMSIS\Core\Include" -I"C:\Users\SonVHc\Desktop\BkavDemo2022101115\01_SourceCode\Bkav_VC01\ra_gen" -I"C:\Users\SonVHc\Desktop\BkavDemo2022101115\01_SourceCode\Bkav_VC01\ra_cfg\fsp_cfg" -I"C:\Users\SonVHc\Desktop\BkavDemo2022101115\01_SourceCode\Bkav_VC01\ra_cfg\fsp_cfg\bsp" -I"C:\Users\SonVHc\Desktop\BkavDemo2022101115\01_SourceCode\Bkav_VC01\src\DSpotter\include" -I"C:\Users\SonVHc\Desktop\BkavDemo2022101115\01_SourceCode\Bkav_VC01\src\Speex\include" -std=c99 -MMD -MP -MF"ra/fsp/src/bsp/mcu/all/bsp_group_irq.d" -MT"ra/fsp/src/bsp/mcu/all/bsp_group_irq.o" -c -o "ra/fsp/src/bsp/mcu/all/bsp_group_irq.o" -x c "../ra/fsp/src/bsp/mcu/all/bsp_group_irq.c"
' '
'Building file: ../ra/fsp/src/bsp/mcu/all/bsp_guard.c'
'Building file: ../ra/fsp/src/bsp/mcu/all/bsp_io.c'
'Invoking: GNU ARM Cross C Compiler'
'Invoking: GNU ARM Cross C Compiler'
arm-none-eabi-gcc -mcpu=cortex-m4 -mthumb -mfloat-abi=hard -mfpu=fpv4-sp-d16 -O2 -fmessage-length=0 -fsigned-char -ffunction-sections -fdata-sections -Wunused -Wuninitialized -Wall -Wextra -Wmissing-declarations -Wconversion -Wpointer-arith -Wshadow -Wlogical-op -Waggregate-return -Wfloat-equal  -g -D_RENESAS_RA_ -DUART_LOG -I"C:\Users\SonVHc\Desktop\BkavDemo2022101115\01_SourceCode\Bkav_VC01\src" -I"C:\Users\SonVHc\Desktop\BkavDemo2022101115\01_SourceCode\Bkav_VC01\ra\fsp\inc" -I"C:\Users\SonVHc\Desktop\BkavDemo2022101115\01_SourceCode\Bkav_VC01\ra\fsp\inc\api" -I"C:\Users\SonVHc\Desktop\BkavDemo2022101115\01_SourceCode\Bkav_VC01\ra\fsp\inc\instances" -I"C:\Users\SonVHc\Desktop\BkavDemo2022101115\01_SourceCode\Bkav_VC01\ra\arm\CMSIS_5\CMSIS\Core\Include" -I"C:\Users\SonVHc\Desktop\BkavDemo2022101115\01_SourceCode\Bkav_VC01\ra_gen" -I"C:\Users\SonVHc\Desktop\BkavDemo2022101115\01_SourceCode\Bkav_VC01\ra_cfg\fsp_cfg" -I"C:\Users\SonVHc\Desktop\BkavDemo2022101115\01_SourceCode\Bkav_VC01\ra_cfg\fsp_cfg\bsp" -I"C:\Users\SonVHc\Desktop\BkavDemo2022101115\01_SourceCode\Bkav_VC01\src\DSpotter\include" -I"C:\Users\SonVHc\Desktop\BkavDemo2022101115\01_SourceCode\Bkav_VC01\src\Speex\include" -std=c99 -MMD -MP -MF"ra/fsp/src/bsp/mcu/all/bsp_guard.d" -MT"ra/fsp/src/bsp/mcu/all/bsp_guard.o" -c -o "ra/fsp/src/bsp/mcu/all/bsp_guard.o" -x c "../ra/fsp/src/bsp/mcu/all/bsp_guard.c"
arm-none-eabi-gcc -mcpu=cortex-m4 -mthumb -mfloat-abi=hard -mfpu=fpv4-sp-d16 -O2 -fmessage-length=0 -fsigned-char -ffunction-sections -fdata-sections -Wunused -Wuninitialized -Wall -Wextra -Wmissing-declarations -Wconversion -Wpointer-arith -Wshadow -Wlogical-op -Waggregate-return -Wfloat-equal  -g -D_RENESAS_RA_ -DUART_LOG -I"C:\Users\SonVHc\Desktop\BkavDemo2022101115\01_SourceCode\Bkav_VC01\src" -I"C:\Users\SonVHc\Desktop\BkavDemo2022101115\01_SourceCode\Bkav_VC01\ra\fsp\inc" -I"C:\Users\SonVHc\Desktop\BkavDemo2022101115\01_SourceCode\Bkav_VC01\ra\fsp\inc\api" -I"C:\Users\SonVHc\Desktop\BkavDemo2022101115\01_SourceCode\Bkav_VC01\ra\fsp\inc\instances" -I"C:\Users\SonVHc\Desktop\BkavDemo2022101115\01_SourceCode\Bkav_VC01\ra\arm\CMSIS_5\CMSIS\Core\Include" -I"C:\Users\SonVHc\Desktop\BkavDemo2022101115\01_SourceCode\Bkav_VC01\ra_gen" -I"C:\Users\SonVHc\Desktop\BkavDemo2022101115\01_SourceCode\Bkav_VC01\ra_cfg\fsp_cfg" -I"C:\Users\SonVHc\Desktop\BkavDemo2022101115\01_SourceCode\Bkav_VC01\ra_cfg\fsp_cfg\bsp" -I"C:\Users\SonVHc\Desktop\BkavDemo2022101115\01_SourceCode\Bkav_VC01\src\DSpotter\include" -I"C:\Users\SonVHc\Desktop\BkavDemo2022101115\01_SourceCode\Bkav_VC01\src\Speex\include" -std=c99 -MMD -MP -MF"ra/fsp/src/bsp/mcu/all/bsp_io.d" -MT"ra/fsp/src/bsp/mcu/all/bsp_io.o" -c -o "ra/fsp/src/bsp/mcu/all/bsp_io.o" -x c "../ra/fsp/src/bsp/mcu/all/bsp_io.c"
'Building file: ../ra/fsp/src/bsp/mcu/all/bsp_irq.c'
'Finished building: ../ra/fsp/src/r_dac/r_dac.c'
'Finished building: ../ra/fsp/src/bsp/mcu/all/bsp_clocks.c'
'Finished building: ../ra/fsp/src/bsp/mcu/all/bsp_common.c'
'Invoking: GNU ARM Cross C Compiler'
' '
' '
'Finished building: ../ra/fsp/src/bsp/mcu/all/bsp_delay.c'
' '
arm-none-eabi-gcc -mcpu=cortex-m4 -mthumb -mfloat-abi=hard -mfpu=fpv4-sp-d16 -O2 -fmessage-length=0 -fsigned-char -ffunction-sections -fdata-sections -Wunused -Wuninitialized -Wall -Wextra -Wmissing-declarations -Wconversion -Wpointer-arith -Wshadow -Wlogical-op -Waggregate-return -Wfloat-equal  -g -D_RENESAS_RA_ -DUART_LOG -I"C:\Users\SonVHc\Desktop\BkavDemo2022101115\01_SourceCode\Bkav_VC01\src" -I"C:\Users\SonVHc\Desktop\BkavDemo2022101115\01_SourceCode\Bkav_VC01\ra\fsp\inc" -I"C:\Users\SonVHc\Desktop\BkavDemo2022101115\01_SourceCode\Bkav_VC01\ra\fsp\inc\api" -I"C:\Users\SonVHc\Desktop\BkavDemo2022101115\01_SourceCode\Bkav_VC01\ra\fsp\inc\instances" -I"C:\Users\SonVHc\Desktop\BkavDemo2022101115\01_SourceCode\Bkav_VC01\ra\arm\CMSIS_5\CMSIS\Core\Include" -I"C:\Users\SonVHc\Desktop\BkavDemo2022101115\01_SourceCode\Bkav_VC01\ra_gen" -I"C:\Users\SonVHc\Desktop\BkavDemo2022101115\01_SourceCode\Bkav_VC01\ra_cfg\fsp_cfg" -I"C:\Users\SonVHc\Desktop\BkavDemo2022101115\01_SourceCode\Bkav_VC01\ra_cfg\fsp_cfg\bsp" -I"C:\Users\SonVHc\Desktop\BkavDemo2022101115\01_SourceCode\Bkav_VC01\src\DSpotter\include" -I"C:\Users\SonVHc\Desktop\BkavDemo2022101115\01_SourceCode\Bkav_VC01\src\Speex\include" -std=c99 -MMD -MP -MF"ra/fsp/src/bsp/mcu/all/bsp_irq.d" -MT"ra/fsp/src/bsp/mcu/all/bsp_irq.o" -c -o "ra/fsp/src/bsp/mcu/all/bsp_irq.o" -x c "../ra/fsp/src/bsp/mcu/all/bsp_irq.c"
'Finished building: ../ra/fsp/src/bsp/mcu/all/bsp_group_irq.c'
' '
' '
'Building file: ../ra/fsp/src/bsp/mcu/all/bsp_register_protection.c'
'Finished building: ../ra/fsp/src/bsp/mcu/all/bsp_guard.c'
'Finished building: ../ra/fsp/src/bsp/mcu/all/bsp_io.c'
'Invoking: GNU ARM Cross C Compiler'
' '
arm-none-eabi-gcc -mcpu=cortex-m4 -mthumb -mfloat-abi=hard -mfpu=fpv4-sp-d16 -O2 -fmessage-length=0 -fsigned-char -ffunction-sections -fdata-sections -Wunused -Wuninitialized -Wall -Wextra -Wmissing-declarations -Wconversion -Wpointer-arith -Wshadow -Wlogical-op -Waggregate-return -Wfloat-equal  -g -D_RENESAS_RA_ -DUART_LOG -I"C:\Users\SonVHc\Desktop\BkavDemo2022101115\01_SourceCode\Bkav_VC01\src" -I"C:\Users\SonVHc\Desktop\BkavDemo2022101115\01_SourceCode\Bkav_VC01\ra\fsp\inc" -I"C:\Users\SonVHc\Desktop\BkavDemo2022101115\01_SourceCode\Bkav_VC01\ra\fsp\inc\api" -I"C:\Users\SonVHc\Desktop\BkavDemo2022101115\01_SourceCode\Bkav_VC01\ra\fsp\inc\instances" -I"C:\Users\SonVHc\Desktop\BkavDemo2022101115\01_SourceCode\Bkav_VC01\ra\arm\CMSIS_5\CMSIS\Core\Include" -I"C:\Users\SonVHc\Desktop\BkavDemo2022101115\01_SourceCode\Bkav_VC01\ra_gen" -I"C:\Users\SonVHc\Desktop\BkavDemo2022101115\01_SourceCode\Bkav_VC01\ra_cfg\fsp_cfg" -I"C:\Users\SonVHc\Desktop\BkavDemo2022101115\01_SourceCode\Bkav_VC01\ra_cfg\fsp_cfg\bsp" -I"C:\Users\SonVHc\Desktop\BkavDemo2022101115\01_SourceCode\Bkav_VC01\src\DSpotter\include" -I"C:\Users\SonVHc\Desktop\BkavDemo2022101115\01_SourceCode\Bkav_VC01\src\Speex\include" -std=c99 -MMD -MP -MF"ra/fsp/src/bsp/mcu/all/bsp_register_protection.d" -MT"ra/fsp/src/bsp/mcu/all/bsp_register_protection.o" -c -o "ra/fsp/src/bsp/mcu/all/bsp_register_protection.o" -x c "../ra/fsp/src/bsp/mcu/all/bsp_register_protection.c"
' '
'Building file: ../ra/fsp/src/bsp/mcu/all/bsp_rom_registers.c'
'Building file: ../ra/fsp/src/bsp/mcu/all/bsp_sbrk.c'
'Invoking: GNU ARM Cross C Compiler'
'Finished building: ../ra/fsp/src/bsp/mcu/all/bsp_irq.c'
arm-none-eabi-gcc -mcpu=cortex-m4 -mthumb -mfloat-abi=hard -mfpu=fpv4-sp-d16 -O2 -fmessage-length=0 -fsigned-char -ffunction-sections -fdata-sections -Wunused -Wuninitialized -Wall -Wextra -Wmissing-declarations -Wconversion -Wpointer-arith -Wshadow -Wlogical-op -Waggregate-return -Wfloat-equal  -g -D_RENESAS_RA_ -DUART_LOG -I"C:\Users\SonVHc\Desktop\BkavDemo2022101115\01_SourceCode\Bkav_VC01\src" -I"C:\Users\SonVHc\Desktop\BkavDemo2022101115\01_SourceCode\Bkav_VC01\ra\fsp\inc" -I"C:\Users\SonVHc\Desktop\BkavDemo2022101115\01_SourceCode\Bkav_VC01\ra\fsp\inc\api" -I"C:\Users\SonVHc\Desktop\BkavDemo2022101115\01_SourceCode\Bkav_VC01\ra\fsp\inc\instances" -I"C:\Users\SonVHc\Desktop\BkavDemo2022101115\01_SourceCode\Bkav_VC01\ra\arm\CMSIS_5\CMSIS\Core\Include" -I"C:\Users\SonVHc\Desktop\BkavDemo2022101115\01_SourceCode\Bkav_VC01\ra_gen" -I"C:\Users\SonVHc\Desktop\BkavDemo2022101115\01_SourceCode\Bkav_VC01\ra_cfg\fsp_cfg" -I"C:\Users\SonVHc\Desktop\BkavDemo2022101115\01_SourceCode\Bkav_VC01\ra_cfg\fsp_cfg\bsp" -I"C:\Users\SonVHc\Desktop\BkavDemo2022101115\01_SourceCode\Bkav_VC01\src\DSpotter\include" -I"C:\Users\SonVHc\Desktop\BkavDemo2022101115\01_SourceCode\Bkav_VC01\src\Speex\include" -std=c99 -MMD -MP -MF"ra/fsp/src/bsp/mcu/all/bsp_rom_registers.d" -MT"ra/fsp/src/bsp/mcu/all/bsp_rom_registers.o" -c -o "ra/fsp/src/bsp/mcu/all/bsp_rom_registers.o" -x c "../ra/fsp/src/bsp/mcu/all/bsp_rom_registers.c"
'Invoking: GNU ARM Cross C Compiler'
arm-none-eabi-gcc -mcpu=cortex-m4 -mthumb -mfloat-abi=hard -mfpu=fpv4-sp-d16 -O2 -fmessage-length=0 -fsigned-char -ffunction-sections -fdata-sections -Wunused -Wuninitialized -Wall -Wextra -Wmissing-declarations -Wconversion -Wpointer-arith -Wshadow -Wlogical-op -Waggregate-return -Wfloat-equal  -g -D_RENESAS_RA_ -DUART_LOG -I"C:\Users\SonVHc\Desktop\BkavDemo2022101115\01_SourceCode\Bkav_VC01\src" -I"C:\Users\SonVHc\Desktop\BkavDemo2022101115\01_SourceCode\Bkav_VC01\ra\fsp\inc" -I"C:\Users\SonVHc\Desktop\BkavDemo2022101115\01_SourceCode\Bkav_VC01\ra\fsp\inc\api" -I"C:\Users\SonVHc\Desktop\BkavDemo2022101115\01_SourceCode\Bkav_VC01\ra\fsp\inc\instances" -I"C:\Users\SonVHc\Desktop\BkavDemo2022101115\01_SourceCode\Bkav_VC01\ra\arm\CMSIS_5\CMSIS\Core\Include" -I"C:\Users\SonVHc\Desktop\BkavDemo2022101115\01_SourceCode\Bkav_VC01\ra_gen" -I"C:\Users\SonVHc\Desktop\BkavDemo2022101115\01_SourceCode\Bkav_VC01\ra_cfg\fsp_cfg" -I"C:\Users\SonVHc\Desktop\BkavDemo2022101115\01_SourceCode\Bkav_VC01\ra_cfg\fsp_cfg\bsp" -I"C:\Users\SonVHc\Desktop\BkavDemo2022101115\01_SourceCode\Bkav_VC01\src\DSpotter\include" -I"C:\Users\SonVHc\Desktop\BkavDemo2022101115\01_SourceCode\Bkav_VC01\src\Speex\include" -std=c99 -MMD -MP -MF"ra/fsp/src/bsp/mcu/all/bsp_sbrk.d" -MT"ra/fsp/src/bsp/mcu/all/bsp_sbrk.o" -c -o "ra/fsp/src/bsp/mcu/all/bsp_sbrk.o" -x c "../ra/fsp/src/bsp/mcu/all/bsp_sbrk.c"
' '
'Building file: ../ra/fsp/src/bsp/mcu/all/bsp_security.c'
'Building file: ../ra/fsp/src/bsp/cmsis/Device/RENESAS/Source/startup.c'
'Invoking: GNU ARM Cross C Compiler'
arm-none-eabi-gcc -mcpu=cortex-m4 -mthumb -mfloat-abi=hard -mfpu=fpv4-sp-d16 -O2 -fmessage-length=0 -fsigned-char -ffunction-sections -fdata-sections -Wunused -Wuninitialized -Wall -Wextra -Wmissing-declarations -Wconversion -Wpointer-arith -Wshadow -Wlogical-op -Waggregate-return -Wfloat-equal  -g -D_RENESAS_RA_ -DUART_LOG -I"C:\Users\SonVHc\Desktop\BkavDemo2022101115\01_SourceCode\Bkav_VC01\src" -I"C:\Users\SonVHc\Desktop\BkavDemo2022101115\01_SourceCode\Bkav_VC01\ra\fsp\inc" -I"C:\Users\SonVHc\Desktop\BkavDemo2022101115\01_SourceCode\Bkav_VC01\ra\fsp\inc\api" -I"C:\Users\SonVHc\Desktop\BkavDemo2022101115\01_SourceCode\Bkav_VC01\ra\fsp\inc\instances" -I"C:\Users\SonVHc\Desktop\BkavDemo2022101115\01_SourceCode\Bkav_VC01\ra\arm\CMSIS_5\CMSIS\Core\Include" -I"C:\Users\SonVHc\Desktop\BkavDemo2022101115\01_SourceCode\Bkav_VC01\ra_gen" -I"C:\Users\SonVHc\Desktop\BkavDemo2022101115\01_SourceCode\Bkav_VC01\ra_cfg\fsp_cfg" -I"C:\Users\SonVHc\Desktop\BkavDemo2022101115\01_SourceCode\Bkav_VC01\ra_cfg\fsp_cfg\bsp" -I"C:\Users\SonVHc\Desktop\BkavDemo2022101115\01_SourceCode\Bkav_VC01\src\DSpotter\include" -I"C:\Users\SonVHc\Desktop\BkavDemo2022101115\01_SourceCode\Bkav_VC01\src\Speex\include" -std=c99 -MMD -MP -MF"ra/fsp/src/bsp/mcu/all/bsp_security.d" -MT"ra/fsp/src/bsp/mcu/all/bsp_security.o" -c -o "ra/fsp/src/bsp/mcu/all/bsp_security.o" -x c "../ra/fsp/src/bsp/mcu/all/bsp_security.c"
'Invoking: GNU ARM Cross C Compiler'
arm-none-eabi-gcc -mcpu=cortex-m4 -mthumb -mfloat-abi=hard -mfpu=fpv4-sp-d16 -O2 -fmessage-length=0 -fsigned-char -ffunction-sections -fdata-sections -Wunused -Wuninitialized -Wall -Wextra -Wmissing-declarations -Wconversion -Wpointer-arith -Wshadow -Wlogical-op -Waggregate-return -Wfloat-equal  -g -D_RENESAS_RA_ -DUART_LOG -I"C:\Users\SonVHc\Desktop\BkavDemo2022101115\01_SourceCode\Bkav_VC01\src" -I"C:\Users\SonVHc\Desktop\BkavDemo2022101115\01_SourceCode\Bkav_VC01\ra\fsp\inc" -I"C:\Users\SonVHc\Desktop\BkavDemo2022101115\01_SourceCode\Bkav_VC01\ra\fsp\inc\api" -I"C:\Users\SonVHc\Desktop\BkavDemo2022101115\01_SourceCode\Bkav_VC01\ra\fsp\inc\instances" -I"C:\Users\SonVHc\Desktop\BkavDemo2022101115\01_SourceCode\Bkav_VC01\ra\arm\CMSIS_5\CMSIS\Core\Include" -I"C:\Users\SonVHc\Desktop\BkavDemo2022101115\01_SourceCode\Bkav_VC01\ra_gen" -I"C:\Users\SonVHc\Desktop\BkavDemo2022101115\01_SourceCode\Bkav_VC01\ra_cfg\fsp_cfg" -I"C:\Users\SonVHc\Desktop\BkavDemo2022101115\01_SourceCode\Bkav_VC01\ra_cfg\fsp_cfg\bsp" -I"C:\Users\SonVHc\Desktop\BkavDemo2022101115\01_SourceCode\Bkav_VC01\src\DSpotter\include" -I"C:\Users\SonVHc\Desktop\BkavDemo2022101115\01_SourceCode\Bkav_VC01\src\Speex\include" -std=c99 -MMD -MP -MF"ra/fsp/src/bsp/cmsis/Device/RENESAS/Source/startup.d" -MT"ra/fsp/src/bsp/cmsis/Device/RENESAS/Source/startup.o" -c -o "ra/fsp/src/bsp/cmsis/Device/RENESAS/Source/startup.o" -x c "../ra/fsp/src/bsp/cmsis/Device/RENESAS/Source/startup.c"
'Building file: ../ra/fsp/src/bsp/cmsis/Device/RENESAS/Source/system.c'
'Invoking: GNU ARM Cross C Compiler'
arm-none-eabi-gcc -mcpu=cortex-m4 -mthumb -mfloat-abi=hard -mfpu=fpv4-sp-d16 -O2 -fmessage-length=0 -fsigned-char -ffunction-sections -fdata-sections -Wunused -Wuninitialized -Wall -Wextra -Wmissing-declarations -Wconversion -Wpointer-arith -Wshadow -Wlogical-op -Waggregate-return -Wfloat-equal  -g -D_RENESAS_RA_ -DUART_LOG -I"C:\Users\SonVHc\Desktop\BkavDemo2022101115\01_SourceCode\Bkav_VC01\src" -I"C:\Users\SonVHc\Desktop\BkavDemo2022101115\01_SourceCode\Bkav_VC01\ra\fsp\inc" -I"C:\Users\SonVHc\Desktop\BkavDemo2022101115\01_SourceCode\Bkav_VC01\ra\fsp\inc\api" -I"C:\Users\SonVHc\Desktop\BkavDemo2022101115\01_SourceCode\Bkav_VC01\ra\fsp\inc\instances" -I"C:\Users\SonVHc\Desktop\BkavDemo2022101115\01_SourceCode\Bkav_VC01\ra\arm\CMSIS_5\CMSIS\Core\Include" -I"C:\Users\SonVHc\Desktop\BkavDemo2022101115\01_SourceCode\Bkav_VC01\ra_gen" -I"C:\Users\SonVHc\Desktop\BkavDemo2022101115\01_SourceCode\Bkav_VC01\ra_cfg\fsp_cfg" -I"C:\Users\SonVHc\Desktop\BkavDemo2022101115\01_SourceCode\Bkav_VC01\ra_cfg\fsp_cfg\bsp" -I"C:\Users\SonVHc\Desktop\BkavDemo2022101115\01_SourceCode\Bkav_VC01\src\DSpotter\include" -I"C:\Users\SonVHc\Desktop\BkavDemo2022101115\01_SourceCode\Bkav_VC01\src\Speex\include" -std=c99 -MMD -MP -MF"ra/fsp/src/bsp/cmsis/Device/RENESAS/Source/system.d" -MT"ra/fsp/src/bsp/cmsis/Device/RENESAS/Source/system.o" -c -o "ra/fsp/src/bsp/cmsis/Device/RENESAS/Source/system.o" -x c "../ra/fsp/src/bsp/cmsis/Device/RENESAS/Source/system.c"
'Finished building: ../ra/fsp/src/bsp/mcu/all/bsp_register_protection.c'
' '
'Finished building: ../ra/fsp/src/bsp/mcu/all/bsp_rom_registers.c'
' '
'Finished building: ../ra/fsp/src/bsp/mcu/all/bsp_sbrk.c'
' '
'Finished building: ../ra/fsp/src/bsp/mcu/all/bsp_security.c'
'Finished building: ../ra/fsp/src/bsp/cmsis/Device/RENESAS/Source/startup.c'
' '
' '
'Finished building: ../ra/fsp/src/bsp/cmsis/Device/RENESAS/Source/system.c'
' '
'Building target: Bkav_VC01.elf'
'Invoking: GNU ARM Cross C Linker'
arm-none-eabi-gcc @"Bkav_VC01.elf.in"
'Finished building target: Bkav_VC01.elf'
' '
'Invoking: GNU ARM Cross Create Flash Image'
arm-none-eabi-objcopy -O ihex "Bkav_VC01.elf"  "Bkav_VC01.hex"
'Invoking: GNU ARM Cross Print Size'
arm-none-eabi-size --format=berkeley "Bkav_VC01.elf"
   text	   data	    bss	    dec	    hex	filename
 371548	    172	 117652	 489372	  7779c	Bkav_VC01.elf
'Finished building: Bkav_VC01.hex'
'Finished building: Bkav_VC01.siz'
' '
' '
