Archive member included to satisfy reference by file (symbol)

C:\Users\sonvhc\Desktop\1-TU\Bkav_VC01\src\DSpotter\lib\libDSpotterLib2212_Official.a(DSpotterLicenseApi.o)
                              ./ra_gen/hal_data.o (flash0_bgo_callback)
C:\Users\sonvhc\Desktop\1-TU\Bkav_VC01\src\DSpotter\lib\libDSpotterLib2212_Official.a(Dsr021.o)
                              ./src/voice_main.o (AGC_Init)
C:\Users\sonvhc\Desktop\1-TU\Bkav_VC01\src\DSpotter\lib\libDSpotterLib2212_Official.a(Dsr100.o)
                              ./src/voice_main.o (DSpotter_GetMemoryUsage_Multi)
C:\Users\sonvhc\Desktop\1-TU\Bkav_VC01\src\DSpotter\lib\libDSpotterLib2212_Official.a(RingBuffer.o)
                              ./src/Speex/PlaySpeex.o (RingBufferInit)
C:\Users\sonvhc\Desktop\1-TU\Bkav_VC01\src\DSpotter\lib\libDSpotterLib2212_Official.a(CybEncode.o)
                              C:\Users\sonvhc\Desktop\1-TU\Bkav_VC01\src\DSpotter\lib\libDSpotterLib2212_Official.a(Dsr100.o) (DSPTR_000110)
C:\Users\sonvhc\Desktop\1-TU\Bkav_VC01\src\DSpotter\lib\libDSpotterLib2212_Official.a(Dsr002.o)
                              C:\Users\sonvhc\Desktop\1-TU\Bkav_VC01\src\DSpotter\lib\libDSpotterLib2212_Official.a(Dsr021.o) (DSPTR_001003)
C:\Users\sonvhc\Desktop\1-TU\Bkav_VC01\src\DSpotter\lib\libDSpotterLib2212_Official.a(Dsr032.o)
                              C:\Users\sonvhc\Desktop\1-TU\Bkav_VC01\src\DSpotter\lib\libDSpotterLib2212_Official.a(Dsr100.o) (DSPTR_018006)
C:\Users\sonvhc\Desktop\1-TU\Bkav_VC01\src\DSpotter\lib\libDSpotterLib2212_Official.a(Dsr012.o)
                              C:\Users\sonvhc\Desktop\1-TU\Bkav_VC01\src\DSpotter\lib\libDSpotterLib2212_Official.a(Dsr032.o) (DSPTR_011010)
C:\Users\sonvhc\Desktop\1-TU\Bkav_VC01\src\DSpotter\lib\libDSpotterLib2212_Official.a(Dsr013.o)
                              C:\Users\sonvhc\Desktop\1-TU\Bkav_VC01\src\DSpotter\lib\libDSpotterLib2212_Official.a(Dsr012.o) (DSPTR_012000)
C:\Users\sonvhc\Desktop\1-TU\Bkav_VC01\src\DSpotter\lib\libDSpotterLib2212_Official.a(Dsr014.o)
                              C:\Users\sonvhc\Desktop\1-TU\Bkav_VC01\src\DSpotter\lib\libDSpotterLib2212_Official.a(Dsr012.o) (DSPTR_013002)
C:\Users\sonvhc\Desktop\1-TU\Bkav_VC01\src\DSpotter\lib\libDSpotterLib2212_Official.a(Dsr015.o)
                              C:\Users\sonvhc\Desktop\1-TU\Bkav_VC01\src\DSpotter\lib\libDSpotterLib2212_Official.a(Dsr014.o) (DSPTR_014000)
C:\Users\sonvhc\Desktop\1-TU\Bkav_VC01\src\DSpotter\lib\libDSpotterLib2212_Official.a(Dsr017.o)
                              C:\Users\sonvhc\Desktop\1-TU\Bkav_VC01\src\DSpotter\lib\libDSpotterLib2212_Official.a(Dsr012.o) (DSPTR_015002)
C:\Users\sonvhc\Desktop\1-TU\Bkav_VC01\src\DSpotter\lib\libDSpotterLib2212_Official.a(Dsr031.o)
                              C:\Users\sonvhc\Desktop\1-TU\Bkav_VC01\src\DSpotter\lib\libDSpotterLib2212_Official.a(Dsr032.o) (DSPTR_017009)
C:\Users\sonvhc\Desktop\1-TU\Bkav_VC01\src\DSpotter\lib\libDSpotterLib2212_Official.a(Sd002.o)
                              C:\Users\sonvhc\Desktop\1-TU\Bkav_VC01\src\DSpotter\lib\libDSpotterLib2212_Official.a(Dsr031.o) (DSPTR_027001)
C:\Users\sonvhc\Desktop\1-TU\Bkav_VC01\src\DSpotter\lib\libDSpotterLib2212_Official.a(Dsr050.o)
                              C:\Users\sonvhc\Desktop\1-TU\Bkav_VC01\src\DSpotter\lib\libDSpotterLib2212_Official.a(Dsr031.o) (DSPTR_022054)
C:\Users\sonvhc\Desktop\1-TU\Bkav_VC01\src\DSpotter\lib\libDSpotterLib2212_Official.a(Dsr003.o)
                              C:\Users\sonvhc\Desktop\1-TU\Bkav_VC01\src\DSpotter\lib\libDSpotterLib2212_Official.a(Dsr050.o) (DSPTR_002016)
C:\Users\sonvhc\Desktop\1-TU\Bkav_VC01\src\DSpotter\lib\libDSpotterLib2212_Official.a(Dsr005.o)
                              C:\Users\sonvhc\Desktop\1-TU\Bkav_VC01\src\DSpotter\lib\libDSpotterLib2212_Official.a(Dsr014.o) (DSPTR_004000)
C:\Users\sonvhc\Desktop\1-TU\Bkav_VC01\src\DSpotter\lib\libDSpotterLib2212_Official.a(Dsr006.o)
                              C:\Users\sonvhc\Desktop\1-TU\Bkav_VC01\src\DSpotter\lib\libDSpotterLib2212_Official.a(Dsr014.o) (DSPTR_005000)
C:\Users\sonvhc\Desktop\1-TU\Bkav_VC01\src\DSpotter\lib\libDSpotterLib2212_Official.a(Dsr010.o)
                              C:\Users\sonvhc\Desktop\1-TU\Bkav_VC01\src\DSpotter\lib\libDSpotterLib2212_Official.a(Dsr013.o) (DSPTR_009000)
C:\Users\sonvhc\Desktop\1-TU\Bkav_VC01\src\DSpotter\lib\libDSpotterLib2212_Official.a(Dsr030.o)
                              C:\Users\sonvhc\Desktop\1-TU\Bkav_VC01\src\DSpotter\lib\libDSpotterLib2212_Official.a(Dsr031.o) (DSPTR_016006)
C:\Users\sonvhc\Desktop\1-TU\Bkav_VC01\src\DSpotter\lib\libDSpotterLib2212_Official.a(cyb_dot_prod.o)
                              C:\Users\sonvhc\Desktop\1-TU\Bkav_VC01\src\DSpotter\lib\libDSpotterLib2212_Official.a(Dsr050.o) (DSPTR_023002)
C:\Users\sonvhc\Desktop\1-TU\Bkav_VC01\src\Speex\lib\libSpeexLib.a(SpeexDecodeApi.o)
                              ./src/Speex/PlaySpeex.o (SpeexDecoderInit)
[...]
Memory Configuration

Name             Origin             Length             Attributes
FLASH            0x00000000         0x00080000         xr
RAM              0x1ffe0000         0x00040000         xrw
DATA_FLASH       0x40100000         0x00002000         xr
QSPI_FLASH       0x60000000         0x04000000         xr
OSPI_DEVICE_0    0x68000000         0x00000000         xr
OSPI_DEVICE_1    0x70000000         0x00000000         xr
SDRAM            0x90000000         0x00000000         xrw
OPTION_SETTING   0x00000000         0x00000000         r
OPTION_SETTING_S 0x00000000         0x00000000         r
ID_CODE          0x0100a150         0x00000010         xr
*default*        0x00000000         0xffffffff

Linker script and memory map

LOAD c:/users/sonvhc/appdata/local/programs/renesas/ra/e2studio_v2021-01_fsp_v2.3.0/toolchains/gcc_arm/9_2019q4/bin/../lib/gcc/arm-none-eabi/9.2.1/thumb/v7e-m+fp/hard/crti.o
LOAD c:/users/sonvhc/appdata/local/programs/renesas/ra/e2studio_v2021-01_fsp_v2.3.0/toolchains/gcc_arm/9_2019q4/bin/../lib/gcc/arm-none-eabi/9.2.1/thumb/v7e-m+fp/hard/crtbegin.o
LOAD c:/users/sonvhc/appdata/local/programs/renesas/ra/e2studio_v2021-01_fsp_v2.3.0/toolchains/gcc_arm/9_2019q4/bin/../lib/gcc/arm-none-eabi/9.2.1/../../../../arm-none-eabi/lib/thumb/v7e-m+fp/hard/rdimon-crt0.o
START GROUP
LOAD ./src/Speex/PlaySpeex.o
LOAD ./src/Model/CybModel1.o
LOAD ./src/Model/CybModel2.o
LOAD ./src/Model/SpeexData1.o
LOAD ./src/Model/SpeexData2.o
LOAD ./src/DSpotter/Convert2TransferBuffer.o
LOAD ./src/DSpotter/ConvertUTF.o
LOAD ./src/DSpotter/CybModelInfor.o
LOAD ./src/DSpotter/DbgTrace.o
LOAD ./src/DSpotter/UartMgr.o
LOAD ./src/hal_entry.o
LOAD ./src/voice_main.o
LOAD ./ra_gen/common_data.o
LOAD ./ra_gen/hal_data.o
LOAD ./ra_gen/main.o
LOAD ./ra_gen/pin_data.o
LOAD ./ra_gen/vector_data.o
LOAD ./ra/fsp/src/r_spi/r_spi.o
LOAD ./ra/fsp/src/r_sci_uart/r_sci_uart.o
LOAD ./ra/fsp/src/r_poeg/r_poeg.o
LOAD ./ra/fsp/src/r_ioport/r_ioport.o
LOAD ./ra/fsp/src/r_icu/r_icu.o
LOAD ./ra/fsp/src/r_gpt/r_gpt.o
LOAD ./ra/fsp/src/r_flash_hp/r_flash_hp.o
LOAD ./ra/fsp/src/r_dtc/r_dtc.o
LOAD ./ra/fsp/src/r_dac/r_dac.o
LOAD ./ra/fsp/src/bsp/mcu/all/bsp_clocks.o
LOAD ./ra/fsp/src/bsp/mcu/all/bsp_common.o
LOAD ./ra/fsp/src/bsp/mcu/all/bsp_delay.o
LOAD ./ra/fsp/src/bsp/mcu/all/bsp_group_irq.o
LOAD ./ra/fsp/src/bsp/mcu/all/bsp_guard.o
LOAD ./ra/fsp/src/bsp/mcu/all/bsp_io.o
LOAD ./ra/fsp/src/bsp/mcu/all/bsp_irq.o
LOAD ./ra/fsp/src/bsp/mcu/all/bsp_register_protection.o
LOAD ./ra/fsp/src/bsp/mcu/all/bsp_rom_registers.o
LOAD ./ra/fsp/src/bsp/mcu/all/bsp_sbrk.o
LOAD ./ra/fsp/src/bsp/mcu/all/bsp_security.o
LOAD ./ra/fsp/src/bsp/cmsis/Device/RENESAS/Source/startup.o
LOAD ./ra/fsp/src/bsp/cmsis/Device/RENESAS/Source/system.o
LOAD C:\Users\sonvhc\Desktop\1-TU\Bkav_VC01\src\DSpotter\lib\libDSpotterLib2212_Official.a
LOAD C:\Users\sonvhc\Desktop\1-TU\Bkav_VC01\src\Speex\lib\libSpeexLib.a
END GROUP
START GROUP
LOAD c:/users/sonvhc/appdata/local/programs/renesas/ra/e2studio_v2021-01_fsp_v2.3.0/toolchains/gcc_arm/9_2019q4/bin/../lib/gcc/arm-none-eabi/9.2.1/thumb/v7e-m+fp/hard\libgcc.a
LOAD c:/users/sonvhc/appdata/local/programs/renesas/ra/e2studio_v2021-01_fsp_v2.3.0/toolchains/gcc_arm/9_2019q4/bin/../lib/gcc/arm-none-eabi/9.2.1/../../../../arm-none-eabi/lib/thumb/v7e-m+fp/hard\libg_nano.a
LOAD c:/users/sonvhc/appdata/local/programs/renesas/ra/e2studio_v2021-01_fsp_v2.3.0/toolchains/gcc_arm/9_2019q4/bin/../lib/gcc/arm-none-eabi/9.2.1/../../../../arm-none-eabi/lib/thumb/v7e-m+fp/hard\libc_nano.a
END GROUP
START GROUP
LOAD c:/users/sonvhc/appdata/local/programs/renesas/ra/e2studio_v2021-01_fsp_v2.3.0/toolchains/gcc_arm/9_2019q4/bin/../lib/gcc/arm-none-eabi/9.2.1/thumb/v7e-m+fp/hard\libgcc.a
LOAD c:/users/sonvhc/appdata/local/programs/renesas/ra/e2studio_v2021-01_fsp_v2.3.0/toolchains/gcc_arm/9_2019q4/bin/../lib/gcc/arm-none-eabi/9.2.1/../../../../arm-none-eabi/lib/thumb/v7e-m+fp/hard\libc_nano.a
LOAD c:/users/sonvhc/appdata/local/programs/renesas/ra/e2studio_v2021-01_fsp_v2.3.0/toolchains/gcc_arm/9_2019q4/bin/../lib/gcc/arm-none-eabi/9.2.1/../../../../arm-none-eabi/lib/thumb/v7e-m+fp/hard\librdimon_nano.a
END GROUP
START GROUP
LOAD c:/users/sonvhc/appdata/local/programs/renesas/ra/e2studio_v2021-01_fsp_v2.3.0/toolchains/gcc_arm/9_2019q4/bin/../lib/gcc/arm-none-eabi/9.2.1/thumb/v7e-m+fp/hard\libgcc.a
LOAD c:/users/sonvhc/appdata/local/programs/renesas/ra/e2studio_v2021-01_fsp_v2.3.0/toolchains/gcc_arm/9_2019q4/bin/../lib/gcc/arm-none-eabi/9.2.1/../../../../arm-none-eabi/lib/thumb/v7e-m+fp/hard\libc_nano.a
LOAD c:/users/sonvhc/appdata/local/programs/renesas/ra/e2studio_v2021-01_fsp_v2.3.0/toolchains/gcc_arm/9_2019q4/bin/../lib/gcc/arm-none-eabi/9.2.1/../../../../arm-none-eabi/lib/thumb/v7e-m+fp/hard\librdimon_nano.a
END GROUP
LOAD c:/users/sonvhc/appdata/local/programs/renesas/ra/e2studio_v2021-01_fsp_v2.3.0/toolchains/gcc_arm/9_2019q4/bin/../lib/gcc/arm-none-eabi/9.2.1/thumb/v7e-m+fp/hard/crtend.o
LOAD c:/users/sonvhc/appdata/local/programs/renesas/ra/e2studio_v2021-01_fsp_v2.3.0/toolchains/gcc_arm/9_2019q4/bin/../lib/gcc/arm-none-eabi/9.2.1/thumb/v7e-m+fp/hard/crtn.o
                0x1ffe0000                RAM_START = 0x1ffe0000
                0x00040000                RAM_LENGTH = 0x40000
                0x00000000                FLASH_START = 0x0
                0x00080000                FLASH_LENGTH = 0x80000
                0x40100000                DATA_FLASH_START = 0x40100000
                0x00002000                DATA_FLASH_LENGTH = 0x2000
                0x00000000                OPTION_SETTING_START = 0x0
                0x00000000                OPTION_SETTING_LENGTH = 0x0
                0x00000000                OPTION_SETTING_S_START = 0x0
                0x00000000                OPTION_SETTING_S_LENGTH = 0x0
                0x0100a150                ID_CODE_START = 0x100a150
                0x00000010                ID_CODE_LENGTH = 0x10
                0x90000000                SDRAM_START = 0x90000000
                0x00000000                SDRAM_LENGTH = 0x0
                0x60000000                QSPI_FLASH_START = 0x60000000
                0x04000000                QSPI_FLASH_LENGTH = 0x4000000
                0x68000000                OSPI_DEVICE_0_START = 0x68000000
                0x00000000                OSPI_DEVICE_0_LENGTH = 0x0
                0x70000000                OSPI_DEVICE_1_START = 0x70000000
                0x00000000                OSPI_DEVICE_1_LENGTH = 0x0
                0x04000000                QSPI_FLASH_PRV_LENGTH = DEFINED (QSPI_FLASH_SIZE)?ABSOLUTE (QSPI_FLASH_SIZE):ABSOLUTE (QSPI_FLASH_LENGTH)
                0x00000000                OSPI_DEVICE_0_PRV_LENGTH = DEFINED (OSPI_DEVICE_0_SIZE)?ABSOLUTE (OSPI_DEVICE_0_SIZE):ABSOLUTE (OSPI_DEVICE_0_LENGTH)
                0x00000000                OSPI_DEVICE_1_PRV_LENGTH = DEFINED (OSPI_DEVICE_1_SIZE)?ABSOLUTE (OSPI_DEVICE_1_SIZE):ABSOLUTE (OSPI_DEVICE_1_LENGTH)
                0x00000000                __TZ_NS_PROJECT = ((LENGTH (OPTION_SETTING) && DEFINED (OPTION_SETTING_S_START)) && (ABSOLUTE (OPTION_SETTING_START_S) != ORIGIN (OPTION_SETTING)))
                0x00000000                __TZ_S_PROJECT = ((LENGTH (OPTION_SETTING) && DEFINED (OPTION_SETTING_S_START)) && (ABSOLUTE (OPTION_SETTING_START_S) == ORIGIN (OPTION_SETTING)))
                0x00000000                __RESERVE_NS_RAM = (__TZ_S_PROJECT && DEFINED (RAM_NS_BUFFER_LENGTH))
                0x00000000                RAM_NS_BUFFER_BLOCK_LENGTH = DEFINED (RAM_NS_BUFFER_LENGTH)?ALIGN (RAM_NS_BUFFER_LENGTH, 0x2000):0x0
                0x00000000                RAM_NS_BUFFER_LENGTH = DEFINED (RAM_NS_BUFFER_LENGTH)?RAM_NS_BUFFER_LENGTH:0x0
                0x20020000                RAM_NS_BUFFER_START = ((RAM_START + RAM_LENGTH) - RAM_NS_BUFFER_LENGTH)
                0x20020000                RAM_NS_BUFFER_BLOCK_START = ((RAM_START + RAM_LENGTH) - RAM_NS_BUFFER_BLOCK_LENGTH)
                0x0100a180                OPTION_SETTING_START_NS = 0x100a180
                0x0100a100                OPTION_SETTING_START_S = 0x100a100
START GROUP
LOAD c:/users/sonvhc/appdata/local/programs/renesas/ra/e2studio_v2021-01_fsp_v2.3.0/toolchains/gcc_arm/9_2019q4/bin/../lib/gcc/arm-none-eabi/9.2.1/thumb/v7e-m+fp/hard\libgcc.a
LOAD c:/users/sonvhc/appdata/local/programs/renesas/ra/e2studio_v2021-01_fsp_v2.3.0/toolchains/gcc_arm/9_2019q4/bin/../lib/gcc/arm-none-eabi/9.2.1/../../../../arm-none-eabi/lib/thumb/v7e-m+fp/hard\libc.a
LOAD c:/users/sonvhc/appdata/local/programs/renesas/ra/e2studio_v2021-01_fsp_v2.3.0/toolchains/gcc_arm/9_2019q4/bin/../lib/gcc/arm-none-eabi/9.2.1/../../../../arm-none-eabi/lib/thumb/v7e-m+fp/hard\libm.a
LOAD c:/users/sonvhc/appdata/local/programs/renesas/ra/e2studio_v2021-01_fsp_v2.3.0/toolchains/gcc_arm/9_2019q4/bin/../lib/gcc/arm-none-eabi/9.2.1/../../../../arm-none-eabi/lib/thumb/v7e-m+fp/hard\libnosys.a
END GROUP

.text           0x00000000    0x7c5ac
                0x00000000                __tz_FLASH_S = ABSOLUTE (FLASH_START)
                0x00000000                __ROM_Start = .
 *(.fixed_vectors*)
 .fixed_vectors
                0x00000000       0x40 ./ra/fsp/src/bsp/cmsis/Device/RENESAS/Source/startup.o
                0x00000000                __Vectors
 *(.application_vectors*)
 .application_vectors
                0x00000040      0x180 ./ra_gen/vector_data.o
                0x00000040                g_vector_table
                0x000001c0                __Vectors_End = .
                0x00000400                . = (__ROM_Start + 0x400)
 *fill*         0x000001c0      0x240 ff
 *(.rom_registers*)
 .rom_registers
                0x00000400       0x3c ./ra/fsp/src/bsp/mcu/all/bsp_rom_registers.o
                0x00000500                . = (__ROM_Start + 0x500)
 *fill*         0x0000043c       0xc4 ff
 *(.text*)
 .text          0x00000500       0x40 c:/users/sonvhc/appdata/local/programs/renesas/ra/e2studio_v2021-01_fsp_v2.3.0/toolchains/gcc_arm/9_2019q4/bin/../lib/gcc/arm-none-eabi/9.2.1/thumb/v7e-m+fp/hard/crtbegin.o
 .text.g_timer_playback_callback
                0x00000540       0x40 ./src/Speex/PlaySpeex.o
                0x00000540                g_timer_playback_callback
 .text.PlaySpeexStart
                0x00000580       0x88 ./src/Speex/PlaySpeex.o
                0x00000580                PlaySpeexStart
 .text.PlaySpeexStop
                0x00000608       0x44 ./src/Speex/PlaySpeex.o
                0x00000608                PlaySpeexStop
 .text.PlaySpeexIndex
                0x0000064c      0x158 ./src/Speex/PlaySpeex.o
                0x0000064c                PlaySpeexIndex
 .text.PlaySpeexMapID
                0x000007a4       0x2c ./src/Speex/PlaySpeex.o
                0x000007a4                PlaySpeexMapID
 .text.Convert2TransferBuffer
                0x000007d0       0xc4 ./src/DSpotter/Convert2TransferBuffer.o
                0x000007d0                Convert2TransferBuffer
 .text.ConvertUTF16toUTF8
                0x00000894      0x100 ./src/DSpotter/ConvertUTF.o
                0x00000894                ConvertUTF16toUTF8
 .text.IsModelFile.part.0
                0x00000994       0x30 ./src/DSpotter/CybModelInfor.o
 .text.IsAllMapIdFile
                0x000009c4       0x68 ./src/DSpotter/CybModelInfor.o
 .text.CybModelInit
                0x00000a2c      0x284 ./src/DSpotter/CybModelInfor.o
                0x00000a2c                CybModelInit
 .text.CybModelRelease
                0x00000cb0       0x18 ./src/DSpotter/CybModelInfor.o
                0x00000cb0                CybModelRelease
 .text.CybModelGetGroupCount
                0x00000cc8        0xc ./src/DSpotter/CybModelInfor.o
                0x00000cc8                CybModelGetGroupCount
 .text.CybModelGetBase
                0x00000cd4       0x10 ./src/DSpotter/CybModelInfor.o
                0x00000cd4                CybModelGetBase
 .text.CybModelGetGroup
                0x00000ce4       0x44 ./src/DSpotter/CybModelInfor.o
                0x00000ce4                CybModelGetGroup
 .text.CybModelGetAllSkipState
                0x00000d28       0x44 ./src/DSpotter/CybModelInfor.o
                0x00000d28                CybModelGetAllSkipState
 .text.CybModelGetSkipState
                0x00000d6c       0x48 ./src/DSpotter/CybModelInfor.o
                0x00000d6c                CybModelGetSkipState
 .text.CybModelGetCommandCount
                0x00000db4       0x10 ./src/DSpotter/CybModelInfor.o
                0x00000db4                CybModelGetCommandCount
 .text.UnpackBin
                0x00000dc4       0x40 ./src/DSpotter/CybModelInfor.o
                0x00000dc4                UnpackBin
 .text.CybModelGetGroupTxt
                0x00000e04       0x28 ./src/DSpotter/CybModelInfor.o
                0x00000e04                CybModelGetGroupTxt
 .text.CybModelGetCommandInfo
                0x00000e2c      0x16c ./src/DSpotter/CybModelInfor.o
                0x00000e2c                CybModelGetCommandInfo
 .text.DbgUartTrace
                0x00000f98       0x4c ./src/DSpotter/DbgTrace.o
                0x00000f98                DbgUartTrace
 .text.UartOpen
                0x00000fe4       0x90 ./src/DSpotter/UartMgr.o
                0x00000fe4                UartOpen
 .text.UartAsyncRead
                0x00001074       0x64 ./src/DSpotter/UartMgr.o
                0x00001074                UartAsyncRead
 .text.UartAsyncWrite
                0x000010d8       0x50 ./src/DSpotter/UartMgr.o
                0x000010d8                UartAsyncWrite
 .text.UartWaitWriteReady
                0x00001128       0x28 ./src/DSpotter/UartMgr.o
                0x00001128                UartWaitWriteReady
 .text.UartIsReading
                0x00001150        0xc ./src/DSpotter/UartMgr.o
                0x00001150                UartIsReading
 .text.UartIsOpened
                0x0000115c       0x10 ./src/DSpotter/UartMgr.o
                0x0000115c                UartIsOpened
 .text.UartAbortAyncIO
                0x0000116c       0x50 ./src/DSpotter/UartMgr.o
                0x0000116c                UartAbortAyncIO
 .text.UartClose
                0x000011bc       0x3c ./src/DSpotter/UartMgr.o
                0x000011bc                UartClose
 .text.UartAbortAyncRead
                0x000011f8        0x8 ./src/DSpotter/UartMgr.o
                0x000011f8                UartAbortAyncRead
 .text.UartTrace
                0x00001200       0x58 ./src/DSpotter/UartMgr.o
                0x00001200                UartTrace
 .text.user_uart_callback
                0x00001258       0x40 ./src/DSpotter/UartMgr.o
                0x00001258                user_uart_callback
 .text.hal_entry
                0x00001298        0x4 ./src/hal_entry.o
                0x00001298                hal_entry
 .text.R_BSP_WarmStart
                0x0000129c       0x18 ./src/hal_entry.o
                0x0000129c                R_BSP_WarmStart
 .text.ToggleYellowLED
                0x000012b4       0x24 ./src/voice_main.o
 .text.OnDataReadCompleteCallback
                0x000012d8       0x50 ./src/voice_main.o
 .text.SetDSpotter.constprop.0
                0x00001328       0x9c ./src/voice_main.o
 .text.voice_loop
                0x000013c4      0x564 ./src/voice_main.o
 .text.voice_main
                0x00001928      0x4d8 ./src/voice_main.o
                0x00001928                voice_main
 .text.g_spi_cb
                0x00001e00       0x8c ./src/voice_main.o
                0x00001e00                g_spi_cb
 .text.startup.main
                0x00001e8c        0xc ./ra_gen/main.o
                0x00001e8c                main
 .text.R_SPI_Close
                0x00001e98       0xb4 ./ra/fsp/src/r_spi/r_spi.o
                0x00001e98                R_SPI_Close
 .text.r_spi_write_read_common
                0x00001f4c      0x120 ./ra/fsp/src/r_spi/r_spi.o
 .text.R_SPI_Read
                0x0000206c       0x18 ./ra/fsp/src/r_spi/r_spi.o
                0x0000206c                R_SPI_Read
 .text.r_spi_call_callback
                0x00002084       0x40 ./ra/fsp/src/r_spi/r_spi.o
 .text.R_SPI_Open
                0x000020c4      0x2d8 ./ra/fsp/src/r_spi/r_spi.o
                0x000020c4                R_SPI_Open
 .text.spi_rxi_isr
                0x0000239c       0x94 ./ra/fsp/src/r_spi/r_spi.o
                0x0000239c                spi_rxi_isr
 .text.spi_txi_isr
                0x00002430       0xc8 ./ra/fsp/src/r_spi/r_spi.o
                0x00002430                spi_txi_isr
 .text.spi_tei_isr
                0x000024f8       0x74 ./ra/fsp/src/r_spi/r_spi.o
                0x000024f8                spi_tei_isr
 .text.spi_eri_isr
                0x0000256c       0x74 ./ra/fsp/src/r_spi/r_spi.o
                0x0000256c                spi_eri_isr
 .text.R_SCI_UART_Close
                0x000025e0       0xb4 ./ra/fsp/src/r_sci_uart/r_sci_uart.o
                0x000025e0                R_SCI_UART_Close
 .text.R_SCI_UART_Read
                0x00002694        0x8 ./ra/fsp/src/r_sci_uart/r_sci_uart.o
                0x00002694                R_SCI_UART_Read
 .text.R_SCI_UART_Write
                0x0000269c       0x44 ./ra/fsp/src/r_sci_uart/r_sci_uart.o
                0x0000269c                R_SCI_UART_Write
 .text.R_SCI_UART_CallbackSet
                0x000026e0        0xc ./ra/fsp/src/r_sci_uart/r_sci_uart.o
                0x000026e0                R_SCI_UART_CallbackSet
 .text.R_SCI_UART_BaudSet
                0x000026ec       0x40 ./ra/fsp/src/r_sci_uart/r_sci_uart.o
                0x000026ec                R_SCI_UART_BaudSet
 .text.R_SCI_UART_InfoGet
                0x0000272c        0xc ./ra/fsp/src/r_sci_uart/r_sci_uart.o
                0x0000272c                R_SCI_UART_InfoGet
 .text.R_SCI_UART_Abort
                0x00002738       0x38 ./ra/fsp/src/r_sci_uart/r_sci_uart.o
                0x00002738                R_SCI_UART_Abort
 .text.R_SCI_UART_VersionGet
                0x00002770        0xc ./ra/fsp/src/r_sci_uart/r_sci_uart.o
                0x00002770                R_SCI_UART_VersionGet
 .text.r_sci_uart_call_callback
                0x0000277c       0x44 ./ra/fsp/src/r_sci_uart/r_sci_uart.o
 .text.R_SCI_UART_Open
                0x000027c0      0x31c ./ra/fsp/src/r_sci_uart/r_sci_uart.o
                0x000027c0                R_SCI_UART_Open
 .text.R_SCI_UART_BaudCalculate
                0x00002adc      0x18c ./ra/fsp/src/r_sci_uart/r_sci_uart.o
                0x00002adc                R_SCI_UART_BaudCalculate
 .text.sci_uart_txi_isr
                0x00002c68       0x84 ./ra/fsp/src/r_sci_uart/r_sci_uart.o
                0x00002c68                sci_uart_txi_isr
 .text.sci_uart_rxi_isr
                0x00002cec       0x8c ./ra/fsp/src/r_sci_uart/r_sci_uart.o
                0x00002cec                sci_uart_rxi_isr
 .text.sci_uart_tei_isr
                0x00002d78       0x3c ./ra/fsp/src/r_sci_uart/r_sci_uart.o
                0x00002d78                sci_uart_tei_isr
 .text.sci_uart_eri_isr
                0x00002db4       0x64 ./ra/fsp/src/r_sci_uart/r_sci_uart.o
                0x00002db4                sci_uart_eri_isr
 .text.R_POEG_Open
                0x00002e18       0xb4 ./ra/fsp/src/r_poeg/r_poeg.o
                0x00002e18                R_POEG_Open
 .text.R_POEG_Close
                0x00002ecc       0x54 ./ra/fsp/src/r_poeg/r_poeg.o
                0x00002ecc                R_POEG_Close
 .text.R_IOPORT_PinWrite
                0x00002f20       0x20 ./ra/fsp/src/r_ioport/r_ioport.o
                0x00002f20                R_IOPORT_PinWrite
 .text.bsp_vbatt_init.isra.0
                0x00002f40       0xac ./ra/fsp/src/r_ioport/r_ioport.o
 .text.r_ioport_pins_config
                0x00002fec       0xbc ./ra/fsp/src/r_ioport/r_ioport.o
 .text.R_IOPORT_Open
                0x000030a8       0x14 ./ra/fsp/src/r_ioport/r_ioport.o
                0x000030a8                R_IOPORT_Open
 .text.r_icu_isr
                0x000030bc       0x6c ./ra/fsp/src/r_icu/r_icu.o
                0x000030bc                r_icu_isr
 .text.R_GPT_Stop
                0x00003128        0xc ./ra/fsp/src/r_gpt/r_gpt.o
                0x00003128                R_GPT_Stop
 .text.R_GPT_Start
                0x00003134        0xc ./ra/fsp/src/r_gpt/r_gpt.o
                0x00003134                R_GPT_Start
 .text.r_gpt_enable_irq
                0x00003140       0x58 ./ra/fsp/src/r_gpt/r_gpt.o
 .text.R_GPT_Open
                0x00003198      0x1ec ./ra/fsp/src/r_gpt/r_gpt.o
                0x00003198                R_GPT_Open
 .text.r_gpt_call_callback
                0x00003384       0x3c ./ra/fsp/src/r_gpt/r_gpt.o
 .text.r_gpt_disable_irq.part.0
                0x000033c0       0x34 ./ra/fsp/src/r_gpt/r_gpt.o
 .text.R_GPT_Close
                0x000033f4       0x3c ./ra/fsp/src/r_gpt/r_gpt.o
                0x000033f4                R_GPT_Close
 .text.R_GPT_CounterSet
                0x00003430        0x8 ./ra/fsp/src/r_gpt/r_gpt.o
                0x00003430                R_GPT_CounterSet
 .text.gpt_counter_overflow_isr
                0x00003438       0x74 ./ra/fsp/src/r_gpt/r_gpt.o
                0x00003438                gpt_counter_overflow_isr
 .text.R_FLASH_HP_Close
                0x000034ac       0x6c ./ra/fsp/src/r_flash_hp/r_flash_hp.o
                0x000034ac                R_FLASH_HP_Close
 .text.flash_hp_init
                0x00003518      0x104 ./ra/fsp/src/r_flash_hp/r_flash_hp.o
 .text.R_FLASH_HP_Open
                0x0000361c       0xe0 ./ra/fsp/src/r_flash_hp/r_flash_hp.o
                0x0000361c                R_FLASH_HP_Open
 .text.r_flash_hp_call_callback
                0x000036fc       0x38 ./ra/fsp/src/r_flash_hp/r_flash_hp.o
 .text.flash_hp_pe_mode_exit
                0x00003734       0x64 ./ra/fsp/src/r_flash_hp/r_flash_hp.o
 .text.flash_hp_stop
                0x00003798       0x50 ./ra/fsp/src/r_flash_hp/r_flash_hp.o
 .text.flash_hp_check_errors
                0x000037e8       0x50 ./ra/fsp/src/r_flash_hp/r_flash_hp.o
 .text.flash_hp_enter_pe_df_mode.isra.0
                0x00003838       0xb4 ./ra/fsp/src/r_flash_hp/r_flash_hp.o
 .text.R_FLASH_HP_BlankCheck
                0x000038ec       0xa0 ./ra/fsp/src/r_flash_hp/r_flash_hp.o
                0x000038ec                R_FLASH_HP_BlankCheck
 .text.flash_hp_reset
                0x0000398c       0xdc ./ra/fsp/src/r_flash_hp/r_flash_hp.o
 .text.flash_hp_write_data.constprop.0
                0x00003a68       0x80 ./ra/fsp/src/r_flash_hp/r_flash_hp.o
 .text.R_FLASH_HP_Write
                0x00003ae8       0x70 ./ra/fsp/src/r_flash_hp/r_flash_hp.o
                0x00003ae8                R_FLASH_HP_Write
 .text.R_FLASH_HP_Erase
                0x00003b58       0xcc ./ra/fsp/src/r_flash_hp/r_flash_hp.o
                0x00003b58                R_FLASH_HP_Erase
 .text.fcu_fiferr_isr
                0x00003c24       0x70 ./ra/fsp/src/r_flash_hp/r_flash_hp.o
                0x00003c24                fcu_fiferr_isr
 .text.fcu_frdyi_isr
                0x00003c94       0xa0 ./ra/fsp/src/r_flash_hp/r_flash_hp.o
                0x00003c94                fcu_frdyi_isr
 .text.R_DTC_Reset
                0x00003d34       0x9c ./ra/fsp/src/r_dtc/r_dtc.o
                0x00003d34                R_DTC_Reset
 .text.R_DTC_SoftwareStart
                0x00003dd0        0x4 ./ra/fsp/src/r_dtc/r_dtc.o
                0x00003dd0                R_DTC_SoftwareStart
 .text.R_DTC_SoftwareStop
                0x00003dd4        0x4 ./ra/fsp/src/r_dtc/r_dtc.o
                0x00003dd4                R_DTC_SoftwareStop
 .text.R_DTC_Enable
                0x00003dd8       0x1c ./ra/fsp/src/r_dtc/r_dtc.o
                0x00003dd8                R_DTC_Enable
 .text.R_DTC_Disable
                0x00003df4       0x1c ./ra/fsp/src/r_dtc/r_dtc.o
                0x00003df4                R_DTC_Disable
 .text.R_DTC_InfoGet
                0x00003e10       0x5c ./ra/fsp/src/r_dtc/r_dtc.o
                0x00003e10                R_DTC_InfoGet
 .text.R_DTC_Close
                0x00003e6c       0x30 ./ra/fsp/src/r_dtc/r_dtc.o
                0x00003e6c                R_DTC_Close
 .text.R_DTC_VersionGet
                0x00003e9c       0x10 ./ra/fsp/src/r_dtc/r_dtc.o
                0x00003e9c                R_DTC_VersionGet
 .text.r_dtc_set_info.isra.0
                0x00003eac       0x48 ./ra/fsp/src/r_dtc/r_dtc.o
 .text.R_DTC_Reconfigure
                0x00003ef4       0x54 ./ra/fsp/src/r_dtc/r_dtc.o
                0x00003ef4                R_DTC_Reconfigure
 .text.R_DTC_Open
                0x00003f48       0x88 ./ra/fsp/src/r_dtc/r_dtc.o
                0x00003f48                R_DTC_Open
 .text.R_DAC_Open
                0x00003fd0       0x9c ./ra/fsp/src/r_dac/r_dac.o
                0x00003fd0                R_DAC_Open
 .text.R_DAC_Write
                0x0000406c       0x10 ./ra/fsp/src/r_dac/r_dac.o
                0x0000406c                R_DAC_Write
 .text.R_DAC_Stop
                0x0000407c       0x38 ./ra/fsp/src/r_dac/r_dac.o
                0x0000407c                R_DAC_Stop
 .text.R_DAC_Close
                0x000040b4       0x4c ./ra/fsp/src/r_dac/r_dac.o
                0x000040b4                R_DAC_Close
 .text.R_DAC_Start
                0x00004100       0xe0 ./ra/fsp/src/r_dac/r_dac.o
                0x00004100                R_DAC_Start
 .text.SystemCoreClockUpdate
                0x000041e0       0x28 ./ra/fsp/src/bsp/mcu/all/bsp_clocks.o
                0x000041e0                SystemCoreClockUpdate
 .text.bsp_clock_init
                0x00004208      0x104 ./ra/fsp/src/bsp/mcu/all/bsp_clocks.o
                0x00004208                bsp_clock_init
 .text.bsp_init_internal
                0x0000430c        0x4 ./ra/fsp/src/bsp/mcu/all/bsp_common.o
                0x0000430c                bsp_init_internal
                0x0000430c                bsp_init
 .text.bsp_prv_software_delay_loop
                0x00004310        0xc ./ra/fsp/src/bsp/mcu/all/bsp_delay.o
                0x00004310                bsp_prv_software_delay_loop
 .text.R_BSP_SoftwareDelay
                0x0000431c       0x5c ./ra/fsp/src/bsp/mcu/all/bsp_delay.o
                0x0000431c                R_BSP_SoftwareDelay
 .text.NMI_Handler
                0x00004378       0x38 ./ra/fsp/src/bsp/mcu/all/bsp_group_irq.o
                0x00004378                NMI_Handler
 .text.bsp_irq_cfg
                0x000043b0       0x28 ./ra/fsp/src/bsp/mcu/all/bsp_irq.o
                0x000043b0                bsp_irq_cfg
 .text.R_BSP_RegisterProtectEnable
                0x000043d8       0x60 ./ra/fsp/src/bsp/mcu/all/bsp_register_protection.o
                0x000043d8                R_BSP_RegisterProtectEnable
 .text.R_BSP_RegisterProtectDisable
                0x00004438       0x50 ./ra/fsp/src/bsp/mcu/all/bsp_register_protection.o
                0x00004438                R_BSP_RegisterProtectDisable
 .text._sbrk    0x00004488       0x40 ./ra/fsp/src/bsp/mcu/all/bsp_sbrk.o
                0x00004488                _sbrk
 .text.Default_Handler
                0x000044c8        0x4 ./ra/fsp/src/bsp/cmsis/Device/RENESAS/Source/startup.o
                0x000044c8                DebugMon_Handler
                0x000044c8                HardFault_Handler
                0x000044c8                SysTick_Handler
                0x000044c8                PendSV_Handler
                0x000044c8                UsageFault_Handler
                0x000044c8                SecureFault_Handler
                0x000044c8                Default_Handler
                0x000044c8                MemManage_Handler
                0x000044c8                SVC_Handler
                0x000044c8                BusFault_Handler
 .text.Reset_Handler
                0x000044cc        0xc ./ra/fsp/src/bsp/cmsis/Device/RENESAS/Source/startup.o
                0x000044cc                Reset_Handler
 .text.SystemInit
                0x000044d8       0xc0 ./ra/fsp/src/bsp/cmsis/Device/RENESAS/Source/system.o
                0x000044d8                SystemInit
 .text.OAC0014  0x00004598      0x138 C:\Users\sonvhc\Desktop\1-TU\Bkav_VC01\src\DSpotter\lib\libDSpotterLib2212_Official.a(DSpotterLicenseApi.o)
 .text.OnUartReadCompleteCallback
                0x000046d0       0x40 C:\Users\sonvhc\Desktop\1-TU\Bkav_VC01\src\DSpotter\lib\libDSpotterLib2212_Official.a(DSpotterLicenseApi.o)
 .text._HDE0001
                0x00004710      0xb64 C:\Users\sonvhc\Desktop\1-TU\Bkav_VC01\src\DSpotter\lib\libDSpotterLib2212_Official.a(DSpotterLicenseApi.o)
 .text.CheckLicense
                0x00005274      0x16c C:\Users\sonvhc\Desktop\1-TU\Bkav_VC01\src\DSpotter\lib\libDSpotterLib2212_Official.a(DSpotterLicenseApi.o)
 .text.DSPTR_000101
                0x000053e0        0x4 C:\Users\sonvhc\Desktop\1-TU\Bkav_VC01\src\DSpotter\lib\libDSpotterLib2212_Official.a(DSpotterLicenseApi.o)
                0x000053e0                DSPTR_000101
 .text.DSPTR_000102
                0x000053e4      0x640 C:\Users\sonvhc\Desktop\1-TU\Bkav_VC01\src\DSpotter\lib\libDSpotterLib2212_Official.a(DSpotterLicenseApi.o)
                0x000053e4                DSPTR_000102
 .text.flash0_bgo_callback
                0x00005a24       0x40 C:\Users\sonvhc\Desktop\1-TU\Bkav_VC01\src\DSpotter\lib\libDSpotterLib2212_Official.a(DSpotterLicenseApi.o)
                0x00005a24                flash0_bgo_callback
 .text.AGC_GetMemUsage
                0x00005a64        0x4 C:\Users\sonvhc\Desktop\1-TU\Bkav_VC01\src\DSpotter\lib\libDSpotterLib2212_Official.a(Dsr021.o)
                0x00005a64                AGC_GetMemUsage
 .text.AGC_Init
                0x00005a68       0x58 C:\Users\sonvhc\Desktop\1-TU\Bkav_VC01\src\DSpotter\lib\libDSpotterLib2212_Official.a(Dsr021.o)
                0x00005a68                AGC_Init
 .text.AGC_Do   0x00005ac0      0x14c C:\Users\sonvhc\Desktop\1-TU\Bkav_VC01\src\DSpotter\lib\libDSpotterLib2212_Official.a(Dsr021.o)
                0x00005ac0                AGC_Do
 .text.AGC_Release
                0x00005c0c        0xc C:\Users\sonvhc\Desktop\1-TU\Bkav_VC01\src\DSpotter\lib\libDSpotterLib2212_Official.a(Dsr021.o)
                0x00005c0c                AGC_Release
 .text.AGC_SetMaxGain
                0x00005c18       0x80 C:\Users\sonvhc\Desktop\1-TU\Bkav_VC01\src\DSpotter\lib\libDSpotterLib2212_Official.a(Dsr021.o)
                0x00005c18                AGC_SetMaxGain
 .text.DSpotter_GetMemoryUsage_Multi
                0x00005c98       0x90 C:\Users\sonvhc\Desktop\1-TU\Bkav_VC01\src\DSpotter\lib\libDSpotterLib2212_Official.a(Dsr100.o)
                0x00005c98                DSpotter_GetMemoryUsage_Multi
 .text.DSpotter_Init_Multi
                0x00005d28      0x3d0 C:\Users\sonvhc\Desktop\1-TU\Bkav_VC01\src\DSpotter\lib\libDSpotterLib2212_Official.a(Dsr100.o)
                0x00005d28                DSpotter_Init_Multi
 .text.DSpotter_Release
                0x000060f8       0x24 C:\Users\sonvhc\Desktop\1-TU\Bkav_VC01\src\DSpotter\lib\libDSpotterLib2212_Official.a(Dsr100.o)
                0x000060f8                DSpotter_Release
 .text.DSpotter_Reset
                0x0000611c       0x2c C:\Users\sonvhc\Desktop\1-TU\Bkav_VC01\src\DSpotter\lib\libDSpotterLib2212_Official.a(Dsr100.o)
                0x0000611c                DSpotter_Reset
 .text.DSpotter_AddSample
                0x00006148      0x10c C:\Users\sonvhc\Desktop\1-TU\Bkav_VC01\src\DSpotter\lib\libDSpotterLib2212_Official.a(Dsr100.o)
                0x00006148                DSpotter_AddSample
 .text.DSpotter_GetResult
                0x00006254       0x18 C:\Users\sonvhc\Desktop\1-TU\Bkav_VC01\src\DSpotter\lib\libDSpotterLib2212_Official.a(Dsr100.o)
                0x00006254                DSpotter_GetResult
 .text.DSpotter_GetResultScore
                0x0000626c       0x68 C:\Users\sonvhc\Desktop\1-TU\Bkav_VC01\src\DSpotter\lib\libDSpotterLib2212_Official.a(Dsr100.o)
                0x0000626c                DSpotter_GetResultScore
 .text.DSpotter_GetNumWord
                0x000062d4       0x30 C:\Users\sonvhc\Desktop\1-TU\Bkav_VC01\src\DSpotter\lib\libDSpotterLib2212_Official.a(Dsr100.o)
                0x000062d4                DSpotter_GetNumWord
 .text.DSpotter_GetCmdEnergy
                0x00006304       0x10 C:\Users\sonvhc\Desktop\1-TU\Bkav_VC01\src\DSpotter\lib\libDSpotterLib2212_Official.a(Dsr100.o)
                0x00006304                DSpotter_GetCmdEnergy
 .text.DSpotter_IsKeywordAlive
                0x00006314       0x10 C:\Users\sonvhc\Desktop\1-TU\Bkav_VC01\src\DSpotter\lib\libDSpotterLib2212_Official.a(Dsr100.o)
                0x00006314                DSpotter_IsKeywordAlive
 .text.RingBufferInit
                0x00006324       0xa4 C:\Users\sonvhc\Desktop\1-TU\Bkav_VC01\src\DSpotter\lib\libDSpotterLib2212_Official.a(RingBuffer.o)
                0x00006324                RingBufferInit
 .text.RingBufferRelease
                0x000063c8       0x34 C:\Users\sonvhc\Desktop\1-TU\Bkav_VC01\src\DSpotter\lib\libDSpotterLib2212_Official.a(RingBuffer.o)
                0x000063c8                RingBufferRelease
 .text.RingBufferIsFull
                0x000063fc       0x18 C:\Users\sonvhc\Desktop\1-TU\Bkav_VC01\src\DSpotter\lib\libDSpotterLib2212_Official.a(RingBuffer.o)
                0x000063fc                RingBufferIsFull
 .text.RingBufferPutData
                0x00006414       0x78 C:\Users\sonvhc\Desktop\1-TU\Bkav_VC01\src\DSpotter\lib\libDSpotterLib2212_Official.a(RingBuffer.o)
                0x00006414                RingBufferPutData
 .text.RingBufferGetData
                0x0000648c       0x70 C:\Users\sonvhc\Desktop\1-TU\Bkav_VC01\src\DSpotter\lib\libDSpotterLib2212_Official.a(RingBuffer.o)
                0x0000648c                RingBufferGetData
 .text.RingBufferGetFreeSize
                0x000064fc       0x10 C:\Users\sonvhc\Desktop\1-TU\Bkav_VC01\src\DSpotter\lib\libDSpotterLib2212_Official.a(RingBuffer.o)
                0x000064fc                RingBufferGetFreeSize
 .text.RingBufferGetDataSize
                0x0000650c        0xc C:\Users\sonvhc\Desktop\1-TU\Bkav_VC01\src\DSpotter\lib\libDSpotterLib2212_Official.a(RingBuffer.o)
                0x0000650c                RingBufferGetDataSize
 .text.RingBufferGetDataBuffer
                0x00006518       0x68 C:\Users\sonvhc\Desktop\1-TU\Bkav_VC01\src\DSpotter\lib\libDSpotterLib2212_Official.a(RingBuffer.o)
                0x00006518                RingBufferGetDataBuffer
 .text.RingBufferDequeueData
                0x00006580       0x40 C:\Users\sonvhc\Desktop\1-TU\Bkav_VC01\src\DSpotter\lib\libDSpotterLib2212_Official.a(RingBuffer.o)
                0x00006580                RingBufferDequeueData
 .text.DSPTR_000110
                0x000065c0       0x54 C:\Users\sonvhc\Desktop\1-TU\Bkav_VC01\src\DSpotter\lib\libDSpotterLib2212_Official.a(CybEncode.o)
                0x000065c0                DSPTR_000110
 .text.DSPTR_001003
                0x00006614       0x10 C:\Users\sonvhc\Desktop\1-TU\Bkav_VC01\src\DSpotter\lib\libDSpotterLib2212_Official.a(Dsr002.o)
                0x00006614                DSPTR_001003
 .text.DSPTR_001001
                0x00006624       0x7c C:\Users\sonvhc\Desktop\1-TU\Bkav_VC01\src\DSpotter\lib\libDSpotterLib2212_Official.a(Dsr002.o)
                0x00006624                DSPTR_001001
 .text.DSPTR_001000
                0x000066a0       0x60 C:\Users\sonvhc\Desktop\1-TU\Bkav_VC01\src\DSpotter\lib\libDSpotterLib2212_Official.a(Dsr002.o)
                0x000066a0                DSPTR_001000
 .text.DSPTR_001002
                0x00006700       0x98 C:\Users\sonvhc\Desktop\1-TU\Bkav_VC01\src\DSpotter\lib\libDSpotterLib2212_Official.a(Dsr002.o)
                0x00006700                DSPTR_001002
 .text.FixCalcRMS
                0x00006798       0x84 C:\Users\sonvhc\Desktop\1-TU\Bkav_VC01\src\DSpotter\lib\libDSpotterLib2212_Official.a(Dsr032.o)
 .text.DSPTR_018006
                0x0000681c       0xe0 C:\Users\sonvhc\Desktop\1-TU\Bkav_VC01\src\DSpotter\lib\libDSpotterLib2212_Official.a(Dsr032.o)
                0x0000681c                DSPTR_018006
 .text.DSPTR_018013
                0x000068fc       0x40 C:\Users\sonvhc\Desktop\1-TU\Bkav_VC01\src\DSpotter\lib\libDSpotterLib2212_Official.a(Dsr032.o)
                0x000068fc                DSPTR_018013
 .text.DSPTR_018005
                0x0000693c      0x100 C:\Users\sonvhc\Desktop\1-TU\Bkav_VC01\src\DSpotter\lib\libDSpotterLib2212_Official.a(Dsr032.o)
                0x0000693c                DSPTR_018005
 .text.DSPTR_018012
                0x00006a3c      0x2e8 C:\Users\sonvhc\Desktop\1-TU\Bkav_VC01\src\DSpotter\lib\libDSpotterLib2212_Official.a(Dsr032.o)
                0x00006a3c                DSPTR_018012
 .text.DSPTR_018004
                0x00006d24       0x34 C:\Users\sonvhc\Desktop\1-TU\Bkav_VC01\src\DSpotter\lib\libDSpotterLib2212_Official.a(Dsr032.o)
                0x00006d24                DSPTR_018004
 .text.DSPTR_018017
                0x00006d58       0x28 C:\Users\sonvhc\Desktop\1-TU\Bkav_VC01\src\DSpotter\lib\libDSpotterLib2212_Official.a(Dsr032.o)
                0x00006d58                DSPTR_018017
 .text.DSPTR_018000
                0x00006d80      0x140 C:\Users\sonvhc\Desktop\1-TU\Bkav_VC01\src\DSpotter\lib\libDSpotterLib2212_Official.a(Dsr032.o)
                0x00006d80                DSPTR_018000
 .text.DSPTR_018001
                0x00006ec0       0xec C:\Users\sonvhc\Desktop\1-TU\Bkav_VC01\src\DSpotter\lib\libDSpotterLib2212_Official.a(Dsr032.o)
                0x00006ec0                DSPTR_018001
 .text.DSPTR_018014
                0x00006fac       0x34 C:\Users\sonvhc\Desktop\1-TU\Bkav_VC01\src\DSpotter\lib\libDSpotterLib2212_Official.a(Dsr032.o)
                0x00006fac                DSPTR_018014
 .text.DSPTR_018022
                0x00006fe0       0x1c C:\Users\sonvhc\Desktop\1-TU\Bkav_VC01\src\DSpotter\lib\libDSpotterLib2212_Official.a(Dsr032.o)
                0x00006fe0                DSPTR_018022
 .text.DSPTR_018009
                0x00006ffc       0x28 C:\Users\sonvhc\Desktop\1-TU\Bkav_VC01\src\DSpotter\lib\libDSpotterLib2212_Official.a(Dsr032.o)
                0x00006ffc                DSPTR_018009
 .text.DSPTR_018002
                0x00007024       0x1c C:\Users\sonvhc\Desktop\1-TU\Bkav_VC01\src\DSpotter\lib\libDSpotterLib2212_Official.a(Dsr032.o)
                0x00007024                DSPTR_018002
 .text.DSPTR_018010
                0x00007040       0x1c C:\Users\sonvhc\Desktop\1-TU\Bkav_VC01\src\DSpotter\lib\libDSpotterLib2212_Official.a(Dsr032.o)
                0x00007040                DSPTR_018010
 .text.DSPTR_018036
                0x0000705c        0xc C:\Users\sonvhc\Desktop\1-TU\Bkav_VC01\src\DSpotter\lib\libDSpotterLib2212_Official.a(Dsr032.o)
                0x0000705c                DSPTR_018036
 .text.DSPTR_018008
                0x00007068        0x8 C:\Users\sonvhc\Desktop\1-TU\Bkav_VC01\src\DSpotter\lib\libDSpotterLib2212_Official.a(Dsr032.o)
                0x00007068                DSPTR_018008
 .text.DSPTR_018047
                0x00007070        0xc C:\Users\sonvhc\Desktop\1-TU\Bkav_VC01\src\DSpotter\lib\libDSpotterLib2212_Official.a(Dsr032.o)
                0x00007070                DSPTR_018047
 .text.DSPTR_011010
                0x0000707c       0xe0 C:\Users\sonvhc\Desktop\1-TU\Bkav_VC01\src\DSpotter\lib\libDSpotterLib2212_Official.a(Dsr012.o)
                0x0000707c                DSPTR_011010
 .text.DSPTR_011012
                0x0000715c       0x18 C:\Users\sonvhc\Desktop\1-TU\Bkav_VC01\src\DSpotter\lib\libDSpotterLib2212_Official.a(Dsr012.o)
                0x0000715c                DSPTR_011012
 .text.DSPTR_011000
                0x00007174      0x144 C:\Users\sonvhc\Desktop\1-TU\Bkav_VC01\src\DSpotter\lib\libDSpotterLib2212_Official.a(Dsr012.o)
                0x00007174                DSPTR_011000
 .text.DSPTR_011003
                0x000072b8       0x34 C:\Users\sonvhc\Desktop\1-TU\Bkav_VC01\src\DSpotter\lib\libDSpotterLib2212_Official.a(Dsr012.o)
                0x000072b8                DSPTR_011003
 .text.DSPTR_011014
                0x000072ec       0x18 C:\Users\sonvhc\Desktop\1-TU\Bkav_VC01\src\DSpotter\lib\libDSpotterLib2212_Official.a(Dsr012.o)
                0x000072ec                DSPTR_011014
 .text.DSPTR_011016
                0x00007304       0x24 C:\Users\sonvhc\Desktop\1-TU\Bkav_VC01\src\DSpotter\lib\libDSpotterLib2212_Official.a(Dsr012.o)
                0x00007304                DSPTR_011016
 .text.DSPTR_011007
                0x00007328       0x18 C:\Users\sonvhc\Desktop\1-TU\Bkav_VC01\src\DSpotter\lib\libDSpotterLib2212_Official.a(Dsr012.o)
                0x00007328                DSPTR_011007
 .text.DSPTR_011008
                0x00007340       0x20 C:\Users\sonvhc\Desktop\1-TU\Bkav_VC01\src\DSpotter\lib\libDSpotterLib2212_Official.a(Dsr012.o)
                0x00007340                DSPTR_011008
 .text.DSPTR_012000
                0x00007360      0x3a0 C:\Users\sonvhc\Desktop\1-TU\Bkav_VC01\src\DSpotter\lib\libDSpotterLib2212_Official.a(Dsr013.o)
                0x00007360                DSPTR_012000
 .text.DSPTR_012004
                0x00007700       0x90 C:\Users\sonvhc\Desktop\1-TU\Bkav_VC01\src\DSpotter\lib\libDSpotterLib2212_Official.a(Dsr013.o)
                0x00007700                DSPTR_012004
 .text.DSPTR_012005
                0x00007790       0x44 C:\Users\sonvhc\Desktop\1-TU\Bkav_VC01\src\DSpotter\lib\libDSpotterLib2212_Official.a(Dsr013.o)
                0x00007790                DSPTR_012005
 .text.DSPTR_012003
                0x000077d4       0x40 C:\Users\sonvhc\Desktop\1-TU\Bkav_VC01\src\DSpotter\lib\libDSpotterLib2212_Official.a(Dsr013.o)
                0x000077d4                DSPTR_012003
 .text.DSPTR_012006
                0x00007814      0x100 C:\Users\sonvhc\Desktop\1-TU\Bkav_VC01\src\DSpotter\lib\libDSpotterLib2212_Official.a(Dsr013.o)
                0x00007814                DSPTR_012006
 .text.DSPTR_012002
                0x00007914       0x24 C:\Users\sonvhc\Desktop\1-TU\Bkav_VC01\src\DSpotter\lib\libDSpotterLib2212_Official.a(Dsr013.o)
                0x00007914                DSPTR_012002
 .text.DSPTR_013002
                0x00007938      0x150 C:\Users\sonvhc\Desktop\1-TU\Bkav_VC01\src\DSpotter\lib\libDSpotterLib2212_Official.a(Dsr014.o)
                0x00007938                DSPTR_013002
 .text.DSPTR_013001
                0x00007a88      0x20c C:\Users\sonvhc\Desktop\1-TU\Bkav_VC01\src\DSpotter\lib\libDSpotterLib2212_Official.a(Dsr014.o)
                0x00007a88                DSPTR_013001
 .text.DSPTR_013000
                0x00007c94      0x1f4 C:\Users\sonvhc\Desktop\1-TU\Bkav_VC01\src\DSpotter\lib\libDSpotterLib2212_Official.a(Dsr014.o)
                0x00007c94                DSPTR_013000
 .text.DSPTR_014000
                0x00007e88       0x88 C:\Users\sonvhc\Desktop\1-TU\Bkav_VC01\src\DSpotter\lib\libDSpotterLib2212_Official.a(Dsr015.o)
                0x00007e88                DSPTR_014000
 .text.DSPTR_014003
                0x00007f10       0x44 C:\Users\sonvhc\Desktop\1-TU\Bkav_VC01\src\DSpotter\lib\libDSpotterLib2212_Official.a(Dsr015.o)
                0x00007f10                DSPTR_014003
 .text.DSPTR_014002
                0x00007f54       0x64 C:\Users\sonvhc\Desktop\1-TU\Bkav_VC01\src\DSpotter\lib\libDSpotterLib2212_Official.a(Dsr015.o)
                0x00007f54                DSPTR_014002
 .text.DSPTR_014004
                0x00007fb8       0x1c C:\Users\sonvhc\Desktop\1-TU\Bkav_VC01\src\DSpotter\lib\libDSpotterLib2212_Official.a(Dsr015.o)
                0x00007fb8                DSPTR_014004
 .text.DSPTR_015002
                0x00007fd4        0x4 C:\Users\sonvhc\Desktop\1-TU\Bkav_VC01\src\DSpotter\lib\libDSpotterLib2212_Official.a(Dsr017.o)
                0x00007fd4                DSPTR_015002
 .text.DSPTR_015005
                0x00007fd8       0x30 C:\Users\sonvhc\Desktop\1-TU\Bkav_VC01\src\DSpotter\lib\libDSpotterLib2212_Official.a(Dsr017.o)
                0x00007fd8                DSPTR_015005
 .text.DSPTR_015006
                0x00008008       0x8c C:\Users\sonvhc\Desktop\1-TU\Bkav_VC01\src\DSpotter\lib\libDSpotterLib2212_Official.a(Dsr017.o)
                0x00008008                DSPTR_015006
 .text.DSPTR_015001
                0x00008094       0xb4 C:\Users\sonvhc\Desktop\1-TU\Bkav_VC01\src\DSpotter\lib\libDSpotterLib2212_Official.a(Dsr017.o)
                0x00008094                DSPTR_015001
 .text.DSPTR_017009
                0x00008148       0x90 C:\Users\sonvhc\Desktop\1-TU\Bkav_VC01\src\DSpotter\lib\libDSpotterLib2212_Official.a(Dsr031.o)
                0x00008148                DSPTR_017009
 .text.DSPTR_017008
                0x000081d8      0x4ec C:\Users\sonvhc\Desktop\1-TU\Bkav_VC01\src\DSpotter\lib\libDSpotterLib2212_Official.a(Dsr031.o)
                0x000081d8                DSPTR_017008
 .text.DSPTR_017010
                0x000086c4      0x228 C:\Users\sonvhc\Desktop\1-TU\Bkav_VC01\src\DSpotter\lib\libDSpotterLib2212_Official.a(Dsr031.o)
                0x000086c4                DSPTR_017010
 .text.DSPTR_017000
                0x000088ec       0xe0 C:\Users\sonvhc\Desktop\1-TU\Bkav_VC01\src\DSpotter\lib\libDSpotterLib2212_Official.a(Dsr031.o)
                0x000088ec                DSPTR_017000
 .text.DSPTR_017003
                0x000089cc       0xf8 C:\Users\sonvhc\Desktop\1-TU\Bkav_VC01\src\DSpotter\lib\libDSpotterLib2212_Official.a(Dsr031.o)
                0x000089cc                DSPTR_017003
 .text.DSPTR_017013
                0x00008ac4       0x18 C:\Users\sonvhc\Desktop\1-TU\Bkav_VC01\src\DSpotter\lib\libDSpotterLib2212_Official.a(Dsr031.o)
                0x00008ac4                DSPTR_017013
 .text.DSPTR_017001
                0x00008adc       0x58 C:\Users\sonvhc\Desktop\1-TU\Bkav_VC01\src\DSpotter\lib\libDSpotterLib2212_Official.a(Dsr031.o)
                0x00008adc                DSPTR_017001
 .text.DSPTR_017006
                0x00008b34       0x48 C:\Users\sonvhc\Desktop\1-TU\Bkav_VC01\src\DSpotter\lib\libDSpotterLib2212_Official.a(Dsr031.o)
                0x00008b34                DSPTR_017006
 .text.DSPTR_017002
                0x00008b7c       0x20 C:\Users\sonvhc\Desktop\1-TU\Bkav_VC01\src\DSpotter\lib\libDSpotterLib2212_Official.a(Dsr031.o)
                0x00008b7c                DSPTR_017002
 .text.DSPTR_017022
                0x00008b9c       0x8c C:\Users\sonvhc\Desktop\1-TU\Bkav_VC01\src\DSpotter\lib\libDSpotterLib2212_Official.a(Dsr031.o)
                0x00008b9c                DSPTR_017022
 .text.DSPTR_017005
                0x00008c28        0x8 C:\Users\sonvhc\Desktop\1-TU\Bkav_VC01\src\DSpotter\lib\libDSpotterLib2212_Official.a(Dsr031.o)
                0x00008c28                DSPTR_017005
 .text.DSPTR_022059.isra.6
                0x00008c30      0x4fc C:\Users\sonvhc\Desktop\1-TU\Bkav_VC01\src\DSpotter\lib\libDSpotterLib2212_Official.a(Dsr050.o)
 .text.DSPTR_022058.isra.7
                0x0000912c      0x3f0 C:\Users\sonvhc\Desktop\1-TU\Bkav_VC01\src\DSpotter\lib\libDSpotterLib2212_Official.a(Dsr050.o)
 .text.DSPTR_021003
                0x0000951c      0xebc C:\Users\sonvhc\Desktop\1-TU\Bkav_VC01\src\DSpotter\lib\libDSpotterLib2212_Official.a(Dsr050.o)
 .text.DSPTR_021011
                0x0000a3d8       0x2c C:\Users\sonvhc\Desktop\1-TU\Bkav_VC01\src\DSpotter\lib\libDSpotterLib2212_Official.a(Dsr050.o)
 .text.DSPTR_022054
                0x0000a404       0xe8 C:\Users\sonvhc\Desktop\1-TU\Bkav_VC01\src\DSpotter\lib\libDSpotterLib2212_Official.a(Dsr050.o)
                0x0000a404                DSPTR_022054
 .text.DSPTR_022051
                0x0000a4ec      0x1cc C:\Users\sonvhc\Desktop\1-TU\Bkav_VC01\src\DSpotter\lib\libDSpotterLib2212_Official.a(Dsr050.o)
                0x0000a4ec                DSPTR_022051
 .text.DSPTR_022040
                0x0000a6b8       0x28 C:\Users\sonvhc\Desktop\1-TU\Bkav_VC01\src\DSpotter\lib\libDSpotterLib2212_Official.a(Dsr050.o)
                0x0000a6b8                DSPTR_022040
 .text.DSPTR_022036
                0x0000a6e0       0x14 C:\Users\sonvhc\Desktop\1-TU\Bkav_VC01\src\DSpotter\lib\libDSpotterLib2212_Official.a(Dsr050.o)
                0x0000a6e0                DSPTR_022036
 .text.DSPTR_022056
                0x0000a6f4      0x434 C:\Users\sonvhc\Desktop\1-TU\Bkav_VC01\src\DSpotter\lib\libDSpotterLib2212_Official.a(Dsr050.o)
                0x0000a6f4                DSPTR_022056
 .text.DSPTR_022028
                0x0000ab28      0x3c0 C:\Users\sonvhc\Desktop\1-TU\Bkav_VC01\src\DSpotter\lib\libDSpotterLib2212_Official.a(Dsr050.o)
                0x0000ab28                DSPTR_022028
 .text.DSPTR_022048
                0x0000aee8        0xc C:\Users\sonvhc\Desktop\1-TU\Bkav_VC01\src\DSpotter\lib\libDSpotterLib2212_Official.a(Dsr050.o)
                0x0000aee8                DSPTR_022048
 .text.DSPTR_022043
                0x0000aef4       0x10 C:\Users\sonvhc\Desktop\1-TU\Bkav_VC01\src\DSpotter\lib\libDSpotterLib2212_Official.a(Dsr050.o)
                0x0000aef4                DSPTR_022043
 .text.DSPTR_022045
                0x0000af04       0x10 C:\Users\sonvhc\Desktop\1-TU\Bkav_VC01\src\DSpotter\lib\libDSpotterLib2212_Official.a(Dsr050.o)
                0x0000af04                DSPTR_022045
 .text.DSPTR_022047
                0x0000af14       0xc0 C:\Users\sonvhc\Desktop\1-TU\Bkav_VC01\src\DSpotter\lib\libDSpotterLib2212_Official.a(Dsr050.o)
                0x0000af14                DSPTR_022047
 .text.DSPTR_022044
                0x0000afd4       0x3c C:\Users\sonvhc\Desktop\1-TU\Bkav_VC01\src\DSpotter\lib\libDSpotterLib2212_Official.a(Dsr050.o)
                0x0000afd4                DSPTR_022044
 .text.DSPTR_022029
                0x0000b010       0x50 C:\Users\sonvhc\Desktop\1-TU\Bkav_VC01\src\DSpotter\lib\libDSpotterLib2212_Official.a(Dsr050.o)
                0x0000b010                DSPTR_022029
 .text.DSPTR_002016
                0x0000b060       0x70 C:\Users\sonvhc\Desktop\1-TU\Bkav_VC01\src\DSpotter\lib\libDSpotterLib2212_Official.a(Dsr003.o)
                0x0000b060                DSPTR_002016
 .text.DSPTR_002008
                0x0000b0d0       0x60 C:\Users\sonvhc\Desktop\1-TU\Bkav_VC01\src\DSpotter\lib\libDSpotterLib2212_Official.a(Dsr003.o)
                0x0000b0d0                DSPTR_002008
 .text.DSPTR_004000
                0x0000b130       0x60 C:\Users\sonvhc\Desktop\1-TU\Bkav_VC01\src\DSpotter\lib\libDSpotterLib2212_Official.a(Dsr005.o)
                0x0000b130                DSPTR_004000
 .text.DSPTR_005016
                0x0000b190       0xa8 C:\Users\sonvhc\Desktop\1-TU\Bkav_VC01\src\DSpotter\lib\libDSpotterLib2212_Official.a(Dsr006.o)
 .text.DSPTR_005000
                0x0000b238      0x164 C:\Users\sonvhc\Desktop\1-TU\Bkav_VC01\src\DSpotter\lib\libDSpotterLib2212_Official.a(Dsr006.o)
                0x0000b238                DSPTR_005000
 .text.DSPTR_009000
                0x0000b39c       0x4c C:\Users\sonvhc\Desktop\1-TU\Bkav_VC01\src\DSpotter\lib\libDSpotterLib2212_Official.a(Dsr010.o)
                0x0000b39c                DSPTR_009000
 .text.DSPTR_016006
                0x0000b3e8      0x2f4 C:\Users\sonvhc\Desktop\1-TU\Bkav_VC01\src\DSpotter\lib\libDSpotterLib2212_Official.a(Dsr030.o)
                0x0000b3e8                DSPTR_016006
 .text.DSPTR_016010
                0x0000b6dc       0x78 C:\Users\sonvhc\Desktop\1-TU\Bkav_VC01\src\DSpotter\lib\libDSpotterLib2212_Official.a(Dsr030.o)
                0x0000b6dc                DSPTR_016010
 .text.DSPTR_016000
                0x0000b754      0x180 C:\Users\sonvhc\Desktop\1-TU\Bkav_VC01\src\DSpotter\lib\libDSpotterLib2212_Official.a(Dsr030.o)
                0x0000b754                DSPTR_016000
 .text.DSPTR_016002
                0x0000b8d4       0xb8 C:\Users\sonvhc\Desktop\1-TU\Bkav_VC01\src\DSpotter\lib\libDSpotterLib2212_Official.a(Dsr030.o)
                0x0000b8d4                DSPTR_016002
 .text.DSPTR_016008
                0x0000b98c       0x50 C:\Users\sonvhc\Desktop\1-TU\Bkav_VC01\src\DSpotter\lib\libDSpotterLib2212_Official.a(Dsr030.o)
                0x0000b98c                DSPTR_016008
 .text.DSPTR_016009
                0x0000b9dc      0x13c C:\Users\sonvhc\Desktop\1-TU\Bkav_VC01\src\DSpotter\lib\libDSpotterLib2212_Official.a(Dsr030.o)
                0x0000b9dc                DSPTR_016009
 .text.DSPTR_016005
                0x0000bb18       0xac C:\Users\sonvhc\Desktop\1-TU\Bkav_VC01\src\DSpotter\lib\libDSpotterLib2212_Official.a(Dsr030.o)
                0x0000bb18                DSPTR_016005
 .text.DSPTR_016004
                0x0000bbc4      0x548 C:\Users\sonvhc\Desktop\1-TU\Bkav_VC01\src\DSpotter\lib\libDSpotterLib2212_Official.a(Dsr030.o)
                0x0000bbc4                DSPTR_016004
 .text.DSPTR_023002
                0x0000c10c       0x4c C:\Users\sonvhc\Desktop\1-TU\Bkav_VC01\src\DSpotter\lib\libDSpotterLib2212_Official.a(cyb_dot_prod.o)
                0x0000c10c                DSPTR_023002
 .text.DSPTR_023004
                0x0000c158       0x50 C:\Users\sonvhc\Desktop\1-TU\Bkav_VC01\src\DSpotter\lib\libDSpotterLib2212_Official.a(cyb_dot_prod.o)
                0x0000c158                DSPTR_023004
 .text.SpeexDecoderInit
                0x0000c1a8       0xd8 C:\Users\sonvhc\Desktop\1-TU\Bkav_VC01\src\Speex\lib\libSpeexLib.a(SpeexDecodeApi.o)
                0x0000c1a8                SpeexDecoderInit
 .text.SpeexDecoderRelease
                0x0000c280       0x28 C:\Users\sonvhc\Desktop\1-TU\Bkav_VC01\src\Speex\lib\libSpeexLib.a(SpeexDecodeApi.o)
                0x0000c280                SpeexDecoderRelease
 .text.SpeexDecoderDo
                0x0000c2a8       0x78 C:\Users\sonvhc\Desktop\1-TU\Bkav_VC01\src\Speex\lib\libSpeexLib.a(SpeexDecodeApi.o)
                0x0000c2a8                SpeexDecoderDo
 .text.speex_bits_init
                0x0000c320       0x24 C:\Users\sonvhc\Desktop\1-TU\Bkav_VC01\src\Speex\lib\libSpeexLib.a(bits.o)
                0x0000c320                speex_bits_init
 .text.speex_bits_destroy
                0x0000c344        0xc C:\Users\sonvhc\Desktop\1-TU\Bkav_VC01\src\Speex\lib\libSpeexLib.a(bits.o)
                0x0000c344                speex_bits_destroy
 .text.speex_bits_reset
                0x0000c350       0x10 C:\Users\sonvhc\Desktop\1-TU\Bkav_VC01\src\Speex\lib\libSpeexLib.a(bits.o)
                0x0000c350                speex_bits_reset
 .text.speex_bits_read_from
                0x0000c360       0x58 C:\Users\sonvhc\Desktop\1-TU\Bkav_VC01\src\Speex\lib\libSpeexLib.a(bits.o)
                0x0000c360                speex_bits_read_from
 .text.speex_bits_pack
                0x0000c3b8       0x8c C:\Users\sonvhc\Desktop\1-TU\Bkav_VC01\src\Speex\lib\libSpeexLib.a(bits.o)
                0x0000c3b8                speex_bits_pack
 .text.speex_bits_unpack_unsigned
                0x0000c444       0x5c C:\Users\sonvhc\Desktop\1-TU\Bkav_VC01\src\Speex\lib\libSpeexLib.a(bits.o)
                0x0000c444                speex_bits_unpack_unsigned
 .text.speex_bits_peek
                0x0000c4a0       0x38 C:\Users\sonvhc\Desktop\1-TU\Bkav_VC01\src\Speex\lib\libSpeexLib.a(bits.o)
                0x0000c4a0                speex_bits_peek
 .text.speex_bits_advance
                0x0000c4d8       0x30 C:\Users\sonvhc\Desktop\1-TU\Bkav_VC01\src\Speex\lib\libSpeexLib.a(bits.o)
                0x0000c4d8                speex_bits_advance
 .text.speex_bits_remaining
                0x0000c508       0x18 C:\Users\sonvhc\Desktop\1-TU\Bkav_VC01\src\Speex\lib\libSpeexLib.a(bits.o)
                0x0000c508                speex_bits_remaining
 .text.wb_mode_query
                0x0000c520       0x40 C:\Users\sonvhc\Desktop\1-TU\Bkav_VC01\src\Speex\lib\libSpeexLib.a(modes_wb.o)
                0x0000c520                wb_mode_query
 .text.speex_lib_get_mode
                0x0000c560       0x14 C:\Users\sonvhc\Desktop\1-TU\Bkav_VC01\src\Speex\lib\libSpeexLib.a(modes_wb.o)
                0x0000c560                speex_lib_get_mode
 .text._speex_fatal.constprop.2
                0x0000c574       0x2c C:\Users\sonvhc\Desktop\1-TU\Bkav_VC01\src\Speex\lib\libSpeexLib.a(nb_celp.o)
 .text.nb_encoder_init
                0x0000c5a0      0x170 C:\Users\sonvhc\Desktop\1-TU\Bkav_VC01\src\Speex\lib\libSpeexLib.a(nb_celp.o)
                0x0000c5a0                nb_encoder_init
 .text.nb_encoder_destroy
                0x0000c710        0x4 C:\Users\sonvhc\Desktop\1-TU\Bkav_VC01\src\Speex\lib\libSpeexLib.a(nb_celp.o)
                0x0000c710                nb_encoder_destroy
 .text.nb_encoder_ctl
                0x0000c714      0x314 C:\Users\sonvhc\Desktop\1-TU\Bkav_VC01\src\Speex\lib\libSpeexLib.a(nb_celp.o)
                0x0000c714                nb_encoder_ctl
 .text.nb_encode
                0x0000ca28     0x10b4 C:\Users\sonvhc\Desktop\1-TU\Bkav_VC01\src\Speex\lib\libSpeexLib.a(nb_celp.o)
                0x0000ca28                nb_encode
 .text.nb_decoder_init
                0x0000dadc      0x158 C:\Users\sonvhc\Desktop\1-TU\Bkav_VC01\src\Speex\lib\libSpeexLib.a(nb_celp.o)
                0x0000dadc                nb_decoder_init
 .text.nb_decoder_destroy
                0x0000dc34        0x4 C:\Users\sonvhc\Desktop\1-TU\Bkav_VC01\src\Speex\lib\libSpeexLib.a(nb_celp.o)
                0x0000dc34                nb_decoder_destroy
 .text.nb_decoder_ctl
                0x0000dc38      0x1d0 C:\Users\sonvhc\Desktop\1-TU\Bkav_VC01\src\Speex\lib\libSpeexLib.a(nb_celp.o)
                0x0000dc38                nb_decoder_ctl
 .text.nb_decode
                0x0000de08      0xe1c C:\Users\sonvhc\Desktop\1-TU\Bkav_VC01\src\Speex\lib\libSpeexLib.a(nb_celp.o)
                0x0000de08                nb_decode
 .text.compute_quant_weights
                0x0000ec24       0x84 C:\Users\sonvhc\Desktop\1-TU\Bkav_VC01\src\Speex\lib\libSpeexLib.a(quant_lsp.o)
 .text.lsp_weight_quant.constprop.2
                0x0000eca8      0x164 C:\Users\sonvhc\Desktop\1-TU\Bkav_VC01\src\Speex\lib\libSpeexLib.a(quant_lsp.o)
 .text.lsp_weight_quant.constprop.3
                0x0000ee0c      0x164 C:\Users\sonvhc\Desktop\1-TU\Bkav_VC01\src\Speex\lib\libSpeexLib.a(quant_lsp.o)
 .text.lsp_quant_nb
                0x0000ef70      0x580 C:\Users\sonvhc\Desktop\1-TU\Bkav_VC01\src\Speex\lib\libSpeexLib.a(quant_lsp.o)
                0x0000ef70                lsp_quant_nb
 .text.lsp_unquant_nb
                0x0000f4f0      0x1e8 C:\Users\sonvhc\Desktop\1-TU\Bkav_VC01\src\Speex\lib\libSpeexLib.a(quant_lsp.o)
                0x0000f4f0                lsp_unquant_nb
 .text.lsp_quant_lbr
                0x0000f6d8      0x28c C:\Users\sonvhc\Desktop\1-TU\Bkav_VC01\src\Speex\lib\libSpeexLib.a(quant_lsp.o)
                0x0000f6d8                lsp_quant_lbr
 .text.lsp_unquant_lbr
                0x0000f964      0x14c C:\Users\sonvhc\Desktop\1-TU\Bkav_VC01\src\Speex\lib\libSpeexLib.a(quant_lsp.o)
                0x0000f964                lsp_unquant_lbr
 .text.lsp_quant_high
                0x0000fab0      0x2d8 C:\Users\sonvhc\Desktop\1-TU\Bkav_VC01\src\Speex\lib\libSpeexLib.a(quant_lsp.o)
                0x0000fab0                lsp_quant_high
 .text.lsp_unquant_high
                0x0000fd88       0x88 C:\Users\sonvhc\Desktop\1-TU\Bkav_VC01\src\Speex\lib\libSpeexLib.a(quant_lsp.o)
                0x0000fd88                lsp_unquant_high
 .text.sb_decode_lost
                0x0000fe10       0xec C:\Users\sonvhc\Desktop\1-TU\Bkav_VC01\src\Speex\lib\libSpeexLib.a(sb_celp.o)
 .text.sb_encoder_init
                0x0000fefc      0x22c C:\Users\sonvhc\Desktop\1-TU\Bkav_VC01\src\Speex\lib\libSpeexLib.a(sb_celp.o)
                0x0000fefc                sb_encoder_init
 .text.sb_encoder_destroy
                0x00010128       0x50 C:\Users\sonvhc\Desktop\1-TU\Bkav_VC01\src\Speex\lib\libSpeexLib.a(sb_celp.o)
                0x00010128                sb_encoder_destroy
 .text.sb_encoder_ctl
                0x00010178      0x368 C:\Users\sonvhc\Desktop\1-TU\Bkav_VC01\src\Speex\lib\libSpeexLib.a(sb_celp.o)
                0x00010178                sb_encoder_ctl
 .text.sb_encode
                0x000104e0      0xdfc C:\Users\sonvhc\Desktop\1-TU\Bkav_VC01\src\Speex\lib\libSpeexLib.a(sb_celp.o)
                0x000104e0                sb_encode
 .text.sb_decoder_init
                0x000112dc      0x1bc C:\Users\sonvhc\Desktop\1-TU\Bkav_VC01\src\Speex\lib\libSpeexLib.a(sb_celp.o)
                0x000112dc                sb_decoder_init
 .text.sb_decoder_destroy
                0x00011498       0x44 C:\Users\sonvhc\Desktop\1-TU\Bkav_VC01\src\Speex\lib\libSpeexLib.a(sb_celp.o)
                0x00011498                sb_decoder_destroy
 .text.sb_decoder_ctl
                0x000114dc      0x324 C:\Users\sonvhc\Desktop\1-TU\Bkav_VC01\src\Speex\lib\libSpeexLib.a(sb_celp.o)
                0x000114dc                sb_decoder_ctl
 .text.sb_decode
                0x00011800      0x814 C:\Users\sonvhc\Desktop\1-TU\Bkav_VC01\src\Speex\lib\libSpeexLib.a(sb_celp.o)
                0x00011800                sb_decode
 .text.speex_encoder_init
                0x00012014        0x4 C:\Users\sonvhc\Desktop\1-TU\Bkav_VC01\src\Speex\lib\libSpeexLib.a(speex.o)
                0x00012014                speex_encoder_init
 .text.speex_decoder_init
                0x00012018        0x4 C:\Users\sonvhc\Desktop\1-TU\Bkav_VC01\src\Speex\lib\libSpeexLib.a(speex.o)
                0x00012018                speex_decoder_init
 .text.speex_encoder_destroy
                0x0001201c        0x8 C:\Users\sonvhc\Desktop\1-TU\Bkav_VC01\src\Speex\lib\libSpeexLib.a(speex.o)
                0x0001201c                speex_encoder_destroy
 .text.speex_decoder_destroy
                0x00012024        0x8 C:\Users\sonvhc\Desktop\1-TU\Bkav_VC01\src\Speex\lib\libSpeexLib.a(speex.o)
                0x00012024                speex_decoder_destroy
 .text.speex_encode_native
                0x0001202c        0x8 C:\Users\sonvhc\Desktop\1-TU\Bkav_VC01\src\Speex\lib\libSpeexLib.a(speex.o)
                0x0001202c                speex_encode_native
 .text.speex_decode_native
                0x00012034        0x8 C:\Users\sonvhc\Desktop\1-TU\Bkav_VC01\src\Speex\lib\libSpeexLib.a(speex.o)
                0x00012034                speex_decode_native
 .text.speex_decode_int
                0x0001203c        0x8 C:\Users\sonvhc\Desktop\1-TU\Bkav_VC01\src\Speex\lib\libSpeexLib.a(speex.o)
                0x0001203c                speex_decode_int
 .text.speex_encoder_ctl
                0x00012044        0x8 C:\Users\sonvhc\Desktop\1-TU\Bkav_VC01\src\Speex\lib\libSpeexLib.a(speex.o)
                0x00012044                speex_encoder_ctl
 .text.speex_decoder_ctl
                0x0001204c        0x8 C:\Users\sonvhc\Desktop\1-TU\Bkav_VC01\src\Speex\lib\libSpeexLib.a(speex.o)
                0x0001204c                speex_decoder_ctl
 .text.nb_mode_query
                0x00012054       0x3c C:\Users\sonvhc\Desktop\1-TU\Bkav_VC01\src\Speex\lib\libSpeexLib.a(speex.o)
                0x00012054                nb_mode_query
 .text.scal_quant
                0x00012090       0x40 C:\Users\sonvhc\Desktop\1-TU\Bkav_VC01\src\Speex\lib\libSpeexLib.a(vq.o)
                0x00012090                scal_quant
 .text.scal_quant32
                0x000120d0       0x3c C:\Users\sonvhc\Desktop\1-TU\Bkav_VC01\src\Speex\lib\libSpeexLib.a(vq.o)
                0x000120d0                scal_quant32
 .text.vq_nbest
                0x0001210c      0x150 C:\Users\sonvhc\Desktop\1-TU\Bkav_VC01\src\Speex\lib\libSpeexLib.a(vq.o)
                0x0001210c                vq_nbest
 .text.vq_nbest_sign
                0x0001225c      0x1a8 C:\Users\sonvhc\Desktop\1-TU\Bkav_VC01\src\Speex\lib\libSpeexLib.a(vq.o)
                0x0001225c                vq_nbest_sign
 .text.R8Kto16K_Init
                0x00012404       0x40 C:\Users\sonvhc\Desktop\1-TU\Bkav_VC01\src\Speex\lib\libSpeexLib.a(R8Kto16K.o)
                0x00012404                R8Kto16K_Init
 .text.R8Kto16K_Release
                0x00012444       0x10 C:\Users\sonvhc\Desktop\1-TU\Bkav_VC01\src\Speex\lib\libSpeexLib.a(R8Kto16K.o)
                0x00012444                R8Kto16K_Release
 .text.R8Kto16K_Resample
                0x00012454      0x2fc C:\Users\sonvhc\Desktop\1-TU\Bkav_VC01\src\Speex\lib\libSpeexLib.a(R8Kto16K.o)
                0x00012454                R8Kto16K_Resample
 .text.compute_weighted_codebook.isra.0
                0x00012750       0xc8 C:\Users\sonvhc\Desktop\1-TU\Bkav_VC01\src\Speex\lib\libSpeexLib.a(cb_search.o)
 .text.split_cb_search_shape_sign_N1
                0x00012818      0x570 C:\Users\sonvhc\Desktop\1-TU\Bkav_VC01\src\Speex\lib\libSpeexLib.a(cb_search.o)
 .text.split_cb_search_shape_sign
                0x00012d88      0xe20 C:\Users\sonvhc\Desktop\1-TU\Bkav_VC01\src\Speex\lib\libSpeexLib.a(cb_search.o)
                0x00012d88                split_cb_search_shape_sign
 .text.split_cb_shape_sign_unquant
                0x00013ba8      0x124 C:\Users\sonvhc\Desktop\1-TU\Bkav_VC01\src\Speex\lib\libSpeexLib.a(cb_search.o)
                0x00013ba8                split_cb_shape_sign_unquant
 .text.noise_codebook_quant
                0x00013ccc       0x64 C:\Users\sonvhc\Desktop\1-TU\Bkav_VC01\src\Speex\lib\libSpeexLib.a(cb_search.o)
                0x00013ccc                noise_codebook_quant
 .text.noise_codebook_unquant
                0x00013d30       0x40 C:\Users\sonvhc\Desktop\1-TU\Bkav_VC01\src\Speex\lib\libSpeexLib.a(cb_search.o)
                0x00013d30                noise_codebook_unquant
 .text.interp_pitch.constprop.0
                0x00013d70      0x3f0 C:\Users\sonvhc\Desktop\1-TU\Bkav_VC01\src\Speex\lib\libSpeexLib.a(filters.o)
 .text.bw_lpc   0x00014160       0x34 C:\Users\sonvhc\Desktop\1-TU\Bkav_VC01\src\Speex\lib\libSpeexLib.a(filters.o)
                0x00014160                bw_lpc
 .text.sanitize_values32
                0x00014194       0x30 C:\Users\sonvhc\Desktop\1-TU\Bkav_VC01\src\Speex\lib\libSpeexLib.a(filters.o)
                0x00014194                sanitize_values32
 .text.highpass
                0x000141c4      0x100 C:\Users\sonvhc\Desktop\1-TU\Bkav_VC01\src\Speex\lib\libSpeexLib.a(filters.o)
                0x000141c4                highpass
 .text.signal_mul
                0x000142c4       0x38 C:\Users\sonvhc\Desktop\1-TU\Bkav_VC01\src\Speex\lib\libSpeexLib.a(filters.o)
                0x000142c4                signal_mul
 .text.signal_div
                0x000142fc       0xbc C:\Users\sonvhc\Desktop\1-TU\Bkav_VC01\src\Speex\lib\libSpeexLib.a(filters.o)
                0x000142fc                signal_div
 .text.compute_rms
                0x000143b8      0x120 C:\Users\sonvhc\Desktop\1-TU\Bkav_VC01\src\Speex\lib\libSpeexLib.a(filters.o)
                0x000143b8                compute_rms
 .text.compute_rms16
                0x000144d8      0x1e8 C:\Users\sonvhc\Desktop\1-TU\Bkav_VC01\src\Speex\lib\libSpeexLib.a(filters.o)
                0x000144d8                compute_rms16
 .text.normalize16
                0x000146c0       0x68 C:\Users\sonvhc\Desktop\1-TU\Bkav_VC01\src\Speex\lib\libSpeexLib.a(filters.o)
                0x000146c0                normalize16
 .text.filter_mem16
                0x00014728       0xd8 C:\Users\sonvhc\Desktop\1-TU\Bkav_VC01\src\Speex\lib\libSpeexLib.a(filters.o)
                0x00014728                filter_mem16
 .text.iir_mem16
                0x00014800       0xac C:\Users\sonvhc\Desktop\1-TU\Bkav_VC01\src\Speex\lib\libSpeexLib.a(filters.o)
                0x00014800                iir_mem16
 .text.fir_mem16
                0x000148ac       0x9c C:\Users\sonvhc\Desktop\1-TU\Bkav_VC01\src\Speex\lib\libSpeexLib.a(filters.o)
                0x000148ac                fir_mem16
 .text.syn_percep_zero16
                0x00014948      0x1b0 C:\Users\sonvhc\Desktop\1-TU\Bkav_VC01\src\Speex\lib\libSpeexLib.a(filters.o)
                0x00014948                syn_percep_zero16
 .text.residue_percep_zero16
                0x00014af8      0x19c C:\Users\sonvhc\Desktop\1-TU\Bkav_VC01\src\Speex\lib\libSpeexLib.a(filters.o)
                0x00014af8                residue_percep_zero16
 .text.compute_impulse_response
                0x00014c94      0x1a4 C:\Users\sonvhc\Desktop\1-TU\Bkav_VC01\src\Speex\lib\libSpeexLib.a(filters.o)
                0x00014c94                compute_impulse_response
 .text.qmf_decomp
                0x00014e38      0x1b4 C:\Users\sonvhc\Desktop\1-TU\Bkav_VC01\src\Speex\lib\libSpeexLib.a(filters.o)
                0x00014e38                qmf_decomp
 .text.qmf_synth
                0x00014fec      0x390 C:\Users\sonvhc\Desktop\1-TU\Bkav_VC01\src\Speex\lib\libSpeexLib.a(filters.o)
                0x00014fec                qmf_synth
 .text.multicomb
                0x0001537c      0x4b0 C:\Users\sonvhc\Desktop\1-TU\Bkav_VC01\src\Speex\lib\libSpeexLib.a(filters.o)
                0x0001537c                multicomb
 .text._spx_lpc
                0x0001582c       0xf4 C:\Users\sonvhc\Desktop\1-TU\Bkav_VC01\src\Speex\lib\libSpeexLib.a(lpc.o)
                0x0001582c                _spx_lpc
 .text._spx_autocorr
                0x00015920      0x298 C:\Users\sonvhc\Desktop\1-TU\Bkav_VC01\src\Speex\lib\libSpeexLib.a(lpc.o)
                0x00015920                _spx_autocorr
 .text.lpc_to_lsp
                0x00015bb8      0x434 C:\Users\sonvhc\Desktop\1-TU\Bkav_VC01\src\Speex\lib\libSpeexLib.a(lsp.o)
                0x00015bb8                lpc_to_lsp
 .text.lsp_to_lpc
                0x00015fec      0x35c C:\Users\sonvhc\Desktop\1-TU\Bkav_VC01\src\Speex\lib\libSpeexLib.a(lsp.o)
                0x00015fec                lsp_to_lpc
 .text.lsp_interpolate
                0x00016348       0xb8 C:\Users\sonvhc\Desktop\1-TU\Bkav_VC01\src\Speex\lib\libSpeexLib.a(lsp.o)
                0x00016348                lsp_interpolate
 .text.open_loop_nbest_pitch.constprop.2
                0x00016400      0x460 C:\Users\sonvhc\Desktop\1-TU\Bkav_VC01\src\Speex\lib\libSpeexLib.a(ltp.o)
 .text.pitch_gain_search_3tap.isra.1
                0x00016860      0x7d4 C:\Users\sonvhc\Desktop\1-TU\Bkav_VC01\src\Speex\lib\libSpeexLib.a(ltp.o)
 .text.inner_prod
                0x00017034       0x5c C:\Users\sonvhc\Desktop\1-TU\Bkav_VC01\src\Speex\lib\libSpeexLib.a(ltp.o)
                0x00017034                inner_prod
 .text.open_loop_nbest_pitch
                0x00017090      0x630 C:\Users\sonvhc\Desktop\1-TU\Bkav_VC01\src\Speex\lib\libSpeexLib.a(ltp.o)
                0x00017090                open_loop_nbest_pitch
 .text.pitch_search_3tap
                0x000176c0      0x2e0 C:\Users\sonvhc\Desktop\1-TU\Bkav_VC01\src\Speex\lib\libSpeexLib.a(ltp.o)
                0x000176c0                pitch_search_3tap
 .text.pitch_unquant_3tap
                0x000179a0      0x1bc C:\Users\sonvhc\Desktop\1-TU\Bkav_VC01\src\Speex\lib\libSpeexLib.a(ltp.o)
                0x000179a0                pitch_unquant_3tap
 .text.forced_pitch_quant
                0x00017b5c      0x150 C:\Users\sonvhc\Desktop\1-TU\Bkav_VC01\src\Speex\lib\libSpeexLib.a(ltp.o)
                0x00017b5c                forced_pitch_quant
 .text.forced_pitch_unquant
                0x00017cac       0x5c C:\Users\sonvhc\Desktop\1-TU\Bkav_VC01\src\Speex\lib\libSpeexLib.a(ltp.o)
                0x00017cac                forced_pitch_unquant
 .text          0x00017d08       0xa0 c:/users/sonvhc/appdata/local/programs/renesas/ra/e2studio_v2021-01_fsp_v2.3.0/toolchains/gcc_arm/9_2019q4/bin/../lib/gcc/arm-none-eabi/9.2.1/thumb/v7e-m+fp/hard\libgcc.a(_aeabi_ldivmod.o)
                0x00017d08                __aeabi_ldivmod
 .text          0x00017da8      0x2c4 c:/users/sonvhc/appdata/local/programs/renesas/ra/e2studio_v2021-01_fsp_v2.3.0/toolchains/gcc_arm/9_2019q4/bin/../lib/gcc/arm-none-eabi/9.2.1/thumb/v7e-m+fp/hard\libgcc.a(_udivmoddi4.o)
                0x00017da8                __udivmoddi4
 .text          0x0001806c        0x4 c:/users/sonvhc/appdata/local/programs/renesas/ra/e2studio_v2021-01_fsp_v2.3.0/toolchains/gcc_arm/9_2019q4/bin/../lib/gcc/arm-none-eabi/9.2.1/thumb/v7e-m+fp/hard\libgcc.a(_dvmd_tls.o)
                0x0001806c                __aeabi_idiv0
                0x0001806c                __aeabi_ldiv0
 .text.atoi     0x00018070        0x8 c:/users/sonvhc/appdata/local/programs/renesas/ra/e2studio_v2021-01_fsp_v2.3.0/toolchains/gcc_arm/9_2019q4/bin/../lib/gcc/arm-none-eabi/9.2.1/../../../../arm-none-eabi/lib/thumb/v7e-m+fp/hard\libg_nano.a(lib_a-atoi.o)
                0x00018070                atoi
 .text.calloc   0x00018078       0x10 c:/users/sonvhc/appdata/local/programs/renesas/ra/e2studio_v2021-01_fsp_v2.3.0/toolchains/gcc_arm/9_2019q4/bin/../lib/gcc/arm-none-eabi/9.2.1/../../../../arm-none-eabi/lib/thumb/v7e-m+fp/hard\libg_nano.a(lib_a-calloc.o)
                0x00018078                calloc
 .text.__errno  0x00018088        0xc c:/users/sonvhc/appdata/local/programs/renesas/ra/e2studio_v2021-01_fsp_v2.3.0/toolchains/gcc_arm/9_2019q4/bin/../lib/gcc/arm-none-eabi/9.2.1/../../../../arm-none-eabi/lib/thumb/v7e-m+fp/hard\libg_nano.a(lib_a-errno.o)
                0x00018088                __errno
 .text.exit     0x00018094       0x28 c:/users/sonvhc/appdata/local/programs/renesas/ra/e2studio_v2021-01_fsp_v2.3.0/toolchains/gcc_arm/9_2019q4/bin/../lib/gcc/arm-none-eabi/9.2.1/../../../../arm-none-eabi/lib/thumb/v7e-m+fp/hard\libg_nano.a(lib_a-exit.o)
                0x00018094                exit
 .text.fprintf  0x000180bc       0x24 c:/users/sonvhc/appdata/local/programs/renesas/ra/e2studio_v2021-01_fsp_v2.3.0/toolchains/gcc_arm/9_2019q4/bin/../lib/gcc/arm-none-eabi/9.2.1/../../../../arm-none-eabi/lib/thumb/v7e-m+fp/hard\libg_nano.a(lib_a-fprintf.o)
                0x000180bc                fiprintf
                0x000180bc                fprintf
 .text.malloc   0x000180e0       0x10 c:/users/sonvhc/appdata/local/programs/renesas/ra/e2studio_v2021-01_fsp_v2.3.0/toolchains/gcc_arm/9_2019q4/bin/../lib/gcc/arm-none-eabi/9.2.1/../../../../arm-none-eabi/lib/thumb/v7e-m+fp/hard\libg_nano.a(lib_a-malloc.o)
                0x000180e0                malloc
 .text.free     0x000180f0       0x10 c:/users/sonvhc/appdata/local/programs/renesas/ra/e2studio_v2021-01_fsp_v2.3.0/toolchains/gcc_arm/9_2019q4/bin/../lib/gcc/arm-none-eabi/9.2.1/../../../../arm-none-eabi/lib/thumb/v7e-m+fp/hard\libg_nano.a(lib_a-malloc.o)
                0x000180f0                free
 .text.memcmp   0x00018100       0x1c c:/users/sonvhc/appdata/local/programs/renesas/ra/e2studio_v2021-01_fsp_v2.3.0/toolchains/gcc_arm/9_2019q4/bin/../lib/gcc/arm-none-eabi/9.2.1/../../../../arm-none-eabi/lib/thumb/v7e-m+fp/hard\libg_nano.a(lib_a-memcmp.o)
                0x00018100                memcmp
 .text.memcpy   0x0001811c       0x1c c:/users/sonvhc/appdata/local/programs/renesas/ra/e2studio_v2021-01_fsp_v2.3.0/toolchains/gcc_arm/9_2019q4/bin/../lib/gcc/arm-none-eabi/9.2.1/../../../../arm-none-eabi/lib/thumb/v7e-m+fp/hard\libg_nano.a(lib_a-memcpy-stub.o)
                0x0001811c                memcpy
 .text.memmove  0x00018138       0x34 c:/users/sonvhc/appdata/local/programs/renesas/ra/e2studio_v2021-01_fsp_v2.3.0/toolchains/gcc_arm/9_2019q4/bin/../lib/gcc/arm-none-eabi/9.2.1/../../../../arm-none-eabi/lib/thumb/v7e-m+fp/hard\libg_nano.a(lib_a-memmove.o)
                0x00018138                memmove
 .text.memset   0x0001816c       0x10 c:/users/sonvhc/appdata/local/programs/renesas/ra/e2studio_v2021-01_fsp_v2.3.0/toolchains/gcc_arm/9_2019q4/bin/../lib/gcc/arm-none-eabi/9.2.1/../../../../arm-none-eabi/lib/thumb/v7e-m+fp/hard\libg_nano.a(lib_a-memset.o)
                0x0001816c                memset
 .text._calloc_r
                0x0001817c       0x1e c:/users/sonvhc/appdata/local/programs/renesas/ra/e2studio_v2021-01_fsp_v2.3.0/toolchains/gcc_arm/9_2019q4/bin/../lib/gcc/arm-none-eabi/9.2.1/../../../../arm-none-eabi/lib/thumb/v7e-m+fp/hard\libg_nano.a(lib_a-nano-callocr.o)
                0x0001817c                _calloc_r
 *fill*         0x0001819a        0x2 ff
 .text._free_r  0x0001819c       0xa0 c:/users/sonvhc/appdata/local/programs/renesas/ra/e2studio_v2021-01_fsp_v2.3.0/toolchains/gcc_arm/9_2019q4/bin/../lib/gcc/arm-none-eabi/9.2.1/../../../../arm-none-eabi/lib/thumb/v7e-m+fp/hard\libg_nano.a(lib_a-nano-freer.o)
                0x0001819c                _free_r
 .text._malloc_r
                0x0001823c       0xb4 c:/users/sonvhc/appdata/local/programs/renesas/ra/e2studio_v2021-01_fsp_v2.3.0/toolchains/gcc_arm/9_2019q4/bin/../lib/gcc/arm-none-eabi/9.2.1/../../../../arm-none-eabi/lib/thumb/v7e-m+fp/hard\libg_nano.a(lib_a-nano-mallocr.o)
                0x0001823c                _malloc_r
 .text.__sfputc_r
                0x000182f0       0x2e c:/users/sonvhc/appdata/local/programs/renesas/ra/e2studio_v2021-01_fsp_v2.3.0/toolchains/gcc_arm/9_2019q4/bin/../lib/gcc/arm-none-eabi/9.2.1/../../../../arm-none-eabi/lib/thumb/v7e-m+fp/hard\libg_nano.a(lib_a-nano-vfprintf.o)
 .text.__sfputs_r
                0x0001831e       0x24 c:/users/sonvhc/appdata/local/programs/renesas/ra/e2studio_v2021-01_fsp_v2.3.0/toolchains/gcc_arm/9_2019q4/bin/../lib/gcc/arm-none-eabi/9.2.1/../../../../arm-none-eabi/lib/thumb/v7e-m+fp/hard\libg_nano.a(lib_a-nano-vfprintf.o)
                0x0001831e                __sfputs_r
 *fill*         0x00018342        0x2 ff
 .text._vfprintf_r
                0x00018344      0x260 c:/users/sonvhc/appdata/local/programs/renesas/ra/e2studio_v2021-01_fsp_v2.3.0/toolchains/gcc_arm/9_2019q4/bin/../lib/gcc/arm-none-eabi/9.2.1/../../../../arm-none-eabi/lib/thumb/v7e-m+fp/hard\libg_nano.a(lib_a-nano-vfprintf.o)
                0x00018344                _vfprintf_r
                0x00018344                _vfiprintf_r
 .text._printf_common
                0x000185a4       0xda c:/users/sonvhc/appdata/local/programs/renesas/ra/e2studio_v2021-01_fsp_v2.3.0/toolchains/gcc_arm/9_2019q4/bin/../lib/gcc/arm-none-eabi/9.2.1/../../../../arm-none-eabi/lib/thumb/v7e-m+fp/hard\libg_nano.a(lib_a-nano-vfprintf_i.o)
                0x000185a4                _printf_common
 *fill*         0x0001867e        0x2 ff
 .text._printf_i
                0x00018680      0x24c c:/users/sonvhc/appdata/local/programs/renesas/ra/e2studio_v2021-01_fsp_v2.3.0/toolchains/gcc_arm/9_2019q4/bin/../lib/gcc/arm-none-eabi/9.2.1/../../../../arm-none-eabi/lib/thumb/v7e-m+fp/hard\libg_nano.a(lib_a-nano-vfprintf_i.o)
                0x00018680                _printf_i
 .text.srand    0x000188cc       0x48 c:/users/sonvhc/appdata/local/programs/renesas/ra/e2studio_v2021-01_fsp_v2.3.0/toolchains/gcc_arm/9_2019q4/bin/../lib/gcc/arm-none-eabi/9.2.1/../../../../arm-none-eabi/lib/thumb/v7e-m+fp/hard\libg_nano.a(lib_a-rand.o)
                0x000188cc                srand
 .text.rand     0x00018914       0x68 c:/users/sonvhc/appdata/local/programs/renesas/ra/e2studio_v2021-01_fsp_v2.3.0/toolchains/gcc_arm/9_2019q4/bin/../lib/gcc/arm-none-eabi/9.2.1/../../../../arm-none-eabi/lib/thumb/v7e-m+fp/hard\libg_nano.a(lib_a-rand.o)
                0x00018914                rand
 .text.realloc  0x0001897c       0x10 c:/users/sonvhc/appdata/local/programs/renesas/ra/e2studio_v2021-01_fsp_v2.3.0/toolchains/gcc_arm/9_2019q4/bin/../lib/gcc/arm-none-eabi/9.2.1/../../../../arm-none-eabi/lib/thumb/v7e-m+fp/hard\libg_nano.a(lib_a-realloc.o)
                0x0001897c                realloc
 .text._sbrk_r  0x0001898c       0x20 c:/users/sonvhc/appdata/local/programs/renesas/ra/e2studio_v2021-01_fsp_v2.3.0/toolchains/gcc_arm/9_2019q4/bin/../lib/gcc/arm-none-eabi/9.2.1/../../../../arm-none-eabi/lib/thumb/v7e-m+fp/hard\libg_nano.a(lib_a-sbrkr.o)
                0x0001898c                _sbrk_r
 .text.snprintf
                0x000189ac       0x68 c:/users/sonvhc/appdata/local/programs/renesas/ra/e2studio_v2021-01_fsp_v2.3.0/toolchains/gcc_arm/9_2019q4/bin/../lib/gcc/arm-none-eabi/9.2.1/../../../../arm-none-eabi/lib/thumb/v7e-m+fp/hard\libg_nano.a(lib_a-snprintf.o)
                0x000189ac                sniprintf
                0x000189ac                snprintf
 .text.strchr   0x00018a14       0x1a c:/users/sonvhc/appdata/local/programs/renesas/ra/e2studio_v2021-01_fsp_v2.3.0/toolchains/gcc_arm/9_2019q4/bin/../lib/gcc/arm-none-eabi/9.2.1/../../../../arm-none-eabi/lib/thumb/v7e-m+fp/hard\libg_nano.a(lib_a-strchr.o)
                0x00018a14                strchr
 .text          0x00018a2e       0x14 c:/users/sonvhc/appdata/local/programs/renesas/ra/e2studio_v2021-01_fsp_v2.3.0/toolchains/gcc_arm/9_2019q4/bin/../lib/gcc/arm-none-eabi/9.2.1/../../../../arm-none-eabi/lib/thumb/v7e-m+fp/hard\libg_nano.a(lib_a-strcmp.o)
                0x00018a2e                strcmp
 .text          0x00018a42       0x10 c:/users/sonvhc/appdata/local/programs/renesas/ra/e2studio_v2021-01_fsp_v2.3.0/toolchains/gcc_arm/9_2019q4/bin/../lib/gcc/arm-none-eabi/9.2.1/../../../../arm-none-eabi/lib/thumb/v7e-m+fp/hard\libg_nano.a(lib_a-strlen.o)
                0x00018a42                strlen
 .text.strstr   0x00018a52       0x2e c:/users/sonvhc/appdata/local/programs/renesas/ra/e2studio_v2021-01_fsp_v2.3.0/toolchains/gcc_arm/9_2019q4/bin/../lib/gcc/arm-none-eabi/9.2.1/../../../../arm-none-eabi/lib/thumb/v7e-m+fp/hard\libg_nano.a(lib_a-strstr.o)
                0x00018a52                strstr
 .text._strtol_l.isra.0
                0x00018a80       0xf4 c:/users/sonvhc/appdata/local/programs/renesas/ra/e2studio_v2021-01_fsp_v2.3.0/toolchains/gcc_arm/9_2019q4/bin/../lib/gcc/arm-none-eabi/9.2.1/../../../../arm-none-eabi/lib/thumb/v7e-m+fp/hard\libg_nano.a(lib_a-strtol.o)
 .text.strtol   0x00018b74       0x14 c:/users/sonvhc/appdata/local/programs/renesas/ra/e2studio_v2021-01_fsp_v2.3.0/toolchains/gcc_arm/9_2019q4/bin/../lib/gcc/arm-none-eabi/9.2.1/../../../../arm-none-eabi/lib/thumb/v7e-m+fp/hard\libg_nano.a(lib_a-strtol.o)
                0x00018b74                strtol
 .text._strtoul_l.isra.0
                0x00018b88       0xf8 c:/users/sonvhc/appdata/local/programs/renesas/ra/e2studio_v2021-01_fsp_v2.3.0/toolchains/gcc_arm/9_2019q4/bin/../lib/gcc/arm-none-eabi/9.2.1/../../../../arm-none-eabi/lib/thumb/v7e-m+fp/hard\libg_nano.a(lib_a-strtoul.o)
 .text.strtoul  0x00018c80       0x14 c:/users/sonvhc/appdata/local/programs/renesas/ra/e2studio_v2021-01_fsp_v2.3.0/toolchains/gcc_arm/9_2019q4/bin/../lib/gcc/arm-none-eabi/9.2.1/../../../../arm-none-eabi/lib/thumb/v7e-m+fp/hard\libg_nano.a(lib_a-strtoul.o)
                0x00018c80                strtoul
 .text._vsnprintf_r
                0x00018c94       0x58 c:/users/sonvhc/appdata/local/programs/renesas/ra/e2studio_v2021-01_fsp_v2.3.0/toolchains/gcc_arm/9_2019q4/bin/../lib/gcc/arm-none-eabi/9.2.1/../../../../arm-none-eabi/lib/thumb/v7e-m+fp/hard\libg_nano.a(lib_a-vsnprintf.o)
                0x00018c94                _vsniprintf_r
                0x00018c94                _vsnprintf_r
 .text.vsnprintf
                0x00018cec       0x1c c:/users/sonvhc/appdata/local/programs/renesas/ra/e2studio_v2021-01_fsp_v2.3.0/toolchains/gcc_arm/9_2019q4/bin/../lib/gcc/arm-none-eabi/9.2.1/../../../../arm-none-eabi/lib/thumb/v7e-m+fp/hard\libg_nano.a(lib_a-vsnprintf.o)
                0x00018cec                vsniprintf
                0x00018cec                vsnprintf
 .text.__swbuf_r
                0x00018d08       0xa4 c:/users/sonvhc/appdata/local/programs/renesas/ra/e2studio_v2021-01_fsp_v2.3.0/toolchains/gcc_arm/9_2019q4/bin/../lib/gcc/arm-none-eabi/9.2.1/../../../../arm-none-eabi/lib/thumb/v7e-m+fp/hard\libg_nano.a(lib_a-wbuf.o)
                0x00018d08                __swbuf_r
 .text.__swsetup_r
                0x00018dac       0xdc c:/users/sonvhc/appdata/local/programs/renesas/ra/e2studio_v2021-01_fsp_v2.3.0/toolchains/gcc_arm/9_2019q4/bin/../lib/gcc/arm-none-eabi/9.2.1/../../../../arm-none-eabi/lib/thumb/v7e-m+fp/hard\libg_nano.a(lib_a-wsetup.o)
                0x00018dac                __swsetup_r
 .text.__sflush_r
                0x00018e88      0x10c c:/users/sonvhc/appdata/local/programs/renesas/ra/e2studio_v2021-01_fsp_v2.3.0/toolchains/gcc_arm/9_2019q4/bin/../lib/gcc/arm-none-eabi/9.2.1/../../../../arm-none-eabi/lib/thumb/v7e-m+fp/hard\libg_nano.a(lib_a-fflush.o)
                0x00018e88                __sflush_r
 .text._fflush_r
                0x00018f94       0x78 c:/users/sonvhc/appdata/local/programs/renesas/ra/e2studio_v2021-01_fsp_v2.3.0/toolchains/gcc_arm/9_2019q4/bin/../lib/gcc/arm-none-eabi/9.2.1/../../../../arm-none-eabi/lib/thumb/v7e-m+fp/hard\libg_nano.a(lib_a-fflush.o)
                0x00018f94                _fflush_r
 .text.std      0x0001900c       0x48 c:/users/sonvhc/appdata/local/programs/renesas/ra/e2studio_v2021-01_fsp_v2.3.0/toolchains/gcc_arm/9_2019q4/bin/../lib/gcc/arm-none-eabi/9.2.1/../../../../arm-none-eabi/lib/thumb/v7e-m+fp/hard\libg_nano.a(lib_a-findfp.o)
 .text._cleanup_r
                0x00019054        0xc c:/users/sonvhc/appdata/local/programs/renesas/ra/e2studio_v2021-01_fsp_v2.3.0/toolchains/gcc_arm/9_2019q4/bin/../lib/gcc/arm-none-eabi/9.2.1/../../../../arm-none-eabi/lib/thumb/v7e-m+fp/hard\libg_nano.a(lib_a-findfp.o)
                0x00019054                _cleanup_r
 .text.__sfmoreglue
                0x00019060       0x2c c:/users/sonvhc/appdata/local/programs/renesas/ra/e2studio_v2021-01_fsp_v2.3.0/toolchains/gcc_arm/9_2019q4/bin/../lib/gcc/arm-none-eabi/9.2.1/../../../../arm-none-eabi/lib/thumb/v7e-m+fp/hard\libg_nano.a(lib_a-findfp.o)
                0x00019060                __sfmoreglue
 .text.__sfp_lock_acquire
                0x0001908c        0xc c:/users/sonvhc/appdata/local/programs/renesas/ra/e2studio_v2021-01_fsp_v2.3.0/toolchains/gcc_arm/9_2019q4/bin/../lib/gcc/arm-none-eabi/9.2.1/../../../../arm-none-eabi/lib/thumb/v7e-m+fp/hard\libg_nano.a(lib_a-findfp.o)
                0x0001908c                __sfp_lock_acquire
 .text.__sfp_lock_release
                0x00019098        0xc c:/users/sonvhc/appdata/local/programs/renesas/ra/e2studio_v2021-01_fsp_v2.3.0/toolchains/gcc_arm/9_2019q4/bin/../lib/gcc/arm-none-eabi/9.2.1/../../../../arm-none-eabi/lib/thumb/v7e-m+fp/hard\libg_nano.a(lib_a-findfp.o)
                0x00019098                __sfp_lock_release
 .text.__sinit_lock_acquire
                0x000190a4        0xc c:/users/sonvhc/appdata/local/programs/renesas/ra/e2studio_v2021-01_fsp_v2.3.0/toolchains/gcc_arm/9_2019q4/bin/../lib/gcc/arm-none-eabi/9.2.1/../../../../arm-none-eabi/lib/thumb/v7e-m+fp/hard\libg_nano.a(lib_a-findfp.o)
                0x000190a4                __sinit_lock_acquire
 .text.__sinit_lock_release
                0x000190b0        0xc c:/users/sonvhc/appdata/local/programs/renesas/ra/e2studio_v2021-01_fsp_v2.3.0/toolchains/gcc_arm/9_2019q4/bin/../lib/gcc/arm-none-eabi/9.2.1/../../../../arm-none-eabi/lib/thumb/v7e-m+fp/hard\libg_nano.a(lib_a-findfp.o)
                0x000190b0                __sinit_lock_release
 .text.__sinit  0x000190bc       0x70 c:/users/sonvhc/appdata/local/programs/renesas/ra/e2studio_v2021-01_fsp_v2.3.0/toolchains/gcc_arm/9_2019q4/bin/../lib/gcc/arm-none-eabi/9.2.1/../../../../arm-none-eabi/lib/thumb/v7e-m+fp/hard\libg_nano.a(lib_a-findfp.o)
                0x000190bc                __sinit
 .text.__sfp    0x0001912c       0x8c c:/users/sonvhc/appdata/local/programs/renesas/ra/e2studio_v2021-01_fsp_v2.3.0/toolchains/gcc_arm/9_2019q4/bin/../lib/gcc/arm-none-eabi/9.2.1/../../../../arm-none-eabi/lib/thumb/v7e-m+fp/hard\libg_nano.a(lib_a-findfp.o)
                0x0001912c                __sfp
 .text._fwalk_reent
                0x000191b8       0x3e c:/users/sonvhc/appdata/local/programs/renesas/ra/e2studio_v2021-01_fsp_v2.3.0/toolchains/gcc_arm/9_2019q4/bin/../lib/gcc/arm-none-eabi/9.2.1/../../../../arm-none-eabi/lib/thumb/v7e-m+fp/hard\libg_nano.a(lib_a-fwalk.o)
                0x000191b8                _fwalk_reent
 .text.__retarget_lock_init_recursive
                0x000191f6        0x2 c:/users/sonvhc/appdata/local/programs/renesas/ra/e2studio_v2021-01_fsp_v2.3.0/toolchains/gcc_arm/9_2019q4/bin/../lib/gcc/arm-none-eabi/9.2.1/../../../../arm-none-eabi/lib/thumb/v7e-m+fp/hard\libg_nano.a(lib_a-lock.o)
                0x000191f6                __retarget_lock_init_recursive
 .text.__retarget_lock_acquire_recursive
                0x000191f8        0x2 c:/users/sonvhc/appdata/local/programs/renesas/ra/e2studio_v2021-01_fsp_v2.3.0/toolchains/gcc_arm/9_2019q4/bin/../lib/gcc/arm-none-eabi/9.2.1/../../../../arm-none-eabi/lib/thumb/v7e-m+fp/hard\libg_nano.a(lib_a-lock.o)
                0x000191f8                __retarget_lock_acquire_recursive
 .text.__retarget_lock_release_recursive
                0x000191fa        0x2 c:/users/sonvhc/appdata/local/programs/renesas/ra/e2studio_v2021-01_fsp_v2.3.0/toolchains/gcc_arm/9_2019q4/bin/../lib/gcc/arm-none-eabi/9.2.1/../../../../arm-none-eabi/lib/thumb/v7e-m+fp/hard\libg_nano.a(lib_a-lock.o)
                0x000191fa                __retarget_lock_release_recursive
 .text.__swhatbuf_r
                0x000191fc       0x48 c:/users/sonvhc/appdata/local/programs/renesas/ra/e2studio_v2021-01_fsp_v2.3.0/toolchains/gcc_arm/9_2019q4/bin/../lib/gcc/arm-none-eabi/9.2.1/../../../../arm-none-eabi/lib/thumb/v7e-m+fp/hard\libg_nano.a(lib_a-makebuf.o)
                0x000191fc                __swhatbuf_r
 .text.__smakebuf_r
                0x00019244       0x80 c:/users/sonvhc/appdata/local/programs/renesas/ra/e2studio_v2021-01_fsp_v2.3.0/toolchains/gcc_arm/9_2019q4/bin/../lib/gcc/arm-none-eabi/9.2.1/../../../../arm-none-eabi/lib/thumb/v7e-m+fp/hard\libg_nano.a(lib_a-makebuf.o)
                0x00019244                __smakebuf_r
 *fill*         0x000192c4        0xc ff
 .text          0x000192d0       0xa0 c:/users/sonvhc/appdata/local/programs/renesas/ra/e2studio_v2021-01_fsp_v2.3.0/toolchains/gcc_arm/9_2019q4/bin/../lib/gcc/arm-none-eabi/9.2.1/../../../../arm-none-eabi/lib/thumb/v7e-m+fp/hard\libg_nano.a(lib_a-memchr.o)
                0x000192d0                memchr
 .text.__malloc_lock
                0x00019370        0xc c:/users/sonvhc/appdata/local/programs/renesas/ra/e2studio_v2021-01_fsp_v2.3.0/toolchains/gcc_arm/9_2019q4/bin/../lib/gcc/arm-none-eabi/9.2.1/../../../../arm-none-eabi/lib/thumb/v7e-m+fp/hard\libg_nano.a(lib_a-mlock.o)
                0x00019370                __malloc_lock
 .text.__malloc_unlock
                0x0001937c        0xc c:/users/sonvhc/appdata/local/programs/renesas/ra/e2studio_v2021-01_fsp_v2.3.0/toolchains/gcc_arm/9_2019q4/bin/../lib/gcc/arm-none-eabi/9.2.1/../../../../arm-none-eabi/lib/thumb/v7e-m+fp/hard\libg_nano.a(lib_a-mlock.o)
                0x0001937c                __malloc_unlock
 .text._realloc_r
                0x00019388       0x4c c:/users/sonvhc/appdata/local/programs/renesas/ra/e2studio_v2021-01_fsp_v2.3.0/toolchains/gcc_arm/9_2019q4/bin/../lib/gcc/arm-none-eabi/9.2.1/../../../../arm-none-eabi/lib/thumb/v7e-m+fp/hard\libg_nano.a(lib_a-nano-reallocr.o)
                0x00019388                _realloc_r
 .text.__ssputs_r
                0x000193d4       0xb6 c:/users/sonvhc/appdata/local/programs/renesas/ra/e2studio_v2021-01_fsp_v2.3.0/toolchains/gcc_arm/9_2019q4/bin/../lib/gcc/arm-none-eabi/9.2.1/../../../../arm-none-eabi/lib/thumb/v7e-m+fp/hard\libg_nano.a(lib_a-nano-svfprintf.o)
                0x000193d4                __ssputs_r
 *fill*         0x0001948a        0x2 ff
 .text._svfprintf_r
                0x0001948c      0x200 c:/users/sonvhc/appdata/local/programs/renesas/ra/e2studio_v2021-01_fsp_v2.3.0/toolchains/gcc_arm/9_2019q4/bin/../lib/gcc/arm-none-eabi/9.2.1/../../../../arm-none-eabi/lib/thumb/v7e-m+fp/hard\libg_nano.a(lib_a-nano-svfprintf.o)
                0x0001948c                _svfiprintf_r
                0x0001948c                _svfprintf_r
 .text.__sread  0x0001968c       0x22 c:/users/sonvhc/appdata/local/programs/renesas/ra/e2studio_v2021-01_fsp_v2.3.0/toolchains/gcc_arm/9_2019q4/bin/../lib/gcc/arm-none-eabi/9.2.1/../../../../arm-none-eabi/lib/thumb/v7e-m+fp/hard\libg_nano.a(lib_a-stdio.o)
                0x0001968c                __sread
 .text.__swrite
                0x000196ae       0x38 c:/users/sonvhc/appdata/local/programs/renesas/ra/e2studio_v2021-01_fsp_v2.3.0/toolchains/gcc_arm/9_2019q4/bin/../lib/gcc/arm-none-eabi/9.2.1/../../../../arm-none-eabi/lib/thumb/v7e-m+fp/hard\libg_nano.a(lib_a-stdio.o)
                0x000196ae                __swrite
 .text.__sseek  0x000196e6       0x24 c:/users/sonvhc/appdata/local/programs/renesas/ra/e2studio_v2021-01_fsp_v2.3.0/toolchains/gcc_arm/9_2019q4/bin/../lib/gcc/arm-none-eabi/9.2.1/../../../../arm-none-eabi/lib/thumb/v7e-m+fp/hard\libg_nano.a(lib_a-stdio.o)
                0x000196e6                __sseek
 .text.__sclose
                0x0001970a        0x8 c:/users/sonvhc/appdata/local/programs/renesas/ra/e2studio_v2021-01_fsp_v2.3.0/toolchains/gcc_arm/9_2019q4/bin/../lib/gcc/arm-none-eabi/9.2.1/../../../../arm-none-eabi/lib/thumb/v7e-m+fp/hard\libg_nano.a(lib_a-stdio.o)
                0x0001970a                __sclose
 *fill*         0x00019712        0x2 ff
 .text._write_r
                0x00019714       0x24 c:/users/sonvhc/appdata/local/programs/renesas/ra/e2studio_v2021-01_fsp_v2.3.0/toolchains/gcc_arm/9_2019q4/bin/../lib/gcc/arm-none-eabi/9.2.1/../../../../arm-none-eabi/lib/thumb/v7e-m+fp/hard\libg_nano.a(lib_a-writer.o)
                0x00019714                _write_r
 .text._close_r
                0x00019738       0x20 c:/users/sonvhc/appdata/local/programs/renesas/ra/e2studio_v2021-01_fsp_v2.3.0/toolchains/gcc_arm/9_2019q4/bin/../lib/gcc/arm-none-eabi/9.2.1/../../../../arm-none-eabi/lib/thumb/v7e-m+fp/hard\libg_nano.a(lib_a-closer.o)
                0x00019738                _close_r
 .text._fstat_r
                0x00019758       0x24 c:/users/sonvhc/appdata/local/programs/renesas/ra/e2studio_v2021-01_fsp_v2.3.0/toolchains/gcc_arm/9_2019q4/bin/../lib/gcc/arm-none-eabi/9.2.1/../../../../arm-none-eabi/lib/thumb/v7e-m+fp/hard\libg_nano.a(lib_a-fstatr.o)
                0x00019758                _fstat_r
 .text._isatty_r
                0x0001977c       0x20 c:/users/sonvhc/appdata/local/programs/renesas/ra/e2studio_v2021-01_fsp_v2.3.0/toolchains/gcc_arm/9_2019q4/bin/../lib/gcc/arm-none-eabi/9.2.1/../../../../arm-none-eabi/lib/thumb/v7e-m+fp/hard\libg_nano.a(lib_a-isattyr.o)
                0x0001977c                _isatty_r
 .text._lseek_r
                0x0001979c       0x24 c:/users/sonvhc/appdata/local/programs/renesas/ra/e2studio_v2021-01_fsp_v2.3.0/toolchains/gcc_arm/9_2019q4/bin/../lib/gcc/arm-none-eabi/9.2.1/../../../../arm-none-eabi/lib/thumb/v7e-m+fp/hard\libg_nano.a(lib_a-lseekr.o)
                0x0001979c                _lseek_r
 .text._malloc_usable_size_r