Archive member included to satisfy reference by file (symbol)

C:\Users\SonVHc\Desktop\BkavDemo2022101115\01_SourceCode\Bkav_VC01\src\DSpotter\lib\libDSpotterLib2212_Official.a(DSpotterLicenseApi.o)
                              ./ra_gen/hal_data.o (flash0_bgo_callback)
C:\Users\SonVHc\Desktop\BkavDemo2022101115\01_SourceCode\Bkav_VC01\src\DSpotter\lib\libDSpotterLib2212_Official.a(Dsr021.o)
                              ./src/voice_main.o (AGC_Init)
C:\Users\SonVHc\Desktop\BkavDemo2022101115\01_SourceCode\Bkav_VC01\src\DSpotter\lib\libDSpotterLib2212_Official.a(Dsr100.o)
                              ./src/voice_main.o (DSpotter_GetMemoryUsage_Multi)
C:\Users\SonVHc\Desktop\BkavDemo2022101115\01_SourceCode\Bkav_VC01\src\DSpotter\lib\libDSpotterLib2212_Official.a(RingBuffer.o)
                              ./src/Speex/PlaySpeex.o (RingBufferInit)
C:\Users\SonVHc\Desktop\BkavDemo2022101115\01_SourceCode\Bkav_VC01\src\DSpotter\lib\libDSpotterLib2212_Official.a(CybEncode.o)
                              C:\Users\SonVHc\Desktop\BkavDemo2022101115\01_SourceCode\Bkav_VC01\src\DSpotter\lib\libDSpotterLib2212_Official.a(Dsr100.o) (DSPTR_000110)
C:\Users\SonVHc\Desktop\BkavDemo2022101115\01_SourceCode\Bkav_VC01\src\DSpotter\lib\libDSpotterLib2212_Official.a(Dsr002.o)
                              C:\Users\SonVHc\Desktop\BkavDemo2022101115\01_SourceCode\Bkav_VC01\src\DSpotter\lib\libDSpotterLib2212_Official.a(Dsr021.o) (DSPTR_001003)
C:\Users\SonVHc\Desktop\BkavDemo2022101115\01_SourceCode\Bkav_VC01\src\DSpotter\lib\libDSpotterLib2212_Official.a(Dsr032.o)
                              C:\Users\SonVHc\Desktop\BkavDemo2022101115\01_SourceCode\Bkav_VC01\src\DSpotter\lib\libDSpotterLib2212_Official.a(Dsr100.o) (DSPTR_018006)
C:\Users\SonVHc\Desktop\BkavDemo2022101115\01_SourceCode\Bkav_VC01\src\DSpotter\lib\libDSpotterLib2212_Official.a(Dsr012.o)
                              C:\Users\SonVHc\Desktop\BkavDemo2022101115\01_SourceCode\Bkav_VC01\src\DSpotter\lib\libDSpotterLib2212_Official.a(Dsr032.o) (DSPTR_011010)
C:\Users\SonVHc\Desktop\BkavDemo2022101115\01_SourceCode\Bkav_VC01\src\DSpotter\lib\libDSpotterLib2212_Official.a(Dsr013.o)
                              C:\Users\SonVHc\Desktop\BkavDemo2022101115\01_SourceCode\Bkav_VC01\src\DSpotter\lib\libDSpotterLib2212_Official.a(Dsr012.o) (DSPTR_012000)
C:\Users\SonVHc\Desktop\BkavDemo2022101115\01_SourceCode\Bkav_VC01\src\DSpotter\lib\libDSpotterLib2212_Official.a(Dsr014.o)
                              C:\Users\SonVHc\Desktop\BkavDemo2022101115\01_SourceCode\Bkav_VC01\src\DSpotter\lib\libDSpotterLib2212_Official.a(Dsr012.o) (DSPTR_013002)
C:\Users\SonVHc\Desktop\BkavDemo2022101115\01_SourceCode\Bkav_VC01\src\DSpotter\lib\libDSpotterLib2212_Official.a(Dsr015.o)
                              C:\Users\SonVHc\Desktop\BkavDemo2022101115\01_SourceCode\Bkav_VC01\src\DSpotter\lib\libDSpotterLib2212_Official.a(Dsr014.o) (DSPTR_014000)
C:\Users\SonVHc\Desktop\BkavDemo2022101115\01_SourceCode\Bkav_VC01\src\DSpotter\lib\libDSpotterLib2212_Official.a(Dsr017.o)
                              C:\Users\SonVHc\Desktop\BkavDemo2022101115\01_SourceCode\Bkav_VC01\src\DSpotter\lib\libDSpotterLib2212_Official.a(Dsr012.o) (DSPTR_015002)
C:\Users\SonVHc\Desktop\BkavDemo2022101115\01_SourceCode\Bkav_VC01\src\DSpotter\lib\libDSpotterLib2212_Official.a(Dsr031.o)
                              C:\Users\SonVHc\Desktop\BkavDemo2022101115\01_SourceCode\Bkav_VC01\src\DSpotter\lib\libDSpotterLib2212_Official.a(Dsr032.o) (DSPTR_017009)
C:\Users\SonVHc\Desktop\BkavDemo2022101115\01_SourceCode\Bkav_VC01\src\DSpotter\lib\libDSpotterLib2212_Official.a(Sd002.o)
                              C:\Users\SonVHc\Desktop\BkavDemo2022101115\01_SourceCode\Bkav_VC01\src\DSpotter\lib\libDSpotterLib2212_Official.a(Dsr031.o) (DSPTR_027001)
C:\Users\SonVHc\Desktop\BkavDemo2022101115\01_SourceCode\Bkav_VC01\src\DSpotter\lib\libDSpotterLib2212_Official.a(Dsr050.o)
                              C:\Users\SonVHc\Desktop\BkavDemo2022101115\01_SourceCode\Bkav_VC01\src\DSpotter\lib\libDSpotterLib2212_Official.a(Dsr031.o) (DSPTR_022054)
C:\Users\SonVHc\Desktop\BkavDemo2022101115\01_SourceCode\Bkav_VC01\src\DSpotter\lib\libDSpotterLib2212_Official.a(Dsr003.o)
                              C:\Users\SonVHc\Desktop\BkavDemo2022101115\01_SourceCode\Bkav_VC01\src\DSpotter\lib\libDSpotterLib2212_Official.a(Dsr050.o) (DSPTR_002016)
C:\Users\SonVHc\Desktop\BkavDemo2022101115\01_SourceCode\Bkav_VC01\src\DSpotter\lib\libDSpotterLib2212_Official.a(Dsr005.o)
                              C:\Users\SonVHc\Desktop\BkavDemo2022101115\01_SourceCode\Bkav_VC01\src\DSpotter\lib\libDSpotterLib2212_Official.a(Dsr014.o) (DSPTR_004000)
C:\Users\SonVHc\Desktop\BkavDemo2022101115\01_SourceCode\Bkav_VC01\src\DSpotter\lib\libDSpotterLib2212_Official.a(Dsr006.o)
                              C:\Users\SonVHc\Desktop\BkavDemo2022101115\01_SourceCode\Bkav_VC01\src\DSpotter\lib\libDSpotterLib2212_Official.a(Dsr014.o) (DSPTR_005000)
[...]
Memory Configuration

Name             Origin             Length             Attributes
FLASH            0x00000000         0x00080000         xr
RAM              0x1ffe0000         0x00040000         xrw
DATA_FLASH       0x40100000         0x00002000         xr
QSPI_FLASH       0x60000000         0x04000000         xr
OSPI_DEVICE_0    0x68000000         0x00000000         xr
OSPI_DEVICE_1    0x70000000         0x00000000         xr
SDRAM            0x90000000         0x00000000         xrw
OPTION_SETTING   0x00000000         0x00000000         r
OPTION_SETTING_S 0x00000000         0x00000000         r
ID_CODE          0x0100a150         0x00000010         xr
*default*        0x00000000         0xffffffff

Linker script and memory map

LOAD c:/users/sonvhc/appdata/local/programs/renesas/ra/e2studio_v2021-01_fsp_v2.3.0/toolchains/gcc_arm/9_2019q4/bin/../lib/gcc/arm-none-eabi/9.2.1/thumb/v7e-m+fp/hard/crti.o
LOAD c:/users/sonvhc/appdata/local/programs/renesas/ra/e2studio_v2021-01_fsp_v2.3.0/toolchains/gcc_arm/9_2019q4/bin/../lib/gcc/arm-none-eabi/9.2.1/thumb/v7e-m+fp/hard/crtbegin.o
LOAD c:/users/sonvhc/appdata/local/programs/renesas/ra/e2studio_v2021-01_fsp_v2.3.0/toolchains/gcc_arm/9_2019q4/bin/../lib/gcc/arm-none-eabi/9.2.1/../../../../arm-none-eabi/lib/thumb/v7e-m+fp/hard/rdimon-crt0.o
START GROUP
LOAD ./src/Speex/PlaySpeex.o
LOAD ./src/Model/CybModel1.o
LOAD ./src/Model/CybModel2.o
LOAD ./src/Model/SpeexData1.o
LOAD ./src/Model/SpeexData2.o
LOAD ./src/DSpotter/Convert2TransferBuffer.o
LOAD ./src/DSpotter/ConvertUTF.o
LOAD ./src/DSpotter/CybModelInfor.o
LOAD ./src/DSpotter/DbgTrace.o
LOAD ./src/DSpotter/UartMgr.o
LOAD ./src/hal_entry.o
LOAD ./src/voice_main.o
LOAD ./ra_gen/common_data.o
LOAD ./ra_gen/hal_data.o
LOAD ./ra_gen/main.o
LOAD ./ra_gen/pin_data.o
LOAD ./ra_gen/vector_data.o
LOAD ./ra/fsp/src/r_spi/r_spi.o
LOAD ./ra/fsp/src/r_sci_uart/r_sci_uart.o
LOAD ./ra/fsp/src/r_poeg/r_poeg.o
LOAD ./ra/fsp/src/r_ioport/r_ioport.o
LOAD ./ra/fsp/src/r_icu/r_icu.o
LOAD ./ra/fsp/src/r_gpt/r_gpt.o
LOAD ./ra/fsp/src/r_flash_hp/r_flash_hp.o
LOAD ./ra/fsp/src/r_dtc/r_dtc.o
LOAD ./ra/fsp/src/r_dac/r_dac.o
LOAD ./ra/fsp/src/bsp/mcu/all/bsp_clocks.o
LOAD ./ra/fsp/src/bsp/mcu/all/bsp_common.o
LOAD ./ra/fsp/src/bsp/mcu/all/bsp_delay.o
LOAD ./ra/fsp/src/bsp/mcu/all/bsp_group_irq.o
LOAD ./ra/fsp/src/bsp/mcu/all/bsp_guard.o
LOAD ./ra/fsp/src/bsp/mcu/all/bsp_io.o
LOAD ./ra/fsp/src/bsp/mcu/all/bsp_irq.o
LOAD ./ra/fsp/src/bsp/mcu/all/bsp_register_protection.o
LOAD ./ra/fsp/src/bsp/mcu/all/bsp_rom_registers.o
LOAD ./ra/fsp/src/bsp/mcu/all/bsp_sbrk.o
LOAD ./ra/fsp/src/bsp/mcu/all/bsp_security.o
LOAD ./ra/fsp/src/bsp/cmsis/Device/RENESAS/Source/startup.o
LOAD ./ra/fsp/src/bsp/cmsis/Device/RENESAS/Source/system.o
LOAD C:\Users\SonVHc\Desktop\BkavDemo2022101115\01_SourceCode\Bkav_VC01\src\DSpotter\lib\libDSpotterLib2212_Official.a
LOAD C:\Users\SonVHc\Desktop\BkavDemo2022101115\01_SourceCode\Bkav_VC01\src\Speex\lib\libSpeexLib.a
END GROUP
START GROUP
LOAD c:/users/sonvhc/appdata/local/programs/renesas/ra/e2studio_v2021-01_fsp_v2.3.0/toolchains/gcc_arm/9_2019q4/bin/../lib/gcc/arm-none-eabi/9.2.1/thumb/v7e-m+fp/hard\libgcc.a
LOAD c:/users/sonvhc/appdata/local/programs/renesas/ra/e2studio_v2021-01_fsp_v2.3.0/toolchains/gcc_arm/9_2019q4/bin/../lib/gcc/arm-none-eabi/9.2.1/../../../../arm-none-eabi/lib/thumb/v7e-m+fp/hard\libg_nano.a
LOAD c:/users/sonvhc/appdata/local/programs/renesas/ra/e2studio_v2021-01_fsp_v2.3.0/toolchains/gcc_arm/9_2019q4/bin/../lib/gcc/arm-none-eabi/9.2.1/../../../../arm-none-eabi/lib/thumb/v7e-m+fp/hard\libc_nano.a
END GROUP
START GROUP
LOAD c:/users/sonvhc/appdata/local/programs/renesas/ra/e2studio_v2021-01_fsp_v2.3.0/toolchains/gcc_arm/9_2019q4/bin/../lib/gcc/arm-none-eabi/9.2.1/thumb/v7e-m+fp/hard\libgcc.a
LOAD c:/users/sonvhc/appdata/local/programs/renesas/ra/e2studio_v2021-01_fsp_v2.3.0/toolchains/gcc_arm/9_2019q4/bin/../lib/gcc/arm-none-eabi/9.2.1/../../../../arm-none-eabi/lib/thumb/v7e-m+fp/hard\libc_nano.a
LOAD c:/users/sonvhc/appdata/local/programs/renesas/ra/e2studio_v2021-01_fsp_v2.3.0/toolchains/gcc_arm/9_2019q4/bin/../lib/gcc/arm-none-eabi/9.2.1/../../../../arm-none-eabi/lib/thumb/v7e-m+fp/hard\librdimon_nano.a
END GROUP
START GROUP
LOAD c:/users/sonvhc/appdata/local/programs/renesas/ra/e2studio_v2021-01_fsp_v2.3.0/toolchains/gcc_arm/9_2019q4/bin/../lib/gcc/arm-none-eabi/9.2.1/thumb/v7e-m+fp/hard\libgcc.a
LOAD c:/users/sonvhc/appdata/local/programs/renesas/ra/e2studio_v2021-01_fsp_v2.3.0/toolchains/gcc_arm/9_2019q4/bin/../lib/gcc/arm-none-eabi/9.2.1/../../../../arm-none-eabi/lib/thumb/v7e-m+fp/hard\libc_nano.a
LOAD c:/users/sonvhc/appdata/local/programs/renesas/ra/e2studio_v2021-01_fsp_v2.3.0/toolchains/gcc_arm/9_2019q4/bin/../lib/gcc/arm-none-eabi/9.2.1/../../../../arm-none-eabi/lib/thumb/v7e-m+fp/hard\librdimon_nano.a
END GROUP
LOAD c:/users/sonvhc/appdata/local/programs/renesas/ra/e2studio_v2021-01_fsp_v2.3.0/toolchains/gcc_arm/9_2019q4/bin/../lib/gcc/arm-none-eabi/9.2.1/thumb/v7e-m+fp/hard/crtend.o
LOAD c:/users/sonvhc/appdata/local/programs/renesas/ra/e2studio_v2021-01_fsp_v2.3.0/toolchains/gcc_arm/9_2019q4/bin/../lib/gcc/arm-none-eabi/9.2.1/thumb/v7e-m+fp/hard/crtn.o
                0x1ffe0000                RAM_START = 0x1ffe0000
                0x00040000                RAM_LENGTH = 0x40000
                0x00000000                FLASH_START = 0x0
                0x00080000                FLASH_LENGTH = 0x80000
                0x40100000                DATA_FLASH_START = 0x40100000
                0x00002000                DATA_FLASH_LENGTH = 0x2000
                0x00000000                OPTION_SETTING_START = 0x0
                0x00000000                OPTION_SETTING_LENGTH = 0x0
                0x00000000                OPTION_SETTING_S_START = 0x0
                0x00000000                OPTION_SETTING_S_LENGTH = 0x0
                0x0100a150                ID_CODE_START = 0x100a150
                0x00000010                ID_CODE_LENGTH = 0x10
                0x90000000                SDRAM_START = 0x90000000
                0x00000000                SDRAM_LENGTH = 0x0
                0x60000000                QSPI_FLASH_START = 0x60000000
                0x04000000                QSPI_FLASH_LENGTH = 0x4000000
                0x68000000                OSPI_DEVICE_0_START = 0x68000000
                0x00000000                OSPI_DEVICE_0_LENGTH = 0x0
                0x70000000                OSPI_DEVICE_1_START = 0x70000000
                0x00000000                OSPI_DEVICE_1_LENGTH = 0x0
                0x04000000                QSPI_FLASH_PRV_LENGTH = DEFINED (QSPI_FLASH_SIZE)?ABSOLUTE (QSPI_FLASH_SIZE):ABSOLUTE (QSPI_FLASH_LENGTH)
                0x00000000                OSPI_DEVICE_0_PRV_LENGTH = DEFINED (OSPI_DEVICE_0_SIZE)?ABSOLUTE (OSPI_DEVICE_0_SIZE):ABSOLUTE (OSPI_DEVICE_0_LENGTH)
                0x00000000                OSPI_DEVICE_1_PRV_LENGTH = DEFINED (OSPI_DEVICE_1_SIZE)?ABSOLUTE (OSPI_DEVICE_1_SIZE):ABSOLUTE (OSPI_DEVICE_1_LENGTH)
                0x00000000                __TZ_NS_PROJECT = ((LENGTH (OPTION_SETTING) && DEFINED (OPTION_SETTING_S_START)) && (ABSOLUTE (OPTION_SETTING_START_S) != ORIGIN (OPTION_SETTING)))
                0x00000000                __TZ_S_PROJECT = ((LENGTH (OPTION_SETTING) && DEFINED (OPTION_SETTING_S_START)) && (ABSOLUTE (OPTION_SETTING_START_S) == ORIGIN (OPTION_SETTING)))
                0x00000000                __RESERVE_NS_RAM = (__TZ_S_PROJECT && DEFINED (RAM_NS_BUFFER_LENGTH))
                0x00000000                RAM_NS_BUFFER_BLOCK_LENGTH = DEFINED (RAM_NS_BUFFER_LENGTH)?ALIGN (RAM_NS_BUFFER_LENGTH, 0x2000):0x0
                0x00000000                RAM_NS_BUFFER_LENGTH = DEFINED (RAM_NS_BUFFER_LENGTH)?RAM_NS_BUFFER_LENGTH:0x0
                0x20020000                RAM_NS_BUFFER_START = ((RAM_START + RAM_LENGTH) - RAM_NS_BUFFER_LENGTH)
                0x20020000                RAM_NS_BUFFER_BLOCK_START = ((RAM_START + RAM_LENGTH) - RAM_NS_BUFFER_BLOCK_LENGTH)
                0x0100a180                OPTION_SETTING_START_NS = 0x100a180
                0x0100a100                OPTION_SETTING_START_S = 0x100a100
START GROUP
LOAD c:/users/sonvhc/appdata/local/programs/renesas/ra/e2studio_v2021-01_fsp_v2.3.0/toolchains/gcc_arm/9_2019q4/bin/../lib/gcc/arm-none-eabi/9.2.1/thumb/v7e-m+fp/hard\libgcc.a
LOAD c:/users/sonvhc/appdata/local/programs/renesas/ra/e2studio_v2021-01_fsp_v2.3.0/toolchains/gcc_arm/9_2019q4/bin/../lib/gcc/arm-none-eabi/9.2.1/../../../../arm-none-eabi/lib/thumb/v7e-m+fp/hard\libc.a
LOAD c:/users/sonvhc/appdata/local/programs/renesas/ra/e2studio_v2021-01_fsp_v2.3.0/toolchains/gcc_arm/9_2019q4/bin/../lib/gcc/arm-none-eabi/9.2.1/../../../../arm-none-eabi/lib/thumb/v7e-m+fp/hard\libm.a
LOAD c:/users/sonvhc/appdata/local/programs/renesas/ra/e2studio_v2021-01_fsp_v2.3.0/toolchains/gcc_arm/9_2019q4/bin/../lib/gcc/arm-none-eabi/9.2.1/../../../../arm-none-eabi/lib/thumb/v7e-m+fp/hard\libnosys.a
END GROUP

.text           0x00000000    0x5ab44
                0x00000000                __tz_FLASH_S = ABSOLUTE (FLASH_START)
                0x00000000                __ROM_Start = .
 *(.fixed_vectors*)
 .fixed_vectors
                0x00000000       0x40 ./ra/fsp/src/bsp/cmsis/Device/RENESAS/Source/startup.o
                0x00000000                __Vectors
 *(.application_vectors*)
 .application_vectors
                0x00000040      0x180 ./ra_gen/vector_data.o
                0x00000040                g_vector_table
                0x000001c0                __Vectors_End = .
                0x00000400                . = (__ROM_Start + 0x400)
 *fill*         0x000001c0      0x240 ff
 *(.rom_registers*)
 .rom_registers
                0x00000400       0x3c ./ra/fsp/src/bsp/mcu/all/bsp_rom_registers.o
                0x00000500                . = (__ROM_Start + 0x500)
 *fill*         0x0000043c       0xc4 ff
 *(.text*)
 .text          0x00000500       0x40 c:/users/sonvhc/appdata/local/programs/renesas/ra/e2studio_v2021-01_fsp_v2.3.0/toolchains/gcc_arm/9_2019q4/bin/../lib/gcc/arm-none-eabi/9.2.1/thumb/v7e-m+fp/hard/crtbegin.o
 .text.g_timer_playback_callback
                0x00000540       0x40 ./src/Speex/PlaySpeex.o
                0x00000540                g_timer_playback_callback
 .text.PlaySpeexStart
                0x00000580       0x88 ./src/Speex/PlaySpeex.o
                0x00000580                PlaySpeexStart
 .text.PlaySpeexStop
                0x00000608       0x44 ./src/Speex/PlaySpeex.o
                0x00000608                PlaySpeexStop
 .text.PlaySpeexIndex
                0x0000064c      0x158 ./src/Speex/PlaySpeex.o
                0x0000064c                PlaySpeexIndex
 .text.PlaySpeexMapID
                0x000007a4       0x2c ./src/Speex/PlaySpeex.o
                0x000007a4                PlaySpeexMapID
 .text.Convert2TransferBuffer
                0x000007d0       0xc4 ./src/DSpotter/Convert2TransferBuffer.o
                0x000007d0                Convert2TransferBuffer
 .text.ConvertUTF16toUTF8
                0x00000894      0x100 ./src/DSpotter/ConvertUTF.o
                0x00000894                ConvertUTF16toUTF8
 .text.IsModelFile.part.0
                0x00000994       0x30 ./src/DSpotter/CybModelInfor.o
 .text.IsAllMapIdFile
                0x000009c4       0x68 ./src/DSpotter/CybModelInfor.o
 .text.CybModelInit
                0x00000a2c      0x284 ./src/DSpotter/CybModelInfor.o
                0x00000a2c                CybModelInit
 .text.CybModelRelease
                0x00000cb0       0x18 ./src/DSpotter/CybModelInfor.o
                0x00000cb0                CybModelRelease
 .text.CybModelGetGroupCount
                0x00000cc8        0xc ./src/DSpotter/CybModelInfor.o
                0x00000cc8                CybModelGetGroupCount
 .text.CybModelGetBase
                0x00000cd4       0x10 ./src/DSpotter/CybModelInfor.o
                0x00000cd4                CybModelGetBase
 .text.CybModelGetGroup
                0x00000ce4       0x44 ./src/DSpotter/CybModelInfor.o
                0x00000ce4                CybModelGetGroup
 .text.CybModelGetAllSkipState
                0x00000d28       0x44 ./src/DSpotter/CybModelInfor.o
                0x00000d28                CybModelGetAllSkipState
 .text.CybModelGetSkipState
                0x00000d6c       0x48 ./src/DSpotter/CybModelInfor.o
                0x00000d6c                CybModelGetSkipState
 .text.CybModelGetCommandCount
                0x00000db4       0x10 ./src/DSpotter/CybModelInfor.o
                0x00000db4                CybModelGetCommandCount
 .text.UnpackBin
                0x00000dc4       0x40 ./src/DSpotter/CybModelInfor.o
                0x00000dc4                UnpackBin
 .text.CybModelGetGroupTxt
                0x00000e04       0x28 ./src/DSpotter/CybModelInfor.o
                0x00000e04                CybModelGetGroupTxt
 .text.CybModelGetCommandInfo
                0x00000e2c      0x16c ./src/DSpotter/CybModelInfor.o
                0x00000e2c                CybModelGetCommandInfo
 .text.DbgUartTrace
                0x00000f98       0x4c ./src/DSpotter/DbgTrace.o
                0x00000f98                DbgUartTrace
 .text.UartOpen
                0x00000fe4       0x90 ./src/DSpotter/UartMgr.o
                0x00000fe4                UartOpen
 .text.UartAsyncRead
                0x00001074       0x64 ./src/DSpotter/UartMgr.o
                0x00001074                UartAsyncRead
 .text.UartAsyncWrite
                0x000010d8       0x50 ./src/DSpotter/UartMgr.o
                0x000010d8                UartAsyncWrite
 .text.UartWaitWriteReady
                0x00001128       0x28 ./src/DSpotter/UartMgr.o
                0x00001128                UartWaitWriteReady
 .text.UartIsReading
                0x00001150        0xc ./src/DSpotter/UartMgr.o
                0x00001150                UartIsReading
 .text.UartIsOpened
                0x0000115c       0x10 ./src/DSpotter/UartMgr.o
                0x0000115c                UartIsOpened
 .text.UartAbortAyncIO
                0x0000116c       0x50 ./src/DSpotter/UartMgr.o
                0x0000116c                UartAbortAyncIO
 .text.UartClose
                0x000011bc       0x3c ./src/DSpotter/UartMgr.o
                0x000011bc                UartClose
 .text.UartAbortAyncRead
                0x000011f8        0x8 ./src/DSpotter/UartMgr.o
                0x000011f8                UartAbortAyncRead
 .text.UartTrace
                0x00001200       0x58 ./src/DSpotter/UartMgr.o
                0x00001200                UartTrace
 .text.user_uart_callback
                0x00001258       0x40 ./src/DSpotter/UartMgr.o
                0x00001258                user_uart_callback
 .text.hal_entry
                0x00001298        0x4 ./src/hal_entry.o
                0x00001298                hal_entry
 .text.R_BSP_WarmStart
                0x0000129c       0x18 ./src/hal_entry.o
                0x0000129c                R_BSP_WarmStart
 .text.ToggleYellowLED
                0x000012b4       0x24 ./src/voice_main.o
 .text.OnDataReadCompleteCallback
                0x000012d8       0x50 ./src/voice_main.o
 .text.SetDSpotter.constprop.0
                0x00001328       0x9c ./src/voice_main.o
 .text.voice_loop
                0x000013c4      0x440 ./src/voice_main.o
 .text.voice_main
                0x00001804      0x4bc ./src/voice_main.o
                0x00001804                voice_main
 .text.g_spi_cb
                0x00001cc0       0x8c ./src/voice_main.o
                0x00001cc0                g_spi_cb
 .text.startup.main
                0x00001d4c        0xc ./ra_gen/main.o
                0x00001d4c                main
 .text.R_SPI_Close
                0x00001d58       0xb4 ./ra/fsp/src/r_spi/r_spi.o
                0x00001d58                R_SPI_Close
 .text.r_spi_write_read_common
                0x00001e0c      0x120 ./ra/fsp/src/r_spi/r_spi.o
 .text.R_SPI_Read
                0x00001f2c       0x18 ./ra/fsp/src/r_spi/r_spi.o
                0x00001f2c                R_SPI_Read
 .text.r_spi_call_callback
                0x00001f44       0x40 ./ra/fsp/src/r_spi/r_spi.o
 .text.R_SPI_Open
                0x00001f84      0x2d8 ./ra/fsp/src/r_spi/r_spi.o
                0x00001f84                R_SPI_Open
 .text.spi_rxi_isr
                0x0000225c       0x94 ./ra/fsp/src/r_spi/r_spi.o
                0x0000225c                spi_rxi_isr
 .text.spi_txi_isr
                0x000022f0       0xc8 ./ra/fsp/src/r_spi/r_spi.o
                0x000022f0                spi_txi_isr
 .text.spi_tei_isr
                0x000023b8       0x74 ./ra/fsp/src/r_spi/r_spi.o
                0x000023b8                spi_tei_isr
 .text.spi_eri_isr
                0x0000242c       0x74 ./ra/fsp/src/r_spi/r_spi.o
                0x0000242c                spi_eri_isr
 .text.R_SCI_UART_Close
                0x000024a0       0xb4 ./ra/fsp/src/r_sci_uart/r_sci_uart.o
                0x000024a0                R_SCI_UART_Close
 .text.R_SCI_UART_Read
                0x00002554        0x8 ./ra/fsp/src/r_sci_uart/r_sci_uart.o
                0x00002554                R_SCI_UART_Read
 .text.R_SCI_UART_Write
                0x0000255c       0x44 ./ra/fsp/src/r_sci_uart/r_sci_uart.o
                0x0000255c                R_SCI_UART_Write
 .text.R_SCI_UART_CallbackSet
                0x000025a0        0xc ./ra/fsp/src/r_sci_uart/r_sci_uart.o
                0x000025a0                R_SCI_UART_CallbackSet
 .text.R_SCI_UART_BaudSet
                0x000025ac       0x40 ./ra/fsp/src/r_sci_uart/r_sci_uart.o
                0x000025ac                R_SCI_UART_BaudSet
 .text.R_SCI_UART_InfoGet
                0x000025ec        0xc ./ra/fsp/src/r_sci_uart/r_sci_uart.o
                0x000025ec                R_SCI_UART_InfoGet
 .text.R_SCI_UART_Abort
                0x000025f8       0x38 ./ra/fsp/src/r_sci_uart/r_sci_uart.o
                0x000025f8                R_SCI_UART_Abort
 .text.R_SCI_UART_VersionGet
                0x00002630        0xc ./ra/fsp/src/r_sci_uart/r_sci_uart.o
                0x00002630                R_SCI_UART_VersionGet
 .text.r_sci_uart_call_callback
                0x0000263c       0x44 ./ra/fsp/src/r_sci_uart/r_sci_uart.o
 .text.R_SCI_UART_Open
                0x00002680      0x31c ./ra/fsp/src/r_sci_uart/r_sci_uart.o
                0x00002680                R_SCI_UART_Open
 .text.R_SCI_UART_BaudCalculate
                0x0000299c      0x18c ./ra/fsp/src/r_sci_uart/r_sci_uart.o
                0x0000299c                R_SCI_UART_BaudCalculate
 .text.sci_uart_txi_isr
                0x00002b28       0x84 ./ra/fsp/src/r_sci_uart/r_sci_uart.o
                0x00002b28                sci_uart_txi_isr
 .text.sci_uart_rxi_isr
                0x00002bac       0x8c ./ra/fsp/src/r_sci_uart/r_sci_uart.o
                0x00002bac                sci_uart_rxi_isr
 .text.sci_uart_tei_isr
                0x00002c38       0x3c ./ra/fsp/src/r_sci_uart/r_sci_uart.o
                0x00002c38                sci_uart_tei_isr
 .text.sci_uart_eri_isr
                0x00002c74       0x64 ./ra/fsp/src/r_sci_uart/r_sci_uart.o
                0x00002c74                sci_uart_eri_isr
 .text.R_POEG_Open
                0x00002cd8       0xb4 ./ra/fsp/src/r_poeg/r_poeg.o
                0x00002cd8                R_POEG_Open
 .text.R_POEG_Close
                0x00002d8c       0x54 ./ra/fsp/src/r_poeg/r_poeg.o
                0x00002d8c                R_POEG_Close
 .text.R_IOPORT_PinWrite
                0x00002de0       0x20 ./ra/fsp/src/r_ioport/r_ioport.o
                0x00002de0                R_IOPORT_PinWrite
 .text.bsp_vbatt_init.isra.0
                0x00002e00       0xac ./ra/fsp/src/r_ioport/r_ioport.o
 .text.r_ioport_pins_config
                0x00002eac       0xbc ./ra/fsp/src/r_ioport/r_ioport.o
 .text.R_IOPORT_Open
                0x00002f68       0x14 ./ra/fsp/src/r_ioport/r_ioport.o
                0x00002f68                R_IOPORT_Open
 .text.r_icu_isr
                0x00002f7c       0x6c ./ra/fsp/src/r_icu/r_icu.o
                0x00002f7c                r_icu_isr
 .text.R_GPT_Stop
                0x00002fe8        0xc ./ra/fsp/src/r_gpt/r_gpt.o
                0x00002fe8                R_GPT_Stop
 .text.R_GPT_Start
                0x00002ff4        0xc ./ra/fsp/src/r_gpt/r_gpt.o
                0x00002ff4                R_GPT_Start
 .text.r_gpt_enable_irq
                0x00003000       0x58 ./ra/fsp/src/r_gpt/r_gpt.o
 .text.R_GPT_Open
                0x00003058      0x1ec ./ra/fsp/src/r_gpt/r_gpt.o
                0x00003058                R_GPT_Open
 .text.r_gpt_call_callback
                0x00003244       0x3c ./ra/fsp/src/r_gpt/r_gpt.o
 .text.r_gpt_disable_irq.part.0
                0x00003280       0x34 ./ra/fsp/src/r_gpt/r_gpt.o
 .text.R_GPT_Close
                0x000032b4       0x3c ./ra/fsp/src/r_gpt/r_gpt.o
                0x000032b4                R_GPT_Close
 .text.R_GPT_CounterSet
                0x000032f0        0x8 ./ra/fsp/src/r_gpt/r_gpt.o
                0x000032f0                R_GPT_CounterSet
 .text.gpt_counter_overflow_isr
                0x000032f8       0x74 ./ra/fsp/src/r_gpt/r_gpt.o
                0x000032f8                gpt_counter_overflow_isr
 .text.R_FLASH_HP_Close
                0x0000336c       0x6c ./ra/fsp/src/r_flash_hp/r_flash_hp.o
                0x0000336c                R_FLASH_HP_Close
 .text.flash_hp_init
                0x000033d8      0x104 ./ra/fsp/src/r_flash_hp/r_flash_hp.o
 .text.R_FLASH_HP_Open
                0x000034dc       0xe0 ./ra/fsp/src/r_flash_hp/r_flash_hp.o
                0x000034dc                R_FLASH_HP_Open
 .text.r_flash_hp_call_callback
                0x000035bc       0x38 ./ra/fsp/src/r_flash_hp/r_flash_hp.o
 .text.flash_hp_pe_mode_exit
                0x000035f4       0x64 ./ra/fsp/src/r_flash_hp/r_flash_hp.o
 .text.flash_hp_stop
                0x00003658       0x50 ./ra/fsp/src/r_flash_hp/r_flash_hp.o
 .text.flash_hp_check_errors
                0x000036a8       0x50 ./ra/fsp/src/r_flash_hp/r_flash_hp.o
 .text.flash_hp_enter_pe_df_mode.isra.0
                0x000036f8       0xb4 ./ra/fsp/src/r_flash_hp/r_flash_hp.o
 .text.R_FLASH_HP_BlankCheck
                0x000037ac       0xa0 ./ra/fsp/src/r_flash_hp/r_flash_hp.o
                0x000037ac                R_FLASH_HP_BlankCheck
 .text.flash_hp_reset
                0x0000384c       0xdc ./ra/fsp/src/r_flash_hp/r_flash_hp.o
 .text.flash_hp_write_data.constprop.0
                0x00003928       0x80 ./ra/fsp/src/r_flash_hp/r_flash_hp.o
 .text.R_FLASH_HP_Write
                0x000039a8       0x70 ./ra/fsp/src/r_flash_hp/r_flash_hp.o
                0x000039a8                R_FLASH_HP_Write
 .text.R_FLASH_HP_Erase
                0x00003a18       0xcc ./ra/fsp/src/r_flash_hp/r_flash_hp.o
                0x00003a18                R_FLASH_HP_Erase
 .text.fcu_fiferr_isr
                0x00003ae4       0x70 ./ra/fsp/src/r_flash_hp/r_flash_hp.o
                0x00003ae4                fcu_fiferr_isr
 .text.fcu_frdyi_isr
                0x00003b54       0xa0 ./ra/fsp/src/r_flash_hp/r_flash_hp.o
                0x00003b54                fcu_frdyi_isr
 .text.R_DTC_Reset
                0x00003bf4       0x9c ./ra/fsp/src/r_dtc/r_dtc.o
                0x00003bf4                R_DTC_Reset
 .text.R_DTC_SoftwareStart
                0x00003c90        0x4 ./ra/fsp/src/r_dtc/r_dtc.o
                0x00003c90                R_DTC_SoftwareStart
 .text.R_DTC_SoftwareStop
                0x00003c94        0x4 ./ra/fsp/src/r_dtc/r_dtc.o
                0x00003c94                R_DTC_SoftwareStop
 .text.R_DTC_Enable
                0x00003c98       0x1c ./ra/fsp/src/r_dtc/r_dtc.o
                0x00003c98                R_DTC_Enable
 .text.R_DTC_Disable
                0x00003cb4       0x1c ./ra/fsp/src/r_dtc/r_dtc.o
                0x00003cb4                R_DTC_Disable
 .text.R_DTC_InfoGet
                0x00003cd0       0x5c ./ra/fsp/src/r_dtc/r_dtc.o
                0x00003cd0                R_DTC_InfoGet
 .text.R_DTC_Close
                0x00003d2c       0x30 ./ra/fsp/src/r_dtc/r_dtc.o
                0x00003d2c                R_DTC_Close
 .text.R_DTC_VersionGet
                0x00003d5c       0x10 ./ra/fsp/src/r_dtc/r_dtc.o
                0x00003d5c                R_DTC_VersionGet
 .text.r_dtc_set_info.isra.0
                0x00003d6c       0x48 ./ra/fsp/src/r_dtc/r_dtc.o
 .text.R_DTC_Reconfigure
                0x00003db4       0x54 ./ra/fsp/src/r_dtc/r_dtc.o
                0x00003db4                R_DTC_Reconfigure
 .text.R_DTC_Open
                0x00003e08       0x88 ./ra/fsp/src/r_dtc/r_dtc.o
                0x00003e08                R_DTC_Open
 .text.R_DAC_Open
                0x00003e90       0x9c ./ra/fsp/src/r_dac/r_dac.o
                0x00003e90                R_DAC_Open
 .text.R_DAC_Write
                0x00003f2c       0x10 ./ra/fsp/src/r_dac/r_dac.o
                0x00003f2c                R_DAC_Write
 .text.R_DAC_Stop
                0x00003f3c       0x38 ./ra/fsp/src/r_dac/r_dac.o
                0x00003f3c                R_DAC_Stop
 .text.R_DAC_Close
                0x00003f74       0x4c ./ra/fsp/src/r_dac/r_dac.o
                0x00003f74                R_DAC_Close
 .text.R_DAC_Start
                0x00003fc0       0xe0 ./ra/fsp/src/r_dac/r_dac.o
                0x00003fc0                R_DAC_Start
 .text.SystemCoreClockUpdate
                0x000040a0       0x28 ./ra/fsp/src/bsp/mcu/all/bsp_clocks.o
                0x000040a0                SystemCoreClockUpdate
 .text.bsp_clock_init
                0x000040c8      0x104 ./ra/fsp/src/bsp/mcu/all/bsp_clocks.o
                0x000040c8                bsp_clock_init
 .text.bsp_init_internal
                0x000041cc        0x4 ./ra/fsp/src/bsp/mcu/all/bsp_common.o
                0x000041cc                bsp_init_internal
                0x000041cc                bsp_init
 .text.bsp_prv_software_delay_loop
                0x000041d0        0xc ./ra/fsp/src/bsp/mcu/all/bsp_delay.o
                0x000041d0                bsp_prv_software_delay_loop
 .text.R_BSP_SoftwareDelay
                0x000041dc       0x5c ./ra/fsp/src/bsp/mcu/all/bsp_delay.o
                0x000041dc                R_BSP_SoftwareDelay
 .text.NMI_Handler
                0x00004238       0x38 ./ra/fsp/src/bsp/mcu/all/bsp_group_irq.o
                0x00004238                NMI_Handler
 .text.bsp_irq_cfg
                0x00004270       0x28 ./ra/fsp/src/bsp/mcu/all/bsp_irq.o
                0x00004270                bsp_irq_cfg
 .text.R_BSP_RegisterProtectEnable
                0x00004298       0x60 ./ra/fsp/src/bsp/mcu/all/bsp_register_protection.o
                0x00004298                R_BSP_RegisterProtectEnable
 .text.R_BSP_RegisterProtectDisable
                0x000042f8       0x50 ./ra/fsp/src/bsp/mcu/all/bsp_register_protection.o
                0x000042f8                R_BSP_RegisterProtectDisable
 .text._sbrk    0x00004348       0x40 ./ra/fsp/src/bsp/mcu/all/bsp_sbrk.o
                0x00004348                _sbrk
 .text.Default_Handler
                0x00004388        0x4 ./ra/fsp/src/bsp/cmsis/Device/RENESAS/Source/startup.o
                0x00004388                DebugMon_Handler
                0x00004388                HardFault_Handler
                0x00004388                SysTick_Handler
                0x00004388                PendSV_Handler
                0x00004388                UsageFault_Handler
                0x00004388                SecureFault_Handler
                0x00004388                Default_Handler
                0x00004388                MemManage_Handler
                0x00004388                SVC_Handler
                0x00004388                BusFault_Handler
 .text.Reset_Handler
                0x0000438c        0xc ./ra/fsp/src/bsp/cmsis/Device/RENESAS/Source/startup.o
                0x0000438c                Reset_Handler
 .text.SystemInit
                0x00004398       0xc0 ./ra/fsp/src/bsp/cmsis/Device/RENESAS/Source/system.o
                0x00004398                SystemInit
 .text.OAC0014  0x00004458      0x138 C:\Users\SonVHc\Desktop\BkavDemo2022101115\01_SourceCode\Bkav_VC01\src\DSpotter\lib\libDSpotterLib2212_Official.a(DSpotterLicenseApi.o)
 .text.OnUartReadCompleteCallback
                0x00004590       0x40 C:\Users\SonVHc\Desktop\BkavDemo2022101115\01_SourceCode\Bkav_VC01\src\DSpotter\lib\libDSpotterLib2212_Official.a(DSpotterLicenseApi.o)
 .text._HDE0001
                0x000045d0      0xb64 C:\Users\SonVHc\Desktop\BkavDemo2022101115\01_SourceCode\Bkav_VC01\src\DSpotter\lib\libDSpotterLib2212_Official.a(DSpotterLicenseApi.o)
 .text.CheckLicense
                0x00005134      0x16c C:\Users\SonVHc\Desktop\BkavDemo2022101115\01_SourceCode\Bkav_VC01\src\DSpotter\lib\libDSpotterLib2212_Official.a(DSpotterLicenseApi.o)
 .text.DSPTR_000101
                0x000052a0        0x4 C:\Users\SonVHc\Desktop\BkavDemo2022101115\01_SourceCode\Bkav_VC01\src\DSpotter\lib\libDSpotterLib2212_Official.a(DSpotterLicenseApi.o)
                0x000052a0                DSPTR_000101
 .text.DSPTR_000102
                0x000052a4      0x640 C:\Users\SonVHc\Desktop\BkavDemo2022101115\01_SourceCode\Bkav_VC01\src\DSpotter\lib\libDSpotterLib2212_Official.a(DSpotterLicenseApi.o)
                0x000052a4                DSPTR_000102
 .text.flash0_bgo_callback
                0x000058e4       0x40 C:\Users\SonVHc\Desktop\BkavDemo2022101115\01_SourceCode\Bkav_VC01\src\DSpotter\lib\libDSpotterLib2212_Official.a(DSpotterLicenseApi.o)
                0x000058e4                flash0_bgo_callback
 .text.AGC_GetMemUsage
                0x00005924        0x4 C:\Users\SonVHc\Desktop\BkavDemo2022101115\01_SourceCode\Bkav_VC01\src\DSpotter\lib\libDSpotterLib2212_Official.a(Dsr021.o)
                0x00005924                AGC_GetMemUsage
 .text.AGC_Init
                0x00005928       0x58 C:\Users\SonVHc\Desktop\BkavDemo2022101115\01_SourceCode\Bkav_VC01\src\DSpotter\lib\libDSpotterLib2212_Official.a(Dsr021.o)
                0x00005928                AGC_Init
 .text.AGC_Do   0x00005980      0x14c C:\Users\SonVHc\Desktop\BkavDemo2022101115\01_SourceCode\Bkav_VC01\src\DSpotter\lib\libDSpotterLib2212_Official.a(Dsr021.o)
                0x00005980                AGC_Do
 .text.AGC_Release
                0x00005acc        0xc C:\Users\SonVHc\Desktop\BkavDemo2022101115\01_SourceCode\Bkav_VC01\src\DSpotter\lib\libDSpotterLib2212_Official.a(Dsr021.o)
                0x00005acc                AGC_Release
 .text.AGC_SetMaxGain
                0x00005ad8       0x80 C:\Users\SonVHc\Desktop\BkavDemo2022101115\01_SourceCode\Bkav_VC01\src\DSpotter\lib\libDSpotterLib2212_Official.a(Dsr021.o)
                0x00005ad8                AGC_SetMaxGain
 .text.DSpotter_GetMemoryUsage_Multi
                0x00005b58       0x90 C:\Users\SonVHc\Desktop\BkavDemo2022101115\01_SourceCode\Bkav_VC01\src\DSpotter\lib\libDSpotterLib2212_Official.a(Dsr100.o)
                0x00005b58                DSpotter_GetMemoryUsage_Multi
 .text.DSpotter_Init_Multi
                0x00005be8      0x3d0 C:\Users\SonVHc\Desktop\BkavDemo2022101115\01_SourceCode\Bkav_VC01\src\DSpotter\lib\libDSpotterLib2212_Official.a(Dsr100.o)
                0x00005be8                DSpotter_Init_Multi
 .text.DSpotter_Release
                0x00005fb8       0x24 C:\Users\SonVHc\Desktop\BkavDemo2022101115\01_SourceCode\Bkav_VC01\src\DSpotter\lib\libDSpotterLib2212_Official.a(Dsr100.o)
                0x00005fb8                DSpotter_Release
 .text.DSpotter_Reset
                0x00005fdc       0x2c C:\Users\SonVHc\Desktop\BkavDemo2022101115\01_SourceCode\Bkav_VC01\src\DSpotter\lib\libDSpotterLib2212_Official.a(Dsr100.o)
                0x00005fdc                DSpotter_Reset
 .text.DSpotter_AddSample
                0x00006008      0x10c C:\Users\SonVHc\Desktop\BkavDemo2022101115\01_SourceCode\Bkav_VC01\src\DSpotter\lib\libDSpotterLib2212_Official.a(Dsr100.o)
                0x00006008                DSpotter_AddSample
 .text.DSpotter_GetResult
                0x00006114       0x18 C:\Users\SonVHc\Desktop\BkavDemo2022101115\01_SourceCode\Bkav_VC01\src\DSpotter\lib\libDSpotterLib2212_Official.a(Dsr100.o)
                0x00006114                DSpotter_GetResult
 .text.DSpotter_GetResultScore
                0x0000612c       0x68 C:\Users\SonVHc\Desktop\BkavDemo2022101115\01_SourceCode\Bkav_VC01\src\DSpotter\lib\libDSpotterLib2212_Official.a(Dsr100.o)
                0x0000612c                DSpotter_GetResultScore
 .text.DSpotter_GetNumWord
                0x00006194       0x30 C:\Users\SonVHc\Desktop\BkavDemo2022101115\01_SourceCode\Bkav_VC01\src\DSpotter\lib\libDSpotterLib2212_Official.a(Dsr100.o)
                0x00006194                DSpotter_GetNumWord
 .text.DSpotter_GetCmdEnergy
                0x000061c4       0x10 C:\Users\SonVHc\Desktop\BkavDemo2022101115\01_SourceCode\Bkav_VC01\src\DSpotter\lib\libDSpotterLib2212_Official.a(Dsr100.o)
                0x000061c4                DSpotter_GetCmdEnergy
 .text.DSpotter_IsKeywordAlive
                0x000061d4       0x10 C:\Users\SonVHc\Desktop\BkavDemo2022101115\01_SourceCode\Bkav_VC01\src\DSpotter\lib\libDSpotterLib2212_Official.a(Dsr100.o)
                0x000061d4                DSpotter_IsKeywordAlive
 .text.RingBufferInit
                0x000061e4       0xa4 C:\Users\SonVHc\Desktop\BkavDemo2022101115\01_SourceCode\Bkav_VC01\src\DSpotter\lib\libDSpotterLib2212_Official.a(RingBuffer.o)
                0x000061e4                RingBufferInit
 .text.RingBufferRelease
                0x00006288       0x34 C:\Users\SonVHc\Desktop\BkavDemo2022101115\01_SourceCode\Bkav_VC01\src\DSpotter\lib\libDSpotterLib2212_Official.a(RingBuffer.o)
                0x00006288                RingBufferRelease
 .text.RingBufferIsFull
                0x000062bc       0x18 C:\Users\SonVHc\Desktop\BkavDemo2022101115\01_SourceCode\Bkav_VC01\src\DSpotter\lib\libDSpotterLib2212_Official.a(RingBuffer.o)
                0x000062bc                RingBufferIsFull
 .text.RingBufferPutData
                0x000062d4       0x78 C:\Users\SonVHc\Desktop\BkavDemo2022101115\01_SourceCode\Bkav_VC01\src\DSpotter\lib\libDSpotterLib2212_Official.a(RingBuffer.o)
                0x000062d4                RingBufferPutData
 .text.RingBufferGetData
                0x0000634c       0x70 C:\Users\SonVHc\Desktop\BkavDemo2022101115\01_SourceCode\Bkav_VC01\src\DSpotter\lib\libDSpotterLib2212_Official.a(RingBuffer.o)
                0x0000634c                RingBufferGetData
 .text.RingBufferGetFreeSize
                0x000063bc       0x10 C:\Users\SonVHc\Desktop\BkavDemo2022101115\01_SourceCode\Bkav_VC01\src\DSpotter\lib\libDSpotterLib2212_Official.a(RingBuffer.o)
                0x000063bc                RingBufferGetFreeSize
 .text.RingBufferGetDataSize
                0x000063cc        0xc C:\Users\SonVHc\Desktop\BkavDemo2022101115\01_SourceCode\Bkav_VC01\src\DSpotter\lib\libDSpotterLib2212_Official.a(RingBuffer.o)
                0x000063cc                RingBufferGetDataSize
 .text.RingBufferGetDataBuffer
                0x000063d8       0x68 C:\Users\SonVHc\Desktop\BkavDemo2022101115\01_SourceCode\Bkav_VC01\src\DSpotter\lib\libDSpotterLib2212_Official.a(RingBuffer.o)
                0x000063d8                RingBufferGetDataBuffer
 .text.RingBufferDequeueData
                0x00006440       0x40 C:\Users\SonVHc\Desktop\BkavDemo2022101115\01_SourceCode\Bkav_VC01\src\DSpotter\lib\libDSpotterLib2212_Official.a(RingBuffer.o)
                0x00006440                RingBufferDequeueData
 .text.DSPTR_000110
                0x00006480       0x54 C:\Users\SonVHc\Desktop\BkavDemo2022101115\01_SourceCode\Bkav_VC01\src\DSpotter\lib\libDSpotterLib2212_Official.a(CybEncode.o)
                0x00006480                DSPTR_000110
 .text.DSPTR_001003
                0x000064d4       0x10 C:\Users\SonVHc\Desktop\BkavDemo2022101115\01_SourceCode\Bkav_VC01\src\DSpotter\lib\libDSpotterLib2212_Official.a(Dsr002.o)
                0x000064d4                DSPTR_001003
 .text.DSPTR_001001
                0x000064e4       0x7c C:\Users\SonVHc\Desktop\BkavDemo2022101115\01_SourceCode\Bkav_VC01\src\DSpotter\lib\libDSpotterLib2212_Official.a(Dsr002.o)
                0x000064e4                DSPTR_001001
 .text.DSPTR_001000
                0x00006560       0x60 C:\Users\SonVHc\Desktop\BkavDemo2022101115\01_SourceCode\Bkav_VC01\src\DSpotter\lib\libDSpotterLib2212_Official.a(Dsr002.o)
                0x00006560                DSPTR_001000
 .text.DSPTR_001002
                0x000065c0       0x98 C:\Users\SonVHc\Desktop\BkavDemo2022101115\01_SourceCode\Bkav_VC01\src\DSpotter\lib\libDSpotterLib2212_Official.a(Dsr002.o)
                0x000065c0                DSPTR_001002
 .text.FixCalcRMS
                0x00006658       0x84 C:\Users\SonVHc\Desktop\BkavDemo2022101115\01_SourceCode\Bkav_VC01\src\DSpotter\lib\libDSpotterLib2212_Official.a(Dsr032.o)
 .text.DSPTR_018006
                0x000066dc       0xe0 C:\Users\SonVHc\Desktop\BkavDemo2022101115\01_SourceCode\Bkav_VC01\src\DSpotter\lib\libDSpotterLib2212_Official.a(Dsr032.o)
                0x000066dc                DSPTR_018006
 .text.DSPTR_018013
                0x000067bc       0x40 C:\Users\SonVHc\Desktop\BkavDemo2022101115\01_SourceCode\Bkav_VC01\src\DSpotter\lib\libDSpotterLib2212_Official.a(Dsr032.o)
                0x000067bc                DSPTR_018013
 .text.DSPTR_018005
                0x000067fc      0x100 C:\Users\SonVHc\Desktop\BkavDemo2022101115\01_SourceCode\Bkav_VC01\src\DSpotter\lib\libDSpotterLib2212_Official.a(Dsr032.o)
                0x000067fc                DSPTR_018005
 .text.DSPTR_018012
                0x000068fc      0x2e8 C:\Users\SonVHc\Desktop\BkavDemo2022101115\01_SourceCode\Bkav_VC01\src\DSpotter\lib\libDSpotterLib2212_Official.a(Dsr032.o)
                0x000068fc                DSPTR_018012
 .text.DSPTR_018004
                0x00006be4       0x34 C:\Users\SonVHc\Desktop\BkavDemo2022101115\01_SourceCode\Bkav_VC01\src\DSpotter\lib\libDSpotterLib2212_Official.a(Dsr032.o)
                0x00006be4                DSPTR_018004
 .text.DSPTR_018017
                0x00006c18       0x28 C:\Users\SonVHc\Desktop\BkavDemo2022101115\01_SourceCode\Bkav_VC01\src\DSpotter\lib\libDSpotterLib2212_Official.a(Dsr032.o)
                0x00006c18                DSPTR_018017
 .text.DSPTR_018000
                0x00006c40      0x140 C:\Users\SonVHc\Desktop\BkavDemo2022101115\01_SourceCode\Bkav_VC01\src\DSpotter\lib\libDSpotterLib2212_Official.a(Dsr032.o)
                0x00006c40                DSPTR_018000
 .text.DSPTR_018001
                0x00006d80       0xec C:\Users\SonVHc\Desktop\BkavDemo2022101115\01_SourceCode\Bkav_VC01\src\DSpotter\lib\libDSpotterLib2212_Official.a(Dsr032.o)
                0x00006d80                DSPTR_018001
 .text.DSPTR_018014
                0x00006e6c       0x34 C:\Users\SonVHc\Desktop\BkavDemo2022101115\01_SourceCode\Bkav_VC01\src\DSpotter\lib\libDSpotterLib2212_Official.a(Dsr032.o)
                0x00006e6c                DSPTR_018014
 .text.DSPTR_018022
                0x00006ea0       0x1c C:\Users\SonVHc\Desktop\BkavDemo2022101115\01_SourceCode\Bkav_VC01\src\DSpotter\lib\libDSpotterLib2212_Official.a(Dsr032.o)
                0x00006ea0                DSPTR_018022
 .text.DSPTR_018009
                0x00006ebc       0x28 C:\Users\SonVHc\Desktop\BkavDemo2022101115\01_SourceCode\Bkav_VC01\src\DSpotter\lib\libDSpotterLib2212_Official.a(Dsr032.o)
                0x00006ebc                DSPTR_018009
 .text.DSPTR_018002
                0x00006ee4       0x1c C:\Users\SonVHc\Desktop\BkavDemo2022101115\01_SourceCode\Bkav_VC01\src\DSpotter\lib\libDSpotterLib2212_Official.a(Dsr032.o)
                0x00006ee4                DSPTR_018002
 .text.DSPTR_018010
                0x00006f00       0x1c C:\Users\SonVHc\Desktop\BkavDemo2022101115\01_SourceCode\Bkav_VC01\src\DSpotter\lib\libDSpotterLib2212_Official.a(Dsr032.o)
                0x00006f00                DSPTR_018010
 .text.DSPTR_018036
                0x00006f1c        0xc C:\Users\SonVHc\Desktop\BkavDemo2022101115\01_SourceCode\Bkav_VC01\src\DSpotter\lib\libDSpotterLib2212_Official.a(Dsr032.o)
                0x00006f1c                DSPTR_018036
 .text.DSPTR_018008
                0x00006f28        0x8 C:\Users\SonVHc\Desktop\BkavDemo2022101115\01_SourceCode\Bkav_VC01\src\DSpotter\lib\libDSpotterLib2212_Official.a(Dsr032.o)
                0x00006f28                DSPTR_018008
 .text.DSPTR_018047
                0x00006f30        0xc C:\Users\SonVHc\Desktop\BkavDemo2022101115\01_SourceCode\Bkav_VC01\src\DSpotter\lib\libDSpotterLib2212_Official.a(Dsr032.o)
                0x00006f30                DSPTR_018047
 .text.DSPTR_011010
                0x00006f3c       0xe0 C:\Users\SonVHc\Desktop\BkavDemo2022101115\01_SourceCode\Bkav_VC01\src\DSpotter\lib\libDSpotterLib2212_Official.a(Dsr012.o)
                0x00006f3c                DSPTR_011010
 .text.DSPTR_011012
                0x0000701c       0x18 C:\Users\SonVHc\Desktop\BkavDemo2022101115\01_SourceCode\Bkav_VC01\src\DSpotter\lib\libDSpotterLib2212_Official.a(Dsr012.o)
                0x0000701c                DSPTR_011012
 .text.DSPTR_011000
                0x00007034      0x144 C:\Users\SonVHc\Desktop\BkavDemo2022101115\01_SourceCode\Bkav_VC01\src\DSpotter\lib\libDSpotterLib2212_Official.a(Dsr012.o)
                0x00007034                DSPTR_011000
 .text.DSPTR_011003
                0x00007178       0x34 C:\Users\SonVHc\Desktop\BkavDemo2022101115\01_SourceCode\Bkav_VC01\src\DSpotter\lib\libDSpotterLib2212_Official.a(Dsr012.o)
                0x00007178                DSPTR_011003
 .text.DSPTR_011014
                0x000071ac       0x18 C:\Users\SonVHc\Desktop\BkavDemo2022101115\01_SourceCode\Bkav_VC01\src\DSpotter\lib\libDSpotterLib2212_Official.a(Dsr012.o)
                0x000071ac                DSPTR_011014
 .text.DSPTR_011016
                0x000071c4       0x24 C:\Users\SonVHc\Desktop\BkavDemo2022101115\01_SourceCode\Bkav_VC01\src\DSpotter\lib\libDSpotterLib2212_Official.a(Dsr012.o)
                0x000071c4                DSPTR_011016
 .text.DSPTR_011007
                0x000071e8       0x18 C:\Users\SonVHc\Desktop\BkavDemo2022101115\01_SourceCode\Bkav_VC01\src\DSpotter\lib\libDSpotterLib2212_Official.a(Dsr012.o)
                0x000071e8                DSPTR_011007
 .text.DSPTR_011008
                0x00007200       0x20 C:\Users\SonVHc\Desktop\BkavDemo2022101115\01_SourceCode\Bkav_VC01\src\DSpotter\lib\libDSpotterLib2212_Official.a(Dsr012.o)
                0x00007200                DSPTR_011008
 .text.DSPTR_012000
                0x00007220      0x3a0 C:\Users\SonVHc\Desktop\BkavDemo2022101115\01_SourceCode\Bkav_VC01\src\DSpotter\lib\libDSpotterLib2212_Official.a(Dsr013.o)
                0x00007220                DSPTR_012000
 .text.DSPTR_012004
                0x000075c0       0x90 C:\Users\SonVHc\Desktop\BkavDemo2022101115\01_SourceCode\Bkav_VC01\src\DSpotter\lib\libDSpotterLib2212_Official.a(Dsr013.o)
                0x000075c0                DSPTR_012004
 .text.DSPTR_012005
                0x00007650       0x44 C:\Users\SonVHc\Desktop\BkavDemo2022101115\01_SourceCode\Bkav_VC01\src\DSpotter\lib\libDSpotterLib2212_Official.a(Dsr013.o)
                0x00007650                DSPTR_012005
 .text.DSPTR_012003
                0x00007694       0x40 C:\Users\SonVHc\Desktop\BkavDemo2022101115\01_SourceCode\Bkav_VC01\src\DSpotter\lib\libDSpotterLib2212_Official.a(Dsr013.o)
                0x00007694                DSPTR_012003
 .text.DSPTR_012006
                0x000076d4      0x100 C:\Users\SonVHc\Desktop\BkavDemo2022101115\01_SourceCode\Bkav_VC01\src\DSpotter\lib\libDSpotterLib2212_Official.a(Dsr013.o)
                0x000076d4                DSPTR_012006
 .text.DSPTR_012002
                0x000077d4       0x24 C:\Users\SonVHc\Desktop\BkavDemo2022101115\01_SourceCode\Bkav_VC01\src\DSpotter\lib\libDSpotterLib2212_Official.a(Dsr013.o)
                0x000077d4                DSPTR_012002
 .text.DSPTR_013002
                0x000077f8      0x150 C:\Users\SonVHc\Desktop\BkavDemo2022101115\01_SourceCode\Bkav_VC01\src\DSpotter\lib\libDSpotterLib2212_Official.a(Dsr014.o)
                0x000077f8                DSPTR_013002
 .text.DSPTR_013001
                0x00007948      0x20c C:\Users\SonVHc\Desktop\BkavDemo2022101115\01_SourceCode\Bkav_VC01\src\DSpotter\lib\libDSpotterLib2212_Official.a(Dsr014.o)
                0x00007948                DSPTR_013001
 .text.DSPTR_013000
                0x00007b54      0x1f4 C:\Users\SonVHc\Desktop\BkavDemo2022101115\01_SourceCode\Bkav_VC01\src\DSpotter\lib\libDSpotterLib2212_Official.a(Dsr014.o)
                0x00007b54                DSPTR_013000
 .text.DSPTR_014000
                0x00007d48       0x88 C:\Users\SonVHc\Desktop\BkavDemo2022101115\01_SourceCode\Bkav_VC01\src\DSpotter\lib\libDSpotterLib2212_Official.a(Dsr015.o)
                0x00007d48                DSPTR_014000
 .text.DSPTR_014003
                0x00007dd0       0x44 C:\Users\SonVHc\Desktop\BkavDemo2022101115\01_SourceCode\Bkav_VC01\src\DSpotter\lib\libDSpotterLib2212_Official.a(Dsr015.o)
                0x00007dd0                DSPTR_014003
 .text.DSPTR_014002
                0x00007e14       0x64 C:\Users\SonVHc\Desktop\BkavDemo2022101115\01_SourceCode\Bkav_VC01\src\DSpotter\lib\libDSpotterLib2212_Official.a(Dsr015.o)
                0x00007e14                DSPTR_014002
 .text.DSPTR_014004
                0x00007e78       0x1c C:\Users\SonVHc\Desktop\BkavDemo2022101115\01_SourceCode\Bkav_VC01\src\DSpotter\lib\libDSpotterLib2212_Official.a(Dsr015.o)
                0x00007e78                DSPTR_014004
 .text.DSPTR_015002
                0x00007e94        0x4 C:\Users\SonVHc\Desktop\BkavDemo2022101115\01_SourceCode\Bkav_VC01\src\DSpotter\lib\libDSpotterLib2212_Official.a(Dsr017.o)
                0x00007e94                DSPTR_015002
 .text.DSPTR_015005
                0x00007e98       0x30 C:\Users\SonVHc\Desktop\BkavDemo2022101115\01_SourceCode\Bkav_VC01\src\DSpotter\lib\libDSpotterLib2212_Official.a(Dsr017.o)
                0x00007e98                DSPTR_015005
 .text.DSPTR_015006
                0x00007ec8       0x8c C:\Users\SonVHc\Desktop\BkavDemo2022101115\01_SourceCode\Bkav_VC01\src\DSpotter\lib\libDSpotterLib2212_Official.a(Dsr017.o)
                0x00007ec8                DSPTR_015006
 .text.DSPTR_015001
                0x00007f54       0xb4 C:\Users\SonVHc\Desktop\BkavDemo2022101115\01_SourceCode\Bkav_VC01\src\DSpotter\lib\libDSpotterLib2212_Official.a(Dsr017.o)
                0x00007f54                DSPTR_015001
 .text.DSPTR_017009
                0x00008008       0x90 C:\Users\SonVHc\Desktop\BkavDemo2022101115\01_SourceCode\Bkav_VC01\src\DSpotter\lib\libDSpotterLib2212_Official.a(Dsr031.o)
                0x00008008                DSPTR_017009
 .text.DSPTR_017008
                0x00008098      0x4ec C:\Users\SonVHc\Desktop\BkavDemo2022101115\01_SourceCode\Bkav_VC01\src\DSpotter\lib\libDSpotterLib2212_Official.a(Dsr031.o)
                0x00008098                DSPTR_017008
 .text.DSPTR_017010
                0x00008584      0x228 C:\Users\SonVHc\Desktop\BkavDemo2022101115\01_SourceCode\Bkav_VC01\src\DSpotter\lib\libDSpotterLib2212_Official.a(Dsr031.o)
                0x00008584                DSPTR_017010
 .text.DSPTR_017000
                0x000087ac       0xe0 C:\Users\SonVHc\Desktop\BkavDemo2022101115\01_SourceCode\Bkav_VC01\src\DSpotter\lib\libDSpotterLib2212_Official.a(Dsr031.o)
                0x000087ac                DSPTR_017000
 .text.DSPTR_017003
                0x0000888c       0xf8 C:\Users\SonVHc\Desktop\BkavDemo2022101115\01_SourceCode\Bkav_VC01\src\DSpotter\lib\libDSpotterLib2212_Official.a(Dsr031.o)
                0x0000888c                DSPTR_017003
 .text.DSPTR_017013
                0x00008984       0x18 C:\Users\SonVHc\Desktop\BkavDemo2022101115\01_SourceCode\Bkav_VC01\src\DSpotter\lib\libDSpotterLib2212_Official.a(Dsr031.o)
                0x00008984                DSPTR_017013
 .text.DSPTR_017001
                0x0000899c       0x58 C:\Users\SonVHc\Desktop\BkavDemo2022101115\01_SourceCode\Bkav_VC01\src\DSpotter\lib\libDSpotterLib2212_Official.a(Dsr031.o)
                0x0000899c                DSPTR_017001
 .text.DSPTR_017006
                0x000089f4       0x48 C:\Users\SonVHc\Desktop\BkavDemo2022101115\01_SourceCode\Bkav_VC01\src\DSpotter\lib\libDSpotterLib2212_Official.a(Dsr031.o)
                0x000089f4                DSPTR_017006
 .text.DSPTR_017002
                0x00008a3c       0x20 C:\Users\SonVHc\Desktop\BkavDemo2022101115\01_SourceCode\Bkav_VC01\src\DSpotter\lib\libDSpotterLib2212_Official.a(Dsr031.o)
                0x00008a3c                DSPTR_017002
 .text.DSPTR_017022
                0x00008a5c       0x8c C:\Users\SonVHc\Desktop\BkavDemo2022101115\01_SourceCode\Bkav_VC01\src\DSpotter\lib\libDSpotterLib2212_Official.a(Dsr031.o)
                0x00008a5c                DSPTR_017022
 .text.DSPTR_017005
                0x00008ae8        0x8 C:\Users\SonVHc\Desktop\BkavDemo2022101115\01_SourceCode\Bkav_VC01\src\DSpotter\lib\libDSpotterLib2212_Official.a(Dsr031.o)
                0x00008ae8                DSPTR_017005
 .text.DSPTR_022059.isra.6
                0x00008af0      0x4fc C:\Users\SonVHc\Desktop\BkavDemo2022101115\01_SourceCode\Bkav_VC01\src\DSpotter\lib\libDSpotterLib2212_Official.a(Dsr050.o)
 .text.DSPTR_022058.isra.7
                0x00008fec      0x3f0 C:\Users\SonVHc\Desktop\BkavDemo2022101115\01_SourceCode\Bkav_VC01\src\DSpotter\lib\libDSpotterLib2212_Official.a(Dsr050.o)
 .text.DSPTR_021003
                0x000093dc      0xebc C:\Users\SonVHc\Desktop\BkavDemo2022101115\01_SourceCode\Bkav_VC01\src\DSpotter\lib\libDSpotterLib2212_Official.a(Dsr050.o)
 .text.DSPTR_021011
                0x0000a298       0x2c C:\Users\SonVHc\Desktop\BkavDemo2022101115\01_SourceCode\Bkav_VC01\src\DSpotter\lib\libDSpotterLib2212_Official.a(Dsr050.o)
 .text.DSPTR_022054
                0x0000a2c4       0xe8 C:\Users\SonVHc\Desktop\BkavDemo2022101115\01_SourceCode\Bkav_VC01\src\DSpotter\lib\libDSpotterLib2212_Official.a(Dsr050.o)
                0x0000a2c4                DSPTR_022054
 .text.DSPTR_022051
                0x0000a3ac      0x1cc C:\Users\SonVHc\Desktop\BkavDemo2022101115\01_SourceCode\Bkav_VC01\src\DSpotter\lib\libDSpotterLib2212_Official.a(Dsr050.o)
                0x0000a3ac                DSPTR_022051
 .text.DSPTR_022040
                0x0000a578       0x28 C:\Users\SonVHc\Desktop\BkavDemo2022101115\01_SourceCode\Bkav_VC01\src\DSpotter\lib\libDSpotterLib2212_Official.a(Dsr050.o)
                0x0000a578                DSPTR_022040
 .text.DSPTR_022036
                0x0000a5a0       0x14 C:\Users\SonVHc\Desktop\BkavDemo2022101115\01_SourceCode\Bkav_VC01\src\DSpotter\lib\libDSpotterLib2212_Official.a(Dsr050.o)
                0x0000a5a0                DSPTR_022036
 .text.DSPTR_022056
                0x0000a5b4      0x434 C:\Users\SonVHc\Desktop\BkavDemo2022101115\01_SourceCode\Bkav_VC01\src\DSpotter\lib\libDSpotterLib2212_Official.a(Dsr050.o)
                0x0000a5b4                DSPTR_022056
 .text.DSPTR_022028
                0x0000a9e8      0x3c0 C:\Users\SonVHc\Desktop\BkavDemo2022101115\01_SourceCode\Bkav_VC01\src\DSpotter\lib\libDSpotterLib2212_Official.a(Dsr050.o)
                0x0000a9e8                DSPTR_022028
 .text.DSPTR_022048
                0x0000ada8        0xc C:\Users\SonVHc\Desktop\BkavDemo2022101115\01_SourceCode\Bkav_VC01\src\DSpotter\lib\libDSpotterLib2212_Official.a(Dsr050.o)
                0x0000ada8                DSPTR_022048
 .text.DSPTR_022043
                0x0000adb4       0x10 C:\Users\SonVHc\Desktop\BkavDemo2022101115\01_SourceCode\Bkav_VC01\src\DSpotter\lib\libDSpotterLib2212_Official.a(Dsr050.o)
                0x0000adb4                DSPTR_022043
 .text.DSPTR_022045
                0x0000adc4       0x10 C:\Users\SonVHc\Desktop\BkavDemo2022101115\01_SourceCode\Bkav_VC01\src\DSpotter\lib\libDSpotterLib2212_Official.a(Dsr050.o)
                0x0000adc4                DSPTR_022045
 .text.DSPTR_022047
                0x0000add4       0xc0 C:\Users\SonVHc\Desktop\BkavDemo2022101115\01_SourceCode\Bkav_VC01\src\DSpotter\lib\libDSpotterLib2212_Official.a(Dsr050.o)
                0x0000add4                DSPTR_022047
 .text.DSPTR_022044
                0x0000ae94       0x3c C:\Users\SonVHc\Desktop\BkavDemo2022101115\01_SourceCode\Bkav_VC01\src\DSpotter\lib\libDSpotterLib2212_Official.a(Dsr050.o)
                0x0000ae94                DSPTR_022044
 .text.DSPTR_022029
                0x0000aed0       0x50 C:\Users\SonVHc\Desktop\BkavDemo2022101115\01_SourceCode\Bkav_VC01\src\DSpotter\lib\libDSpotterLib2212_Official.a(Dsr050.o)
                0x0000aed0                DSPTR_022029
 .text.DSPTR_002016
                0x0000af20       0x70 C:\Users\SonVHc\Desktop\BkavDemo2022101115\01_SourceCode\Bkav_VC01\src\DSpotter\lib\libDSpotterLib2212_Official.a(Dsr003.o)
                0x0000af20                DSPTR_002016
 .text.DSPTR_002008
                0x0000af90       0x60 C:\Users\SonVHc\Desktop\BkavDemo2022101115\01_SourceCode\Bkav_VC01\src\DSpotter\lib\libDSpotterLib2212_Official.a(Dsr003.o)
                0x0000af90                DSPTR_002008
 .text.DSPTR_004000
                0x0000aff0       0x60 C:\Users\SonVHc\Desktop\BkavDemo2022101115\01_SourceCode\Bkav_VC01\src\DSpotter\lib\libDSpotterLib2212_Official.a(Dsr005.o)
                0x0000aff0                DSPTR_004000
 .text.DSPTR_005016
                0x0000b050       0xa8 C:\Users\SonVHc\Desktop\BkavDemo2022101115\01_SourceCode\Bkav_VC01\src\DSpotter\lib\libDSpotterLib2212_Official.a(Dsr006.o)
 .text.DSPTR_005000
                0x0000b0f8      0x164 C:\Users\SonVHc\Desktop\BkavDemo2022101115\01_SourceCode\Bkav_VC01\src\DSpotter\lib\libDSpotterLib2212_Official.a(Dsr006.o)
                0x0000b0f8                DSPTR_005000
 .text.DSPTR_009000
                0x0000b25c       0x4c C:\Users\SonVHc\Desktop\BkavDemo2022101115\01_SourceCode\Bkav_VC01\src\DSpotter\lib\libDSpotterLib2212_Official.a(Dsr010.o)
                0x0000b25c                DSPTR_009000
 .text.DSPTR_016006
                0x0000b2a8      0x2f4 C:\Users\SonVHc\Desktop\BkavDemo2022101115\01_SourceCode\Bkav_VC01\src\DSpotter\lib\libDSpotterLib2212_Official.a(Dsr030.o)
                0x0000b2a8                DSPTR_016006
 .text.DSPTR_016010
                0x0000b59c       0x78 C:\Users\SonVHc\Desktop\BkavDemo2022101115\01_SourceCode\Bkav_VC01\src\DSpotter\lib\libDSpotterLib2212_Official.a(Dsr030.o)
                0x0000b59c                DSPTR_016010
 .text.DSPTR_016000
                0x0000b614      0x180 C:\Users\SonVHc\Desktop\BkavDemo2022101115\01_SourceCode\Bkav_VC01\src\DSpotter\lib\libDSpotterLib2212_Official.a(Dsr030.o)
                0x0000b614                DSPTR_016000
 .text.DSPTR_016002
                0x0000b794       0xb8 C:\Users\SonVHc\Desktop\BkavDemo2022101115\01_SourceCode\Bkav_VC01\src\DSpotter\lib\libDSpotterLib2212_Official.a(Dsr030.o)
                0x0000b794                DSPTR_016002
 .text.DSPTR_016008
                0x0000b84c       0x50 C:\Users\SonVHc\Desktop\BkavDemo2022101115\01_SourceCode\Bkav_VC01\src\DSpotter\lib\libDSpotterLib2212_Official.a(Dsr030.o)
                0x0000b84c                DSPTR_016008
 .text.DSPTR_016009
                0x0000b89c      0x13c C:\Users\SonVHc\Desktop\BkavDemo2022101115\01_SourceCode\Bkav_VC01\src\DSpotter\lib\libDSpotterLib2212_Official.a(Dsr030.o)
                0x0000b89c                DSPTR_016009
 .text.DSPTR_016005
                0x0000b9d8       0xac C:\Users\SonVHc\Desktop\BkavDemo2022101115\01_SourceCode\Bkav_VC01\src\DSpotter\lib\libDSpotterLib2212_Official.a(Dsr030.o)
                0x0000b9d8                DSPTR_016005
 .text.DSPTR_016004
                0x0000ba84      0x548 C:\Users\SonVHc\Desktop\BkavDemo2022101115\01_SourceCode\Bkav_VC01\src\DSpotter\lib\libDSpotterLib2212_Official.a(Dsr030.o)
                0x0000ba84                DSPTR_016004
 .text.DSPTR_023002
                0x0000bfcc       0x4c C:\Users\SonVHc\Desktop\BkavDemo2022101115\01_SourceCode\Bkav_VC01\src\DSpotter\lib\libDSpotterLib2212_Official.a(cyb_dot_prod.o)
                0x0000bfcc                DSPTR_023002
 .text.DSPTR_023004
                0x0000c018       0x50 C:\Users\SonVHc\Desktop\BkavDemo2022101115\01_SourceCode\Bkav_VC01\src\DSpotter\lib\libDSpotterLib2212_Official.a(cyb_dot_prod.o)
                0x0000c018                DSPTR_023004
 .text.SpeexDecoderInit
                0x0000c068       0xd8 C:\Users\SonVHc\Desktop\BkavDemo2022101115\01_SourceCode\Bkav_VC01\src\Speex\lib\libSpeexLib.a(SpeexDecodeApi.o)
                0x0000c068                SpeexDecoderInit
 .text.SpeexDecoderRelease
                0x0000c140       0x28 C:\Users\SonVHc\Desktop\BkavDemo2022101115\01_SourceCode\Bkav_VC01\src\Speex\lib\libSpeexLib.a(SpeexDecodeApi.o)
                0x0000c140                SpeexDecoderRelease
 .text.SpeexDecoderDo
                0x0000c168       0x78 C:\Users\SonVHc\Desktop\BkavDemo2022101115\01_SourceCode\Bkav_VC01\src\Speex\lib\libSpeexLib.a(SpeexDecodeApi.o)
                0x0000c168                SpeexDecoderDo
 .text.speex_bits_init
                0x0000c1e0       0x24 C:\Users\SonVHc\Desktop\BkavDemo2022101115\01_SourceCode\Bkav_VC01\src\Speex\lib\libSpeexLib.a(bits.o)
                0x0000c1e0                speex_bits_init
 .text.speex_bits_destroy
                0x0000c204        0xc C:\Users\SonVHc\Desktop\BkavDemo2022101115\01_SourceCode\Bkav_VC01\src\Speex\lib\libSpeexLib.a(bits.o)
                0x0000c204                speex_bits_destroy
 .text.speex_bits_reset
                0x0000c210       0x10 C:\Users\SonVHc\Desktop\BkavDemo2022101115\01_SourceCode\Bkav_VC01\src\Speex\lib\libSpeexLib.a(bits.o)
                0x0000c210                speex_bits_reset
 .text.speex_bits_read_from
                0x0000c220       0x58 C:\Users\SonVHc\Desktop\BkavDemo2022101115\01_SourceCode\Bkav_VC01\src\Speex\lib\libSpeexLib.a(bits.o)
                0x0000c220                speex_bits_read_from
 .text.speex_bits_pack
                0x0000c278       0x8c C:\Users\SonVHc\Desktop\BkavDemo2022101115\01_SourceCode\Bkav_VC01\src\Speex\lib\libSpeexLib.a(bits.o)
                0x0000c278                speex_bits_pack
 .text.speex_bits_unpack_unsigned
                0x0000c304       0x5c C:\Users\SonVHc\Desktop\BkavDemo2022101115\01_SourceCode\Bkav_VC01\src\Speex\lib\libSpeexLib.a(bits.o)
                0x0000c304                speex_bits_unpack_unsigned
 .text.speex_bits_peek
                0x0000c360       0x38 C:\Users\SonVHc\Desktop\BkavDemo2022101115\01_SourceCode\Bkav_VC01\src\Speex\lib\libSpeexLib.a(bits.o)
                0x0000c360                speex_bits_peek
 .text.speex_bits_advance
                0x0000c398       0x30 C:\Users\SonVHc\Desktop\BkavDemo2022101115\01_SourceCode\Bkav_VC01\src\Speex\lib\libSpeexLib.a(bits.o)
                0x0000c398                speex_bits_advance
 .text.speex_bits_remaining
                0x0000c3c8       0x18 C:\Users\SonVHc\Desktop\BkavDemo2022101115\01_SourceCode\Bkav_VC01\src\Speex\lib\libSpeexLib.a(bits.o)
                0x0000c3c8                speex_bits_remaining
 .text.wb_mode_query
                0x0000c3e0       0x40 C:\Users\SonVHc\Desktop\BkavDemo2022101115\01_SourceCode\Bkav_VC01\src\Speex\lib\libSpeexLib.a(modes_wb.o)
                0x0000c3e0                wb_mode_query
 .text.speex_lib_get_mode
                0x0000c420       0x14 C:\Users\SonVHc\Desktop\BkavDemo2022101115\01_SourceCode\Bkav_VC01\src\Speex\lib\libSpeexLib.a(modes_wb.o)
                0x0000c420                speex_lib_get_mode
 .text._speex_fatal.constprop.2
                0x0000c434       0x2c C:\Users\SonVHc\Desktop\BkavDemo2022101115\01_SourceCode\Bkav_VC01\src\Speex\lib\libSpeexLib.a(nb_celp.o)
 .text.nb_encoder_init
                0x0000c460      0x170 C:\Users\SonVHc\Desktop\BkavDemo2022101115\01_SourceCode\Bkav_VC01\src\Speex\lib\libSpeexLib.a(nb_celp.o)
                0x0000c460                nb_encoder_init
 .text.nb_encoder_destroy
                0x0000c5d0        0x4 C:\Users\SonVHc\Desktop\BkavDemo2022101115\01_SourceCode\Bkav_VC01\src\Speex\lib\libSpeexLib.a(nb_celp.o)
                0x0000c5d0                nb_encoder_destroy
 .text.nb_encoder_ctl
                0x0000c5d4      0x314 C:\Users\SonVHc\Desktop\BkavDemo2022101115\01_SourceCode\Bkav_VC01\src\Speex\lib\libSpeexLib.a(nb_celp.o)
                0x0000c5d4                nb_encoder_ctl
 .text.nb_encode
                0x0000c8e8     0x10b4 C:\Users\SonVHc\Desktop\BkavDemo2022101115\01_SourceCode\Bkav_VC01\src\Speex\lib\libSpeexLib.a(nb_celp.o)
                0x0000c8e8                nb_encode
 .text.nb_decoder_init
                0x0000d99c      0x158 C:\Users\SonVHc\Desktop\BkavDemo2022101115\01_SourceCode\Bkav_VC01\src\Speex\lib\libSpeexLib.a(nb_celp.o)
                0x0000d99c                nb_decoder_init
 .text.nb_decoder_destroy
                0x0000daf4        0x4 C:\Users\SonVHc\Desktop\BkavDemo2022101115\01_SourceCode\Bkav_VC01\src\Speex\lib\libSpeexLib.a(nb_celp.o)
                0x0000daf4                nb_decoder_destroy
 .text.nb_decoder_ctl
                0x0000daf8      0x1d0 C:\Users\SonVHc\Desktop\BkavDemo2022101115\01_SourceCode\Bkav_VC01\src\Speex\lib\libSpeexLib.a(nb_celp.o)
                0x0000daf8                nb_decoder_ctl
 .text.nb_decode
                0x0000dcc8      0xe1c C:\Users\SonVHc\Desktop\BkavDemo2022101115\01_SourceCode\Bkav_VC01\src\Speex\lib\libSpeexLib.a(nb_celp.o)
                0x0000dcc8                nb_decode
 .text.compute_quant_weights
                0x0000eae4       0x84 C:\Users\SonVHc\Desktop\BkavDemo2022101115\01_SourceCode\Bkav_VC01\src\Speex\lib\libSpeexLib.a(quant_lsp.o)
 .text.lsp_weight_quant.constprop.2
                0x0000eb68      0x164 C:\Users\SonVHc\Desktop\BkavDemo2022101115\01_SourceCode\Bkav_VC01\src\Speex\lib\libSpeexLib.a(quant_lsp.o)
 .text.lsp_weight_quant.constprop.3
                0x0000eccc      0x164 C:\Users\SonVHc\Desktop\BkavDemo2022101115\01_SourceCode\Bkav_VC01\src\Speex\lib\libSpeexLib.a(quant_lsp.o)
 .text.lsp_quant_nb
                0x0000ee30      0x580 C:\Users\SonVHc\Desktop\BkavDemo2022101115\01_SourceCode\Bkav_VC01\src\Speex\lib\libSpeexLib.a(quant_lsp.o)
                0x0000ee30                lsp_quant_nb
 .text.lsp_unquant_nb
                0x0000f3b0      0x1e8 C:\Users\SonVHc\Desktop\BkavDemo2022101115\01_SourceCode\Bkav_VC01\src\Speex\lib\libSpeexLib.a(quant_lsp.o)
                0x0000f3b0                lsp_unquant_nb
 .text.lsp_quant_lbr
                0x0000f598      0x28c C:\Users\SonVHc\Desktop\BkavDemo2022101115\01_SourceCode\Bkav_VC01\src\Speex\lib\libSpeexLib.a(quant_lsp.o)
                0x0000f598                lsp_quant_lbr
 .text.lsp_unquant_lbr
                0x0000f824      0x14c C:\Users\SonVHc\Desktop\BkavDemo2022101115\01_SourceCode\Bkav_VC01\src\Speex\lib\libSpeexLib.a(quant_lsp.o)
                0x0000f824                lsp_unquant_lbr
 .text.lsp_quant_high
                0x0000f970      0x2d8 C:\Users\SonVHc\Desktop\BkavDemo2022101115\01_SourceCode\Bkav_VC01\src\Speex\lib\libSpeexLib.a(quant_lsp.o)
                0x0000f970                lsp_quant_high
 .text.lsp_unquant_high
                0x0000fc48       0x88 C:\Users\SonVHc\Desktop\BkavDemo2022101115\01_SourceCode\Bkav_VC01\src\Speex\lib\libSpeexLib.a(quant_lsp.o)
                0x0000fc48                lsp_unquant_high
 .text.sb_decode_lost
                0x0000fcd0       0xec C:\Users\SonVHc\Desktop\BkavDemo2022101115\01_SourceCode\Bkav_VC01\src\Speex\lib\libSpeexLib.a(sb_celp.o)
 .text.sb_encoder_init
                0x0000fdbc      0x22c C:\Users\SonVHc\Desktop\BkavDemo2022101115\01_SourceCode\Bkav_VC01\src\Speex\lib\libSpeexLib.a(sb_celp.o)
                0x0000fdbc                sb_encoder_init
 .text.sb_encoder_destroy
                0x0000ffe8       0x50 C:\Users\SonVHc\Desktop\BkavDemo2022101115\01_SourceCode\Bkav_VC01\src\Speex\lib\libSpeexLib.a(sb_celp.o)
                0x0000ffe8                sb_encoder_destroy
 .text.sb_encoder_ctl
                0x00010038      0x368 C:\Users\SonVHc\Desktop\BkavDemo2022101115\01_SourceCode\Bkav_VC01\src\Speex\lib\libSpeexLib.a(sb_celp.o)
                0x00010038                sb_encoder_ctl
 .text.sb_encode
                0x000103a0      0xdfc C:\Users\SonVHc\Desktop\BkavDemo2022101115\01_SourceCode\Bkav_VC01\src\Speex\lib\libSpeexLib.a(sb_celp.o)
                0x000103a0                sb_encode
 .text.sb_decoder_init
                0x0001119c      0x1bc C:\Users\SonVHc\Desktop\BkavDemo2022101115\01_SourceCode\Bkav_VC01\src\Speex\lib\libSpeexLib.a(sb_celp.o)
                0x0001119c                sb_decoder_init
 .text.sb_decoder_destroy
                0x00011358       0x44 C:\Users\SonVHc\Desktop\BkavDemo2022101115\01_SourceCode\Bkav_VC01\src\Speex\lib\libSpeexLib.a(sb_celp.o)
                0x00011358                sb_decoder_destroy
 .text.sb_decoder_ctl
                0x0001139c      0x324 C:\Users\SonVHc\Desktop\BkavDemo2022101115\01_SourceCode\Bkav_VC01\src\Speex\lib\libSpeexLib.a(sb_celp.o)
                0x0001139c                sb_decoder_ctl
 .text.sb_decode
                0x000116c0      0x814 C:\Users\SonVHc\Desktop\BkavDemo2022101115\01_SourceCode\Bkav_VC01\src\Speex\lib\libSpeexLib.a(sb_celp.o)
                0x000116c0                sb_decode
 .text.speex_encoder_init
                0x00011ed4        0x4 C:\Users\SonVHc\Desktop\BkavDemo2022101115\01_SourceCode\Bkav_VC01\src\Speex\lib\libSpeexLib.a(speex.o)
                0x00011ed4                speex_encoder_init
 .text.speex_decoder_init
                0x00011ed8        0x4 C:\Users\SonVHc\Desktop\BkavDemo2022101115\01_SourceCode\Bkav_VC01\src\Speex\lib\libSpeexLib.a(speex.o)
                0x00011ed8                speex_decoder_init
 .text.speex_encoder_destroy
                0x00011edc        0x8 C:\Users\SonVHc\Desktop\BkavDemo2022101115\01_SourceCode\Bkav_VC01\src\Speex\lib\libSpeexLib.a(speex.o)
                0x00011edc                speex_encoder_destroy
 .text.speex_decoder_destroy
                0x00011ee4        0x8 C:\Users\SonVHc\Desktop\BkavDemo2022101115\01_SourceCode\Bkav_VC01\src\Speex\lib\libSpeexLib.a(speex.o)
                0x00011ee4                speex_decoder_destroy
 .text.speex_encode_native
                0x00011eec        0x8 C:\Users\SonVHc\Desktop\BkavDemo2022101115\01_SourceCode\Bkav_VC01\src\Speex\lib\libSpeexLib.a(speex.o)
                0x00011eec                speex_encode_native
 .text.speex_decode_native
                0x00011ef4        0x8 C:\Users\SonVHc\Desktop\BkavDemo2022101115\01_SourceCode\Bkav_VC01\src\Speex\lib\libSpeexLib.a(speex.o)
                0x00011ef4                speex_decode_native
 .text.speex_decode_int
                0x00011efc        0x8 C:\Users\SonVHc\Desktop\BkavDemo2022101115\01_SourceCode\Bkav_VC01\src\Speex\lib\libSpeexLib.a(speex.o)
                0x00011efc                speex_decode_int
 .text.speex_encoder_ctl
                0x00011f04        0x8 C:\Users\SonVHc\Desktop\BkavDemo2022101115\01_SourceCode\Bkav_VC01\src\Speex\lib\libSpeexLib.a(speex.o)
                0x00011f04                speex_encoder_ctl
 .text.speex_decoder_ctl
                0x00011f0c        0x8 C:\Users\SonVHc\Desktop\BkavDemo2022101115\01_SourceCode\Bkav_VC01\src\Speex\lib\libSpeexLib.a(speex.o)
                0x00011f0c                speex_decoder_ctl
 .text.nb_mode_query
                0x00011f14       0x3c C:\Users\SonVHc\Desktop\BkavDemo2022101115\01_SourceCode\Bkav_VC01\src\Speex\lib\libSpeexLib.a(speex.o)
                0x00011f14                nb_mode_query
 .text.scal_quant
                0x00011f50       0x40 C:\Users\SonVHc\Desktop\BkavDemo2022101115\01_SourceCode\Bkav_VC01\src\Speex\lib\libSpeexLib.a(vq.o)
                0x00011f50                scal_quant
 .text.scal_quant32
                0x00011f90       0x3c C:\Users\SonVHc\Desktop\BkavDemo2022101115\01_SourceCode\Bkav_VC01\src\Speex\lib\libSpeexLib.a(vq.o)
                0x00011f90                scal_quant32
 .text.vq_nbest
                0x00011fcc      0x150 C:\Users\SonVHc\Desktop\BkavDemo2022101115\01_SourceCode\Bkav_VC01\src\Speex\lib\libSpeexLib.a(vq.o)
                0x00011fcc                vq_nbest
 .text.vq_nbest_sign
                0x0001211c      0x1a8 C:\Users\SonVHc\Desktop\BkavDemo2022101115\01_SourceCode\Bkav_VC01\src\Speex\lib\libSpeexLib.a(vq.o)
                0x0001211c                vq_nbest_sign
 .text.R8Kto16K_Init
                0x000122c4       0x40 C:\Users\SonVHc\Desktop\BkavDemo2022101115\01_SourceCode\Bkav_VC01\src\Speex\lib\libSpeexLib.a(R8Kto16K.o)
                0x000122c4                R8Kto16K_Init
 .text.R8Kto16K_Release
                0x00012304       0x10 C:\Users\SonVHc\Desktop\BkavDemo2022101115\01_SourceCode\Bkav_VC01\src\Speex\lib\libSpeexLib.a(R8Kto16K.o)
                0x00012304                R8Kto16K_Release
 .text.R8Kto16K_Resample
                0x00012314      0x2fc C:\Users\SonVHc\Desktop\BkavDemo2022101115\01_SourceCode\Bkav_VC01\src\Speex\lib\libSpeexLib.a(R8Kto16K.o)
                0x00012314                R8Kto16K_Resample
 .text.compute_weighted_codebook.isra.0
                0x00012610       0xc8 C:\Users\SonVHc\Desktop\BkavDemo2022101115\01_SourceCode\Bkav_VC01\src\Speex\lib\libSpeexLib.a(cb_search.o)
 .text.split_cb_search_shape_sign_N1
                0x000126d8      0x570 C:\Users\SonVHc\Desktop\BkavDemo2022101115\01_SourceCode\Bkav_VC01\src\Speex\lib\libSpeexLib.a(cb_search.o)
 .text.split_cb_search_shape_sign
                0x00012c48      0xe20 C:\Users\SonVHc\Desktop\BkavDemo2022101115\01_SourceCode\Bkav_VC01\src\Speex\lib\libSpeexLib.a(cb_search.o)
                0x00012c48                split_cb_search_shape_sign
 .text.split_cb_shape_sign_unquant
                0x00013a68      0x124 C:\Users\SonVHc\Desktop\BkavDemo2022101115\01_SourceCode\Bkav_VC01\src\Speex\lib\libSpeexLib.a(cb_search.o)
                0x00013a68                split_cb_shape_sign_unquant
 .text.noise_codebook_quant
                0x00013b8c       0x64 C:\Users\SonVHc\Desktop\BkavDemo2022101115\01_SourceCode\Bkav_VC01\src\Speex\lib\libSpeexLib.a(cb_search.o)
                0x00013b8c                noise_codebook_quant
 .text.noise_codebook_unquant
                0x00013bf0       0x40 C:\Users\SonVHc\Desktop\BkavDemo2022101115\01_SourceCode\Bkav_VC01\src\Speex\lib\libSpeexLib.a(cb_search.o)
                0x00013bf0                noise_codebook_unquant
 .text.interp_pitch.constprop.0
                0x00013c30      0x3f0 C:\Users\SonVHc\Desktop\BkavDemo2022101115\01_SourceCode\Bkav_VC01\src\Speex\lib\libSpeexLib.a(filters.o)
 .text.bw_lpc   0x00014020       0x34 C:\Users\SonVHc\Desktop\BkavDemo2022101115\01_SourceCode\Bkav_VC01\src\Speex\lib\libSpeexLib.a(filters.o)
                0x00014020                bw_lpc
 .text.sanitize_values32
                0x00014054       0x30 C:\Users\SonVHc\Desktop\BkavDemo2022101115\01_SourceCode\Bkav_VC01\src\Speex\lib\libSpeexLib.a(filters.o)
                0x00014054                sanitize_values32
 .text.highpass
                0x00014084      0x100 C:\Users\SonVHc\Desktop\BkavDemo2022101115\01_SourceCode\Bkav_VC01\src\Speex\lib\libSpeexLib.a(filters.o)
                0x00014084                highpass
 .text.signal_mul
                0x00014184       0x38 C:\Users\SonVHc\Desktop\BkavDemo2022101115\01_SourceCode\Bkav_VC01\src\Speex\lib\libSpeexLib.a(filters.o)
                0x00014184                signal_mul
 .text.signal_div
                0x000141bc       0xbc C:\Users\SonVHc\Desktop\BkavDemo2022101115\01_SourceCode\Bkav_VC01\src\Speex\lib\libSpeexLib.a(filters.o)
                0x000141bc                signal_div
 .text.compute_rms
                0x00014278      0x120 C:\Users\SonVHc\Desktop\BkavDemo2022101115\01_SourceCode\Bkav_VC01\src\Speex\lib\libSpeexLib.a(filters.o)
                0x00014278                compute_rms
 .text.compute_rms16
                0x00014398      0x1e8 C:\Users\SonVHc\Desktop\BkavDemo2022101115\01_SourceCode\Bkav_VC01\src\Speex\lib\libSpeexLib.a(filters.o)
                0x00014398                compute_rms16
 .text.normalize16
                0x00014580       0x68 C:\Users\SonVHc\Desktop\BkavDemo2022101115\01_SourceCode\Bkav_VC01\src\Speex\lib\libSpeexLib.a(filters.o)
                0x00014580                normalize16
 .text.filter_mem16
                0x000145e8       0xd8 C:\Users\SonVHc\Desktop\BkavDemo2022101115\01_SourceCode\Bkav_VC01\src\Speex\lib\libSpeexLib.a(filters.o)
                0x000145e8                filter_mem16
 .text.iir_mem16
                0x000146c0       0xac C:\Users\SonVHc\Desktop\BkavDemo2022101115\01_SourceCode\Bkav_VC01\src\Speex\lib\libSpeexLib.a(filters.o)
                0x000146c0                iir_mem16
 .text.fir_mem16
                0x0001476c       0x9c C:\Users\SonVHc\Desktop\BkavDemo2022101115\01_SourceCode\Bkav_VC01\src\Speex\lib\libSpeexLib.a(filters.o)
                0x0001476c                fir_mem16
 .text.syn_percep_zero16
                0x00014808      0x1b0 C:\Users\SonVHc\Desktop\BkavDemo2022101115\01_SourceCode\Bkav_VC01\src\Speex\lib\libSpeexLib.a(filters.o)
                0x00014808                syn_percep_zero16
 .text.residue_percep_zero16
                0x000149b8      0x19c C:\Users\SonVHc\Desktop\BkavDemo2022101115\01_SourceCode\Bkav_VC01\src\Speex\lib\libSpeexLib.a(filters.o)
                0x000149b8                residue_percep_zero16
 .text.compute_impulse_response
                0x00014b54      0x1a4 C:\Users\SonVHc\Desktop\BkavDemo2022101115\01_SourceCode\Bkav_VC01\src\Speex\lib\libSpeexLib.a(filters.o)
                0x00014b54                compute_impulse_response
 .text.qmf_decomp
                0x00014cf8      0x1b4 C:\Users\SonVHc\Desktop\BkavDemo2022101115\01_SourceCode\Bkav_VC01\src\Speex\lib\libSpeexLib.a(filters.o)
                0x00014cf8                qmf_decomp
 .text.qmf_synth
                0x00014eac      0x390 C:\Users\SonVHc\Desktop\BkavDemo2022101115\01_SourceCode\Bkav_VC01\src\Speex\lib\libSpeexLib.a(filters.o)
                0x00014eac                qmf_synth
 .text.multicomb
                0x0001523c      0x4b0 C:\Users\SonVHc\Desktop\BkavDemo2022101115\01_SourceCode\Bkav_VC01\src\Speex\lib\libSpeexLib.a(filters.o)
                0x0001523c                multicomb
 .text._spx_lpc
                0x000156ec       0xf4 C:\Users\SonVHc\Desktop\BkavDemo2022101115\01_SourceCode\Bkav_VC01\src\Speex\lib\libSpeexLib.a(lpc.o)
                0x000156ec                _spx_lpc
 .text._spx_autocorr
                0x000157e0      0x298 C:\Users\SonVHc\Desktop\BkavDemo2022101115\01_SourceCode\Bkav_VC01\src\Speex\lib\libSpeexLib.a(lpc.o)
                0x000157e0                _spx_autocorr
 .text.lpc_to_lsp
                0x00015a78      0x434 C:\Users\SonVHc\Desktop\BkavDemo2022101115\01_SourceCode\Bkav_VC01\src\Speex\lib\libSpeexLib.a(lsp.o)
                0x00015a78                lpc_to_lsp
 .text.lsp_to_lpc
                0x00015eac      0x35c C:\Users\SonVHc\Desktop\BkavDemo2022101115\01_SourceCode\Bkav_VC01\src\Speex\lib\libSpeexLib.a(lsp.o)
                0x00015eac                lsp_to_lpc
 .text.lsp_interpolate
                0x00016208       0xb8 C:\Users\SonVHc\Desktop\BkavDemo2022101115\01_SourceCode\Bkav_VC01\src\Speex\lib\libSpeexLib.a(lsp.o)
                0x00016208                lsp_interpolate
 .text.open_loop_nbest_pitch.constprop.2
                0x000162c0      0x460 C:\Users\SonVHc\Desktop\BkavDemo2022101115\01_SourceCode\Bkav_VC01\src\Speex\lib\libSpeexLib.a(ltp.o)
 .text.pitch_gain_search_3tap.isra.1
                0x00016720      0x7d4 C:\Users\SonVHc\Desktop\BkavDemo2022101115\01_SourceCode\Bkav_VC01\src\Speex\lib\libSpeexLib.a(ltp.o)
 .text.inner_prod
                0x00016ef4       0x5c C:\Users\SonVHc\Desktop\BkavDemo2022101115\01_SourceCode\Bkav_VC01\src\Speex\lib\libSpeexLib.a(ltp.o)
                0x00016ef4                inner_prod
 .text.open_loop_nbest_pitch
                0x00016f50      0x630 C:\Users\SonVHc\Desktop\BkavDemo2022101115\01_SourceCode\Bkav_VC01\src\Speex\lib\libSpeexLib.a(ltp.o)
                0x00016f50                open_loop_nbest_pitch
 .text.pitch_search_3tap
                0x00017580      0x2e0 C:\Users\SonVHc\Desktop\BkavDemo2022101115\01_SourceCode\Bkav_VC01\src\Speex\lib\libSpeexLib.a(ltp.o)
                0x00017580                pitch_search_3tap
 .text.pitch_unquant_3tap
                0x00017860      0x1bc C:\Users\SonVHc\Desktop\BkavDemo2022101115\01_SourceCode\Bkav_VC01\src\Speex\lib\libSpeexLib.a(ltp.o)
                0x00017860                pitch_unquant_3tap
 .text.forced_pitch_quant
                0x00017a1c      0x150 C:\Users\SonVHc\Desktop\BkavDemo2022101115\01_SourceCode\Bkav_VC01\src\Speex\lib\libSpeexLib.a(ltp.o)
                0x00017a1c                forced_pitch_quant
 .text.forced_pitch_unquant
                0x00017b6c       0x5c C:\Users\SonVHc\Desktop\BkavDemo2022101115\01_SourceCode\Bkav_VC01\src\Speex\lib\libSpeexLib.a(ltp.o)
                0x00017b6c                forced_pitch_unquant
 .text          0x00017bc8       0xa0 c:/users/sonvhc/appdata/local/programs/renesas/ra/e2studio_v2021-01_fsp_v2.3.0/toolchains/gcc_arm/9_2019q4/bin/../lib/gcc/arm-none-eabi/9.2.1/thumb/v7e-m+fp/hard\libgcc.a(_aeabi_ldivmod.o)
                0x00017bc8                __aeabi_ldivmod
 .text          0x00017c68      0x2c4 c:/users/sonvhc/appdata/local/programs/renesas/ra/e2studio_v2021-01_fsp_v2.3.0/toolchains/gcc_arm/9_2019q4/bin/../lib/gcc/arm-none-eabi/9.2.1/thumb/v7e-m+fp/hard\libgcc.a(_udivmoddi4.o)
                0x00017c68                __udivmoddi4
 .text          0x00017f2c        0x4 c:/users/sonvhc/appdata/local/programs/renesas/ra/e2studio_v2021-01_fsp_v2.3.0/toolchains/gcc_arm/9_2019q4/bin/../lib/gcc/arm-none-eabi/9.2.1/thumb/v7e-m+fp/hard\libgcc.a(_dvmd_tls.o)
                0x00017f2c                __aeabi_idiv0
                0x00017f2c                __aeabi_ldiv0
 .text.atoi     0x00017f30        0x8 c:/users/sonvhc/appdata/local/programs/renesas/ra/e2studio_v2021-01_fsp_v2.3.0/toolchains/gcc_arm/9_2019q4/bin/../lib/gcc/arm-none-eabi/9.2.1/../../../../arm-none-eabi/lib/thumb/v7e-m+fp/hard\libg_nano.a(lib_a-atoi.o)
                0x00017f30                atoi
 .text.calloc   0x00017f38       0x10 c:/users/sonvhc/appdata/local/programs/renesas/ra/e2studio_v2021-01_fsp_v2.3.0/toolchains/gcc_arm/9_2019q4/bin/../lib/gcc/arm-none-eabi/9.2.1/../../../../arm-none-eabi/lib/thumb/v7e-m+fp/hard\libg_nano.a(lib_a-calloc.o)
                0x00017f38                calloc
 .text.__errno  0x00017f48        0xc c:/users/sonvhc/appdata/local/programs/renesas/ra/e2studio_v2021-01_fsp_v2.3.0/toolchains/gcc_arm/9_2019q4/bin/../lib/gcc/arm-none-eabi/9.2.1/../../../../arm-none-eabi/lib/thumb/v7e-m+fp/hard\libg_nano.a(lib_a-errno.o)
                0x00017f48                __errno
 .text.exit     0x00017f54       0x28 c:/users/sonvhc/appdata/local/programs/renesas/ra/e2studio_v2021-01_fsp_v2.3.0/toolchains/gcc_arm/9_2019q4/bin/../lib/gcc/arm-none-eabi/9.2.1/../../../../arm-none-eabi/lib/thumb/v7e-m+fp/hard\libg_nano.a(lib_a-exit.o)
                0x00017f54                exit
 .text.fprintf  0x00017f7c       0x24 c:/users/sonvhc/appdata/local/programs/renesas/ra/e2studio_v2021-01_fsp_v2.3.0/toolchains/gcc_arm/9_2019q4/bin/../lib/gcc/arm-none-eabi/9.2.1/../../../../arm-none-eabi/lib/thumb/v7e-m+fp/hard\libg_nano.a(lib_a-fprintf.o)
                0x00017f7c                fiprintf
                0x00017f7c                fprintf
 .text.malloc   0x00017fa0       0x10 c:/users/sonvhc/appdata/local/programs/renesas/ra/e2studio_v2021-01_fsp_v2.3.0/toolchains/gcc_arm/9_2019q4/bin/../lib/gcc/arm-none-eabi/9.2.1/../../../../arm-none-eabi/lib/thumb/v7e-m+fp/hard\libg_nano.a(lib_a-malloc.o)
                0x00017fa0                malloc
 .text.free     0x00017fb0       0x10 c:/users/sonvhc/appdata/local/programs/renesas/ra/e2studio_v2021-01_fsp_v2.3.0/toolchains/gcc_arm/9_2019q4/bin/../lib/gcc/arm-none-eabi/9.2.1/../../../../arm-none-eabi/lib/thumb/v7e-m+fp/hard\libg_nano.a(lib_a-malloc.o)
                0x00017fb0                free
 .text.memcmp   0x00017fc0       0x1c c:/users/sonvhc/appdata/local/programs/renesas/ra/e2studio_v2021-01_fsp_v2.3.0/toolchains/gcc_arm/9_2019q4/bin/../lib/gcc/arm-none-eabi/9.2.1/../../../../arm-none-eabi/lib/thumb/v7e-m+fp/hard\libg_nano.a(lib_a-memcmp.o)
                0x00017fc0                memcmp
 .text.memcpy   0x00017fdc       0x1c c:/users/sonvhc/appdata/local/programs/renesas/ra/e2studio_v2021-01_fsp_v2.3.0/toolchains/gcc_arm/9_2019q4/bin/../lib/gcc/arm-none-eabi/9.2.1/../../../../arm-none-eabi/lib/thumb/v7e-m+fp/hard\libg_nano.a(lib_a-memcpy-stub.o)
                0x00017fdc                memcpy
 .text.memmove  0x00017ff8       0x34 c:/users/sonvhc/appdata/local/programs/renesas/ra/e2studio_v2021-01_fsp_v2.3.0/toolchains/gcc_arm/9_2019q4/bin/../lib/gcc/arm-none-eabi/9.2.1/../../../../arm-none-eabi/lib/thumb/v7e-m+fp/hard\libg_nano.a(lib_a-memmove.o)
                0x00017ff8                memmove
 .text.memset   0x0001802c       0x10 c:/users/sonvhc/appdata/local/programs/renesas/ra/e2studio_v2021-01_fsp_v2.3.0/toolchains/gcc_arm/9_2019q4/bin/../lib/gcc/arm-none-eabi/9.2.1/../../../../arm-none-eabi/lib/thumb/v7e-m+fp/hard\libg_nano.a(lib_a-memset.o)
                0x0001802c                memset
 .text._calloc_r
                0x0001803c       0x1e c:/users/sonvhc/appdata/local/programs/renesas/ra/e2studio_v2021-01_fsp_v2.3.0/toolchains/gcc_arm/9_2019q4/bin/../lib/gcc/arm-none-eabi/9.2.1/../../../../arm-none-eabi/lib/thumb/v7e-m+fp/hard\libg_nano.a(lib_a-nano-callocr.o)
                0x0001803c                _calloc_r
 *fill*         0x0001805a        0x2 ff
 .text._free_r  0x0001805c       0xa0 c:/users/sonvhc/appdata/local/programs/renesas/ra/e2studio_v2021-01_fsp_v2.3.0/toolchains/gcc_arm/9_2019q4/bin/../lib/gcc/arm-none-eabi/9.2.1/../../../../arm-none-eabi/lib/thumb/v7e-m+fp/hard\libg_nano.a(lib_a-nano-freer.o)
                0x0001805c                _free_r
 .text._malloc_r
                0x000180fc       0xb4 c:/users/sonvhc/appdata/local/programs/renesas/ra/e2studio_v2021-01_fsp_v2.3.0/toolchains/gcc_arm/9_2019q4/bin/../lib/gcc/arm-none-eabi/9.2.1/../../../../arm-none-eabi/lib/thumb/v7e-m+fp/hard\libg_nano.a(lib_a-nano-mallocr.o)
                0x000180fc                _malloc_r
 .text.__sfputc_r
                0x000181b0       0x2e c:/users/sonvhc/appdata/local/programs/renesas/ra/e2studio_v2021-01_fsp_v2.3.0/toolchains/gcc_arm/9_2019q4/bin/../lib/gcc/arm-none-eabi/9.2.1/../../../../arm-none-eabi/lib/thumb/v7e-m+fp/hard\libg_nano.a(lib_a-nano-vfprintf.o)
 .text.__sfputs_r
                0x000181de       0x24 c:/users/sonvhc/appdata/local/programs/renesas/ra/e2studio_v2021-01_fsp_v2.3.0/toolchains/gcc_arm/9_2019q4/bin/../lib/gcc/arm-none-eabi/9.2.1/../../../../arm-none-eabi/lib/thumb/v7e-m+fp/hard\libg_nano.a(lib_a-nano-vfprintf.o)
                0x000181de                __sfputs_r
 *fill*         0x00018202        0x2 ff
 .text._vfprintf_r
                0x00018204      0x260 c:/users/sonvhc/appdata/local/programs/renesas/ra/e2studio_v2021-01_fsp_v2.3.0/toolchains/gcc_arm/9_2019q4/bin/../lib/gcc/arm-none-eabi/9.2.1/../../../../arm-none-eabi/lib/thumb/v7e-m+fp/hard\libg_nano.a(lib_a-nano-vfprintf.o)
                0x00018204                _vfprintf_r
                0x00018204                _vfiprintf_r
 .text._printf_common
                0x00018464       0xda c:/users/sonvhc/appdata/local/programs/renesas/ra/e2studio_v2021-01_fsp_v2.3.0/toolchains/gcc_arm/9_2019q4/bin/../lib/gcc/arm-none-eabi/9.2.1/../../../../arm-none-eabi/lib/thumb/v7e-m+fp/hard\libg_nano.a(lib_a-nano-vfprintf_i.o)
                0x00018464                _printf_common
 *fill*         0x0001853e        0x2 ff
 .text._printf_i
                0x00018540      0x24c c:/users/sonvhc/appdata/local/programs/renesas/ra/e2studio_v2021-01_fsp_v2.3.0/toolchains/gcc_arm/9_2019q4/bin/../lib/gcc/arm-none-eabi/9.2.1/../../../../arm-none-eabi/lib/thumb/v7e-m+fp/hard\libg_nano.a(lib_a-nano-vfprintf_i.o)
                0x00018540                _printf_i
 .text.srand    0x0001878c       0x48 c:/users/sonvhc/appdata/local/programs/renesas/ra/e2studio_v2021-01_fsp_v2.3.0/toolchains/gcc_arm/9_2019q4/bin/../lib/gcc/arm-none-eabi/9.2.1/../../../../arm-none-eabi/lib/thumb/v7e-m+fp/hard\libg_nano.a(lib_a-rand.o)
                0x0001878c                srand
 .text.rand     0x000187d4       0x68 c:/users/sonvhc/appdata/local/programs/renesas/ra/e2studio_v2021-01_fsp_v2.3.0/toolchains/gcc_arm/9_2019q4/bin/../lib/gcc/arm-none-eabi/9.2.1/../../../../arm-none-eabi/lib/thumb/v7e-m+fp/hard\libg_nano.a(lib_a-rand.o)
                0x000187d4                rand
 .text.realloc  0x0001883c       0x10 c:/users/sonvhc/appdata/local/programs/renesas/ra/e2studio_v2021-01_fsp_v2.3.0/toolchains/gcc_arm/9_2019q4/bin/../lib/gcc/arm-none-eabi/9.2.1/../../../../arm-none-eabi/lib/thumb/v7e-m+fp/hard\libg_nano.a(lib_a-realloc.o)
                0x0001883c                realloc
 .text._sbrk_r  0x0001884c       0x20 c:/users/sonvhc/appdata/local/programs/renesas/ra/e2studio_v2021-01_fsp_v2.3.0/toolchains/gcc_arm/9_2019q4/bin/../lib/gcc/arm-none-eabi/9.2.1/../../../../arm-none-eabi/lib/thumb/v7e-m+fp/hard\libg_nano.a(lib_a-sbrkr.o)
                0x0001884c                _sbrk_r
 .text.snprintf
                0x0001886c       0x68 c:/users/sonvhc/appdata/local/programs/renesas/ra/e2studio_v2021-01_fsp_v2.3.0/toolchains/gcc_arm/9_2019q4/bin/../lib/gcc/arm-none-eabi/9.2.1/../../../../arm-none-eabi/lib/thumb/v7e-m+fp/hard\libg_nano.a(lib_a-snprintf.o)
                0x0001886c                sniprintf
                0x0001886c                snprintf
 .text.strchr   0x000188d4       0x1a c:/users/sonvhc/appdata/local/programs/renesas/ra/e2studio_v2021-01_fsp_v2.3.0/toolchains/gcc_arm/9_2019q4/bin/../lib/gcc/arm-none-eabi/9.2.1/../../../../arm-none-eabi/lib/thumb/v7e-m+fp/hard\libg_nano.a(lib_a-strchr.o)
                0x000188d4                strchr
 .text          0x000188ee       0x14 c:/users/sonvhc/appdata/local/programs/renesas/ra/e2studio_v2021-01_fsp_v2.3.0/toolchains/gcc_arm/9_2019q4/bin/../lib/gcc/arm-none-eabi/9.2.1/../../../../arm-none-eabi/lib/thumb/v7e-m+fp/hard\libg_nano.a(lib_a-strcmp.o)
                0x000188ee                strcmp
 .text          0x00018902       0x10 c:/users/sonvhc/appdata/local/programs/renesas/ra/e2studio_v2021-01_fsp_v2.3.0/toolchains/gcc_arm/9_2019q4/bin/../lib/gcc/arm-none-eabi/9.2.1/../../../../arm-none-eabi/lib/thumb/v7e-m+fp/hard\libg_nano.a(lib_a-strlen.o)
                0x00018902                strlen
 .text.strstr   0x00018912       0x2e c:/users/sonvhc/appdata/local/programs/renesas/ra/e2studio_v2021-01_fsp_v2.3.0/toolchains/gcc_arm/9_2019q4/bin/../lib/gcc/arm-none-eabi/9.2.1/../../../../arm-none-eabi/lib/thumb/v7e-m+fp/hard\libg_nano.a(lib_a-strstr.o)
                0x00018912                strstr
 .text._strtol_l.isra.0
                0x00018940       0xf4 c:/users/sonvhc/appdata/local/programs/renesas/ra/e2studio_v2021-01_fsp_v2.3.0/toolchains/gcc_arm/9_2019q4/bin/../lib/gcc/arm-none-eabi/9.2.1/../../../../arm-none-eabi/lib/thumb/v7e-m+fp/hard\libg_nano.a(lib_a-strtol.o)
 .text.strtol   0x00018a34       0x14 c:/users/sonvhc/appdata/local/programs/renesas/ra/e2studio_v2021-01_fsp_v2.3.0/toolchains/gcc_arm/9_2019q4/bin/../lib/gcc/arm-none-eabi/9.2.1/../../../../arm-none-eabi/lib/thumb/v7e-m+fp/hard\libg_nano.a(lib_a-strtol.o)
                0x00018a34                strtol
 .text._strtoul_l.isra.0
                0x00018a48       0xf8 c:/users/sonvhc/appdata/local/programs/renesas/ra/e2studio_v2021-01_fsp_v2.3.0/toolchains/gcc_arm/9_2019q4/bin/../lib/gcc/arm-none-eabi/9.2.1/../../../../arm-none-eabi/lib/thumb/v7e-m+fp/hard\libg_nano.a(lib_a-strtoul.o)
 .text.strtoul  0x00018b40       0x14 c:/users/sonvhc/appdata/local/programs/renesas/ra/e2studio_v2021-01_fsp_v2.3.0/toolchains/gcc_arm/9_2019q4/bin/../lib/gcc/arm-none-eabi/9.2.1/../../../../arm-none-eabi/lib/thumb/v7e-m+fp/hard\libg_nano.a(lib_a-strtoul.o)
                0x00018b40                strtoul
 .text._vsnprintf_r
                0x00018b54       0x58 c:/users/sonvhc/appdata/local/programs/renesas/ra/e2studio_v2021-01_fsp_v2.3.0/toolchains/gcc_arm/9_2019q4/bin/../lib/gcc/arm-none-eabi/9.2.1/../../../../arm-none-eabi/lib/thumb/v7e-m+fp/hard\libg_nano.a(lib_a-vsnprintf.o)
                0x00018b54                _vsniprintf_r
                0x00018b54                _vsnprintf_r
 .text.vsnprintf
                0x00018bac       0x1c c:/users/sonvhc/appdata/local/programs/renesas/ra/e2studio_v2021-01_fsp_v2.3.0/toolchains/gcc_arm/9_2019q4/bin/../lib/gcc/arm-none-eabi/9.2.1/../../../../arm-none-eabi/lib/thumb/v7e-m+fp/hard\libg_nano.a(lib_a-vsnprintf.o)
                0x00018bac                vsniprintf
                0x00018bac                vsnprintf
 .text.__swbuf_r
                0x00018bc8       0xa4 c:/users/sonvhc/appdata/local/programs/renesas/ra/e2studio_v2021-01_fsp_v2.3.0/toolchains/gcc_arm/9_2019q4/bin/../lib/gcc/arm-none-eabi/9.2.1/../../../../arm-none-eabi/lib/thumb/v7e-m+fp/hard\libg_nano.a(lib_a-wbuf.o)
                0x00018bc8                __swbuf_r
 .text.__swsetup_r
                0x00018c6c       0xdc c:/users/sonvhc/appdata/local/programs/renesas/ra/e2studio_v2021-01_fsp_v2.3.0/toolchains/gcc_arm/9_2019q4/bin/../lib/gcc/arm-none-eabi/9.2.1/../../../../arm-none-eabi/lib/thumb/v7e-m+fp/hard\libg_nano.a(lib_a-wsetup.o)
                0x00018c6c                __swsetup_r
 .text.__sflush_r
                0x00018d48      0x10c c:/users/sonvhc/appdata/local/programs/renesas/ra/e2studio_v2021-01_fsp_v2.3.0/toolchains/gcc_arm/9_2019q4/bin/../lib/gcc/arm-none-eabi/9.2.1/../../../../arm-none-eabi/lib/thumb/v7e-m+fp/hard\libg_nano.a(lib_a-fflush.o)
                0x00018d48                __sflush_r
 .text._fflush_r
                0x00018e54       0x78 c:/users/sonvhc/appdata/local/programs/renesas/ra/e2studio_v2021-01_fsp_v2.3.0/toolchains/gcc_arm/9_2019q4/bin/../lib/gcc/arm-none-eabi/9.2.1/../../../../arm-none-eabi/lib/thumb/v7e-m+fp/hard\libg_nano.a(lib_a-fflush.o)
                0x00018e54                _fflush_r
 .text.std      0x00018ecc       0x48 c:/users/sonvhc/appdata/local/programs/renesas/ra/e2studio_v2021-01_fsp_v2.3.0/toolchains/gcc_arm/9_2019q4/bin/../lib/gcc/arm-none-eabi/9.2.1/../../../../arm-none-eabi/lib/thumb/v7e-m+fp/hard\libg_nano.a(lib_a-findfp.o)
 .text._cleanup_r
                0x00018f14        0xc c:/users/sonvhc/appdata/local/programs/renesas/ra/e2studio_v2021-01_fsp_v2.3.0/toolchains/gcc_arm/9_2019q4/bin/../lib/gcc/arm-none-eabi/9.2.1/../../../../arm-none-eabi/lib/thumb/v7e-m+fp/hard\libg_nano.a(lib_a-findfp.o)
                0x00018f14                _cleanup_r
 .text.__sfmoreglue
                0x00018f20       0x2c c:/users/sonvhc/appdata/local/programs/renesas/ra/e2studio_v2021-01_fsp_v2.3.0/toolchains/gcc_arm/9_2019q4/bin/../lib/gcc/arm-none-eabi/9.2.1/../../../../arm-none-eabi/lib/thumb/v7e-m+fp/hard\libg_nano.a(lib_a-findfp.o)
                0x00018f20                __sfmoreglue
 .text.__sfp_lock_acquire
                0x00018f4c        0xc c:/users/sonvhc/appdata/local/programs/renesas/ra/e2studio_v2021-01_fsp_v2.3.0/toolchains/gcc_arm/9_2019q4/bin/../lib/gcc/arm-none-eabi/9.2.1/../../../../arm-none-eabi/lib/thumb/v7e-m+fp/hard\libg_nano.a(lib_a-findfp.o)
                0x00018f4c                __sfp_lock_acquire
 .text.__sfp_lock_release
                0x00018f58        0xc c:/users/sonvhc/appdata/local/programs/renesas/ra/e2studio_v2021-01_fsp_v2.3.0/toolchains/gcc_arm/9_2019q4/bin/../lib/gcc/arm-none-eabi/9.2.1/../../../../arm-none-eabi/lib/thumb/v7e-m+fp/hard\libg_nano.a(lib_a-findfp.o)
                0x00018f58                __sfp_lock_release
 .text.__sinit_lock_acquire
                0x00018f64        0xc c:/users/sonvhc/appdata/local/programs/renesas/ra/e2studio_v2021-01_fsp_v2.3.0/toolchains/gcc_arm/9_2019q4/bin/../lib/gcc/arm-none-eabi/9.2.1/../../../../arm-none-eabi/lib/thumb/v7e-m+fp/hard\libg_nano.a(lib_a-findfp.o)
                0x00018f64                __sinit_lock_acquire
 .text.__sinit_lock_release
                0x00018f70        0xc c:/users/sonvhc/appdata/local/programs/renesas/ra/e2studio_v2021-01_fsp_v2.3.0/toolchains/gcc_arm/9_2019q4/bin/../lib/gcc/arm-none-eabi/9.2.1/../../../../arm-none-eabi/lib/thumb/v7e-m+fp/hard\libg_nano.a(lib_a-findfp.o)
                0x00018f70                __sinit_lock_release
 .text.__sinit  0x00018f7c       0x70 c:/users/sonvhc/appdata/local/programs/renesas/ra/e2studio_v2021-01_fsp_v2.3.0/toolchains/gcc_arm/9_2019q4/bin/../lib/gcc/arm-none-eabi/9.2.1/../../../../arm-none-eabi/lib/thumb/v7e-m+fp/hard\libg_nano.a(lib_a-findfp.o)
                0x00018f7c                __sinit
 .text.__sfp    0x00018fec       0x8c c:/users/sonvhc/appdata/local/programs/renesas/ra/e2studio_v2021-01_fsp_v2.3.0/toolchains/gcc_arm/9_2019q4/bin/../lib/gcc/arm-none-eabi/9.2.1/../../../../arm-none-eabi/lib/thumb/v7e-m+fp/hard\libg_nano.a(lib_a-findfp.o)
                0x00018fec                __sfp
 .text._fwalk_reent
                0x00019078       0x3e c:/users/sonvhc/appdata/local/programs/renesas/ra/e2studio_v2021-01_fsp_v2.3.0/toolchains/gcc_arm/9_2019q4/bin/../lib/gcc/arm-none-eabi/9.2.1/../../../../arm-none-eabi/lib/thumb/v7e-m+fp/hard\libg_nano.a(lib_a-fwalk.o)
                0x00019078                _fwalk_reent
 .text.__retarget_lock_init_recursive
                0x000190b6        0x2 c:/users/sonvhc/appdata/local/programs/renesas/ra/e2studio_v2021-01_fsp_v2.3.0/toolchains/gcc_arm/9_2019q4/bin/../lib/gcc/arm-none-eabi/9.2.1/../../../../arm-none-eabi/lib/thumb/v7e-m+fp/hard\libg_nano.a(lib_a-lock.o)
                0x000190b6                __retarget_lock_init_recursive
 .text.__retarget_lock_acquire_recursive
                0x000190b8        0x2 c:/users/sonvhc/appdata/local/programs/renesas/ra/e2studio_v2021-01_fsp_v2.3.0/toolchains/gcc_arm/9_2019q4/bin/../lib/gcc/arm-none-eabi/9.2.1/../../../../arm-none-eabi/lib/thumb/v7e-m+fp/hard\libg_nano.a(lib_a-lock.o)
                0x000190b8                __retarget_lock_acquire_recursive
 .text.__retarget_lock_release_recursive